Archive member included because of file (symbol)

contiki-sky.a(rimeaddr.o)     obj_sky/contiki-sky-main.o (rimeaddr_copy)
contiki-sky.a(csma.o)         border-router-simoni.co (csma_driver)
contiki-sky.a(contikimac.o)   obj_sky/contiki-sky-main.o (contikimac_driver)
contiki-sky.a(phase.o)        contiki-sky.a(contikimac.o) (phase_update)
contiki-sky.a(rpl-dag.o)      border-router-simoni.co (rpl_set_prefix)
contiki-sky.a(rpl-icmp6.o)    contiki-sky.a(rpl-dag.o) (dao_output)
contiki-sky.a(rpl-timers.o)   contiki-sky.a(rpl-dag.o) (rpl_reset_dio_timer)
contiki-sky.a(rpl-mrhof.o)    contiki-sky.a(rpl-dag.o) (rpl_mrhof)
contiki-sky.a(process.o)      border-router-simoni.co (process_current)
contiki-sky.a(autostart.o)    obj_sky/contiki-sky-main.o (autostart_start)
contiki-sky.a(compower.o)     contiki-sky.a(contikimac.o) (compower_idle_activity)
contiki-sky.a(memb.o)         obj_sky/httpd-simple.o (memb_init)
contiki-sky.a(timer.o)        obj_sky/httpd-simple.o (timer_set)
contiki-sky.a(list.o)         contiki-sky.a(csma.o) (list_init)
contiki-sky.a(etimer.o)       obj_sky/contiki-sky-main.o (etimer_process)
contiki-sky.a(ctimer.o)       obj_sky/contiki-sky-main.o (ctimer_init)
contiki-sky.a(energest.o)     obj_sky/contiki-sky-main.o (energest_init)
contiki-sky.a(rtimer.o)       obj_sky/contiki-sky-main.o (rtimer_init)
contiki-sky.a(stimer.o)       contiki-sky.a(rpl-icmp6.o) (stimer_set)
contiki-sky.a(random.o)       obj_sky/contiki-sky-main.o (random_init)
contiki-sky.a(nbr-table.o)    contiki-sky.a(phase.o) (nbr_table_register)
contiki-sky.a(packetbuf.o)    contiki-sky.a(contikimac.o) (packetbuf_hdr_remove)
contiki-sky.a(psock.o)        border-router-simoni.co (psock_send)
contiki-sky.a(queuebuf.o)     obj_sky/contiki-sky-main.o (queuebuf_init)
contiki-sky.a(sicslowpan.o)   obj_sky/contiki-sky-main.o (sicslowpan_driver)
contiki-sky.a(tcpip.o)        contiki-sky.a(sicslowpan.o) (tcpip_set_outputfunc)
contiki-sky.a(uip-debug.o)    border-router-simoni.co (uip_debug_ipaddr_print)
contiki-sky.a(uip-ds6-route.o)
                              contiki-sky.a(rpl-icmp6.o) (uip_ds6_route_nexthop)
contiki-sky.a(uip-ds6-nbr.o)  contiki-sky.a(rpl-icmp6.o) (uip_ds6_nbr_add)
contiki-sky.a(uip-ds6.o)      contiki-sky.a(tcpip.o) (uip_ds6_is_addr_onlink)
contiki-sky.a(uip-icmp6.o)    contiki-sky.a(rpl-icmp6.o) (uip_icmp6_send)
contiki-sky.a(uip-nd6.o)      contiki-sky.a(tcpip.o) (uip_nd6_ns_output)
contiki-sky.a(uip6.o)         border-router-simoni.co (uip_aligned_buf)
contiki-sky.a(contiki-sky-pla)
                              obj_sky/contiki-sky-main.o (init_platform)
contiki-sky.a(button-sensor.o)
                              border-router-simoni.co (button_sensor)
contiki-sky.a(ds2411.o)       obj_sky/contiki-sky-main.o (ds2411_init)
contiki-sky.a(xmem.o)         obj_sky/contiki-sky-main.o (xmem_init)
contiki-sky.a(node-id.o)      obj_sky/contiki-sky-main.o (node_id_restore)
contiki-sky.a(sensors.o)      border-router-simoni.co (sensors_event)
contiki-sky.a(cc2420.o)       obj_sky/contiki-sky-main.o (cc2420_set_pan_addr)
contiki-sky.a(cc2420-arch.o)  contiki-sky.a(cc2420.o) (cc2420_arch_init)
contiki-sky.a(uart1.o)        obj_sky/contiki-sky-main.o (uart1_active)
contiki-sky.a(slip_uart1.o)   obj_sky/slip-bridge.o (slip_arch_writeb)
contiki-sky.a(slip.o)         obj_sky/slip-bridge.o (slip_process)
contiki-sky.a(msp430.o)       contiki-sky.a(uart1.o) (msp430_add_lpm_req)
contiki-sky.a(clock.o)        contiki-sky.a(timer.o) (clock_time)
contiki-sky.a(leds.o)         obj_sky/contiki-sky-main.o (leds_init)
contiki-sky.a(leds-arch.o)    contiki-sky.a(leds.o) (leds_arch_init)
contiki-sky.a(watchdog.o)     obj_sky/contiki-sky-main.o (watchdog_start)
contiki-sky.a(rtimer-arch.o)  contiki-sky.a(rtimer.o) (rtimer_arch_init)
contiki-sky.a(mac.o)          contiki-sky.a(csma.o) (mac_call_sent_callback)
contiki-sky.a(framer-802154.o)
                              contiki-sky.a(contikimac.o) (framer_802154)
contiki-sky.a(rpl.o)          contiki-sky.a(rpl-timers.o) (rpl_purge_routes)
contiki-sky.a(rpl-ext-header.)
                              contiki-sky.a(uip6.o) (rpl_verify_header)
contiki-sky.a(spi.o)          contiki-sky.a(xmem.o) (spi_init)
contiki-sky.a(frame802154.o)  contiki-sky.a(framer-802154.o) (frame802154_hdrlen)
/usr/lib/gcc/msp430/4.5.3/mmpy-16/libgcc.a(_mulsi3.o)
                              contiki-sky.a(csma.o) (__mulsi3)
/usr/lib/gcc/msp430/4.5.3/mmpy-16/libgcc.a(_udivmodhi4.o)
                              contiki-sky.a(phase.o) (__udivmodhi4)
/usr/lib/gcc/msp430/4.5.3/mmpy-16/libgcc.a(_divmodhi4.o)
                              contiki-sky.a(nbr-table.o) (__divmodhi4)
/usr/lib/gcc/msp430/4.5.3/mmpy-16/libgcc.a(_udivmodsi4.o)
                              obj_sky/contiki-sky-main.o (__udivmodsi4)
/usr/lib/gcc/msp430/4.5.3/../../../../msp430/lib/mmpy-16/libc.a(strncmp.o)
                              obj_sky/httpd-simple.o (strncmp)
[...]
Memory Configuration

Name             Origin             Length             Attributes
sfr              0x00000000         0x00000010
peripheral_8bit  0x00000010         0x000000f0
peripheral_16bit 0x00000100         0x00000100
infomem          0x00001000         0x00000100
infob            0x00001000         0x00000080
infoa            0x00001080         0x00000080
ram              0x00001100         0x00002800         xw
rom              0x00004000         0x0000bfe0         xr
vectors          0x0000ffe0         0x00000020
bsl              0x00000000         0x00000000
infoc            0x00000000         0x00000000
infod            0x00000000         0x00000000
far_rom          0x00000000         0x00000000
*default*        0x00000000         0xffffffff

Linker script and memory map

LOAD /usr/lib/gcc/msp430/4.5.3/mmpy-16/crt0ivtbl16.o
LOAD border-router-simoni.co
LOAD obj_sky/slip-bridge.o
LOAD obj_sky/httpd-simple.o
LOAD obj_sky/contiki-sky-main.o
LOAD contiki-sky.a
LOAD /usr/lib/gcc/msp430/4.5.3/mmpy-16/libgcc.a
LOAD /usr/lib/gcc/msp430/4.5.3/../../../../msp430/lib/mmpy-16/libc.a
LOAD /usr/lib/gcc/msp430/4.5.3/mmpy-16/libgcc.a
LOAD /usr/lib/gcc/msp430/4.5.3/mmpy-16/libcrt0.a
                0x00000000                __IE1 = 0x0
                0x00000002                __IFG1 = 0x2
                0x00000004                __ME1 = 0x4
                0x00000001                __IE2 = 0x1
                0x00000003                __IFG2 = 0x3
                0x00000005                __ME2 = 0x5
                0x00000120                __WDTCTL = 0x120
                0x00000130                __MPY = 0x130
                0x00000132                __MPYS = 0x132
                0x00000134                __MAC = 0x134
                0x00000136                __MACS = 0x136
                0x00000138                __OP2 = 0x138
                0x0000013a                __RESLO = 0x13a
                0x0000013c                __RESHI = 0x13c
                0x0000013e                __SUMEXT = 0x13e
                0x00000020                __P1IN = 0x20
                0x00000021                __P1OUT = 0x21
                0x00000022                __P1DIR = 0x22
                0x00000023                __P1IFG = 0x23
                0x00000024                __P1IES = 0x24
                0x00000025                __P1IE = 0x25
                0x00000026                __P1SEL = 0x26
                0x00000028                __P2IN = 0x28
                0x00000029                __P2OUT = 0x29
                0x0000002a                __P2DIR = 0x2a
                0x0000002b                __P2IFG = 0x2b
                0x0000002c                __P2IES = 0x2c
                0x0000002d                __P2IE = 0x2d
                0x0000002e                __P2SEL = 0x2e
                0x00000018                __P3IN = 0x18
                0x00000019                __P3OUT = 0x19
                0x0000001a                __P3DIR = 0x1a
                0x0000001b                __P3SEL = 0x1b
                0x0000001c                __P4IN = 0x1c
                0x0000001d                __P4OUT = 0x1d
                0x0000001e                __P4DIR = 0x1e
                0x0000001f                __P4SEL = 0x1f
                0x00000030                __P5IN = 0x30
                0x00000031                __P5OUT = 0x31
                0x00000032                __P5DIR = 0x32
                0x00000033                __P5SEL = 0x33
                0x00000034                __P6IN = 0x34
                0x00000035                __P6OUT = 0x35
                0x00000036                __P6DIR = 0x36
                0x00000037                __P6SEL = 0x37
                0x00000070                __U0CTL = 0x70
                0x00000071                __U0TCTL = 0x71
                0x00000072                __U0RCTL = 0x72
                0x00000073                __U0MCTL = 0x73
                0x00000074                __U0BR0 = 0x74
                0x00000075                __U0BR1 = 0x75
                0x00000076                __U0RXBUF = 0x76
                0x00000077                __U0TXBUF = 0x77
                0x00000078                __U1CTL = 0x78
                0x00000079                __U1TCTL = 0x79
                0x0000007a                __U1RCTL = 0x7a
                0x0000007b                __U1MCTL = 0x7b
                0x0000007c                __U1BR0 = 0x7c
                0x0000007d                __U1BR1 = 0x7d
                0x0000007e                __U1RXBUF = 0x7e
                0x0000007f                __U1TXBUF = 0x7f
                0x00000050                __I2CIE = 0x50
                0x00000051                __I2CIFG = 0x51
                0x00000052                __I2CNDAT = 0x52
                0x00000071                __I2CTCTL = 0x71
                0x00000072                __I2CDCTL = 0x72
                0x00000073                __I2CPSC = 0x73
                0x00000074                __I2CSCLH = 0x74
                0x00000075                __I2CSCLL = 0x75
                0x00000076                __I2CDRB = 0x76
                0x00000076                __I2CDRW = 0x76
                0x00000118                __I2COA = 0x118
                0x0000011a                __I2CSA = 0x11a
                0x0000011c                __I2CIV = 0x11c
                0x0000012e                __TAIV = 0x12e
                0x00000160                __TACTL = 0x160
                0x00000162                __TACCTL0 = 0x162
                0x00000164                __TACCTL1 = 0x164
                0x00000166                __TACCTL2 = 0x166
                0x00000170                __TAR = 0x170
                0x00000172                __TACCR0 = 0x172
                0x00000174                __TACCR1 = 0x174
                0x00000176                __TACCR2 = 0x176
                0x0000011e                __TBIV = 0x11e
                0x00000180                __TBCTL = 0x180
                0x00000182                __TBCCTL0 = 0x182
                0x00000184                __TBCCTL1 = 0x184
                0x00000186                __TBCCTL2 = 0x186
                0x00000188                __TBCCTL3 = 0x188
                0x0000018a                __TBCCTL4 = 0x18a
                0x0000018c                __TBCCTL5 = 0x18c
                0x0000018e                __TBCCTL6 = 0x18e
                0x00000190                __TBR = 0x190
                0x00000192                __TBCCR0 = 0x192
                0x00000194                __TBCCR1 = 0x194
                0x00000196                __TBCCR2 = 0x196
                0x00000198                __TBCCR3 = 0x198
                0x0000019a                __TBCCR4 = 0x19a
                0x0000019c                __TBCCR5 = 0x19c
                0x0000019e                __TBCCR6 = 0x19e
                0x00000056                __DCOCTL = 0x56
                0x00000057                __BCSCTL1 = 0x57
                0x00000058                __BCSCTL2 = 0x58
                0x00000055                __SVSCTL = 0x55
                0x00000128                __FCTL1 = 0x128
                0x0000012a                __FCTL2 = 0x12a
                0x0000012c                __FCTL3 = 0x12c
                0x00000059                __CACTL1 = 0x59
                0x0000005a                __CACTL2 = 0x5a
                0x0000005b                __CAPD = 0x5b
                0x000001a0                __ADC12CTL0 = 0x1a0
                0x000001a2                __ADC12CTL1 = 0x1a2
                0x000001a4                __ADC12IFG = 0x1a4
                0x000001a6                __ADC12IE = 0x1a6
                0x000001a8                __ADC12IV = 0x1a8
                0x00000140                __ADC12MEM0 = 0x140
                0x00000142                __ADC12MEM1 = 0x142
                0x00000144                __ADC12MEM2 = 0x144
                0x00000146                __ADC12MEM3 = 0x146
                0x00000148                __ADC12MEM4 = 0x148
                0x0000014a                __ADC12MEM5 = 0x14a
                0x0000014c                __ADC12MEM6 = 0x14c
                0x0000014e                __ADC12MEM7 = 0x14e
                0x00000150                __ADC12MEM8 = 0x150
                0x00000152                __ADC12MEM9 = 0x152
                0x00000154                __ADC12MEM10 = 0x154
                0x00000156                __ADC12MEM11 = 0x156
                0x00000158                __ADC12MEM12 = 0x158
                0x0000015a                __ADC12MEM13 = 0x15a
                0x0000015c                __ADC12MEM14 = 0x15c
                0x0000015e                __ADC12MEM15 = 0x15e
                0x00000080                __ADC12MCTL0 = 0x80
                0x00000081                __ADC12MCTL1 = 0x81
                0x00000082                __ADC12MCTL2 = 0x82
                0x00000083                __ADC12MCTL3 = 0x83
                0x00000084                __ADC12MCTL4 = 0x84
                0x00000085                __ADC12MCTL5 = 0x85
                0x00000086                __ADC12MCTL6 = 0x86
                0x00000087                __ADC12MCTL7 = 0x87
                0x00000088                __ADC12MCTL8 = 0x88
                0x00000089                __ADC12MCTL9 = 0x89
                0x0000008a                __ADC12MCTL10 = 0x8a
                0x0000008b                __ADC12MCTL11 = 0x8b
                0x0000008c                __ADC12MCTL12 = 0x8c
                0x0000008d                __ADC12MCTL13 = 0x8d
                0x0000008e                __ADC12MCTL14 = 0x8e
                0x0000008f                __ADC12MCTL15 = 0x8f
                0x000001c0                __DAC12_0CTL = 0x1c0
                0x000001c2                __DAC12_1CTL = 0x1c2
                0x000001c8                __DAC12_0DAT = 0x1c8
                0x000001ca                __DAC12_1DAT = 0x1ca
                0x00000122                __DMACTL0 = 0x122
                0x00000124                __DMACTL1 = 0x124
                0x000001e0                __DMA0CTL = 0x1e0
                0x000001e8                __DMA1CTL = 0x1e8
                0x000001f0                __DMA2CTL = 0x1f0
                0x000001e2                __DMA0SA = 0x1e2
                0x000001e4                __DMA0DA = 0x1e4
                0x000001e6                __DMA0SZ = 0x1e6
                0x000001ea                __DMA1SA = 0x1ea
                0x000001ec                __DMA1DA = 0x1ec
                0x000001ee                __DMA1SZ = 0x1ee
                0x000001f2                __DMA2SA = 0x1f2
                0x000001f4                __DMA2DA = 0x1f4
                0x000001f6                __DMA2SZ = 0x1f6

.hash
 *(.hash)

.dynsym
 *(.dynsym)

.dynstr
 *(.dynstr)

.gnu.version
 *(.gnu.version)

.gnu.version_d
 *(.gnu.version_d)

.gnu.version_r
 *(.gnu.version_r)

.rel.init
 *(.rel.init)

.rela.init
 *(.rela.init)

.rel.text
 *(.rel.text)
 *(.rel.text.*)
 *(.rel.gnu.linkonce.t*)

.rela.text
 *(.rela.text)
 *(.rela.text.*)
 *(.rela.gnu.linkonce.t*)

.rel.fini
 *(.rel.fini)

.rela.fini
 *(.rela.fini)

.rel.rodata
 *(.rel.rodata)
 *(.rel.rodata.*)
 *(.rel.gnu.linkonce.r*)

.rela.rodata
 *(.rela.rodata)
 *(.rela.rodata.*)
 *(.rela.gnu.linkonce.r*)

.rel.data
 *(.rel.data)
 *(.rel.data.*)
 *(.rel.gnu.linkonce.d*)

.rela.data
 *(.rela.data)
 *(.rela.data.*)
 *(.rela.gnu.linkonce.d*)

.rel.ctors
 *(.rel.ctors)

.rela.ctors
 *(.rela.ctors)

.rel.dtors
 *(.rel.dtors)

.rela.dtors
 *(.rela.dtors)

.rel.got
 *(.rel.got)

.rela.got
 *(.rela.got)

.rel.bss
 *(.rel.bss)

.rela.bss
 *(.rela.bss)

.rel.plt
 *(.rel.plt)

.rela.plt
 *(.rela.plt)

.text           0x00004000     0xb866
                0x00004000                . = ALIGN (0x2)
 *(.init)
 *(.init0)
 .init0         0x00004000        0x0 /usr/lib/gcc/msp430/4.5.3/mmpy-16/libcrt0.a(_reset_vector__.o)
                0x00004000                _reset_vector__
 *(.init1)
 *(.init2)
 .init2         0x00004000        0x4 /usr/lib/gcc/msp430/4.5.3/mmpy-16/libcrt0.a(__init_stack.o)
                0x00004000                __init_stack
 *(.init3)
 .init3         0x00004004        0xa /usr/lib/gcc/msp430/4.5.3/mmpy-16/libcrt0.a(__low_level_init.o)
                0x00004004                __low_level_init
 *(.init4)
 .init4         0x0000400e       0x16 /usr/lib/gcc/msp430/4.5.3/mmpy-16/libcrt0.a(_copy_data.o)
                0x0000400e                __do_copy_data
 .init4         0x00004024       0x14 /usr/lib/gcc/msp430/4.5.3/mmpy-16/libcrt0.a(_clear_bss.o)
                0x00004024                __do_clear_bss
 *(.init5)
 *(.init6)
 *(.init7)
 *(.init8)
 *(.init9)
 .init9         0x00004038      0x364 obj_sky/contiki-sky-main.o
                0x00004038                main
 *(.fini9)
 .fini9         0x0000439c        0x0 /usr/lib/gcc/msp430/4.5.3/mmpy-16/libcrt0.a(__stop_progExec__.o)
                0x0000439c                __stop_progExec__
 *(.fini8)
 *(.fini7)
 *(.fini6)
 *(.fini5)
 *(.fini4)
 *(.fini3)
 *(.fini2)
 *(.fini1)
 *(.fini0)
 .fini0         0x0000439c        0x6 /usr/lib/gcc/msp430/4.5.3/mmpy-16/libcrt0.a(_endless_loop__.o)
                0x0000439c                _endless_loop__
 *(.fini)
                0x000043a2                . = ALIGN (0x2)
                0x000043a2                __ctors_start = .
 *(.ctors)
                0x000043a2                __ctors_end = .
                0x000043a2                __dtors_start = .
 *(.dtors)
                0x000043a2                __dtors_end = .
                0x000043a2                . = ALIGN (0x2)
 *(.text)
 .text          0x000043a2        0x4 /usr/lib/gcc/msp430/4.5.3/mmpy-16/crt0ivtbl16.o
                0x000043a2                __isr_14
                0x000043a2                __isr_11
                0x000043a2                __isr_2
                0x000043a2                __isr_7
                0x000043a2                __isr_0
                0x000043a2                __isr_8
                0x000043a2                __isr_3
                0x000043a2                __isr_12
                0x000043a2                __isr_13
                0x000043a2                __isr_9
 .text          0x000043a6       0x52 border-router-simoni.co
                0x000043f2                autostart_processes
 .text          0x000043f8       0xa6 obj_sky/slip-bridge.o
                0x0000449a                rpl_interface
 .text          0x0000449e      0x139 obj_sky/httpd-simple.o
                0x000044f7                http_content_type_html
                0x00004513                http_header_200
                0x00004569                http_header_404
                0x000045c6                http_get
                0x000045cb                http_index_html
 .text          0x000045d7      0x12a obj_sky/contiki-sky-main.o
 *fill*         0x00004701        0x1 00
 .text          0x00004702        0x8 contiki-sky.a(rimeaddr.o)
                0x00004702                rimeaddr_null
 .text          0x0000470a       0x14 contiki-sky.a(csma.o)
                0x00004710                csma_driver
 .text          0x0000471e       0x1c contiki-sky.a(contikimac.o)
                0x0000472a                contikimac_driver
 .text          0x0000473a        0xc contiki-sky.a(etimer.o)
 .text          0x00004746        0xf contiki-sky.a(ctimer.o)
 *fill*         0x00004755        0x1 00
 .text          0x00004756       0x24 contiki-sky.a(sicslowpan.o)
                0x00004756                unc_llconf
                0x0000475a                unc_ctxconf
                0x0000475e                unc_mxconf
                0x00004762                llprefix
                0x00004770                sicslowpan_driver
 .text          0x0000477a        0xd contiki-sky.a(tcpip.o)
 .text          0x00004787       0x1a contiki-sky.a(uip-debug.o)
 *fill*         0x000047a1        0x1 00
 .text          0x000047a2       0x20 contiki-sky.a(uip6.o)
 .text          0x000047c2       0x10 contiki-sky.a(button-sensor.o)
                0x000047ca                button_sensor
 .text          0x000047d2        0x8 contiki-sky.a(sensors.o)
 .text          0x000047da       0x22 contiki-sky.a(cc2420.o)
                0x000047e8                cc2420_driver
 .text          0x000047fc       0x21 contiki-sky.a(slip.o)
 *fill*         0x0000481d        0x1 00
 .text          0x0000481e        0x4 contiki-sky.a(framer-802154.o)
                0x0000481e                framer_802154
 .text          0x00004822        0x2 contiki-sky.a(frame802154.o)
 .text          0x00004824       0x30 /usr/lib/gcc/msp430/4.5.3/../../../../msp430/lib/mmpy-16/libc.a(strncmp.o)
                0x00004824                strncmp
 .text          0x00004854       0x34 /usr/lib/gcc/msp430/4.5.3/../../../../msp430/lib/mmpy-16/libc.a(memcmp.o)
                0x00004854                memcmp
 .text          0x00004888       0x2c /usr/lib/gcc/msp430/4.5.3/../../../../msp430/lib/mmpy-16/libc.a(strncpy.o)
                0x00004888                strncpy
 .text          0x000048b4      0x104 /usr/lib/gcc/msp430/4.5.3/../../../../msp430/lib/mmpy-16/libc.a(memcpy.o)
                0x000048b4                memcpy
 .text          0x000049b8      0x104 /usr/lib/gcc/msp430/4.5.3/../../../../msp430/lib/mmpy-16/libc.a(memmove.o)
                0x000049b8                memmove
 .text          0x00004abc       0x66 /usr/lib/gcc/msp430/4.5.3/../../../../msp430/lib/mmpy-16/libc.a(memset.o)
                0x00004abc                memset
 .text          0x00004b22       0x20 /usr/lib/gcc/msp430/4.5.3/../../../../msp430/lib/mmpy-16/libc.a(printf.o)
                0x00004b22                printf
                0x00004b34                vprintf
 .text          0x00004b42       0xbc /usr/lib/gcc/msp430/4.5.3/../../../../msp430/lib/mmpy-16/libc.a(sprintf.o)
                0x00004ba0                sprintf
                0x00004bbc                snprintf
                0x00004bd6                vsprintf
                0x00004bec                vsnprintf
 .text          0x00004bfe      0x476 /usr/lib/gcc/msp430/4.5.3/../../../../msp430/lib/mmpy-16/libc.a(vuprintf.o)
                0x00004d0a                vuprintf
 .text          0x00005074       0x2c /usr/lib/gcc/msp430/4.5.3/../../../../msp430/lib/mmpy-16/libc.a(puts.o)
                0x00005074                puts
 .text          0x000050a0      0x134 /usr/lib/gcc/msp430/4.5.3/../../../../msp430/lib/mmpy-16/libc.a(rand.o)
                0x000050a0                rand_r
                0x00005134                rand
                0x000051ca                srand
                0x000051d4                . = ALIGN (0x2)
 *(.text.*)
 .text.process_thread_webserver_nogui_process
                0x000051d4       0x3c border-router-simoni.co
 .text.generate_routes
                0x00005210      0x284 border-router-simoni.co
 .text.httpd_simple_get_script
                0x00005494        0x6 border-router-simoni.co
                0x00005494                httpd_simple_get_script
 .text.request_prefix
                0x0000549a       0x1e border-router-simoni.co
                0x0000549a                request_prefix
 .text.process_thread_border_router_process
                0x000054b8      0x12e border-router-simoni.co
 .text.set_prefix_64
                0x000055e6       0x48 border-router-simoni.co
                0x000055e6                set_prefix_64
 .text.output   0x0000562e       0x48 obj_sky/slip-bridge.o
 .text.init     0x00005676       0x1e obj_sky/slip-bridge.o
 .text.slip_input_callback
                0x00005694       0xe2 obj_sky/slip-bridge.o
 .text.putchar  0x00005776       0x3c obj_sky/slip-bridge.o
                0x00005776                putchar
 .text.send_headers
                0x000057b2       0x66 obj_sky/httpd-simple.o
 .text.handle_connection
                0x00005818      0x19e obj_sky/httpd-simple.o
 .text.httpd_appcall
                0x000059b6       0xcc obj_sky/httpd-simple.o
                0x000059b6                httpd_appcall
 .text.httpd_init
                0x00005a82       0x12 obj_sky/httpd-simple.o
                0x00005a82                httpd_init
 .text.rimeaddr_copy
                0x00005a94        0x8 contiki-sky.a(rimeaddr.o)
                0x00005a94                rimeaddr_copy
 .text.rimeaddr_cmp
                0x00005a9c       0x12 contiki-sky.a(rimeaddr.o)
                0x00005a9c                rimeaddr_cmp
 .text.rimeaddr_set_node_addr
                0x00005aae        0xc contiki-sky.a(rimeaddr.o)
                0x00005aae                rimeaddr_set_node_addr
 .text.input_packet
                0x00005aba        0x6 contiki-sky.a(csma.o)
 .text.on       0x00005ac0        0x6 contiki-sky.a(csma.o)
 .text.off      0x00005ac6        0x6 contiki-sky.a(csma.o)
 .text.channel_check_interval
                0x00005acc        0xc contiki-sky.a(csma.o)
 .text.transmit_packet_list
                0x00005ad8       0x24 contiki-sky.a(csma.o)
 .text.send_packet
                0x00005afc      0x166 contiki-sky.a(csma.o)
 .text.free_packet
                0x00005c62       0x94 contiki-sky.a(csma.o)
 .text.packet_sent
                0x00005cf6      0x130 contiki-sky.a(csma.o)
 .text.init     0x00005e26       0x1a contiki-sky.a(csma.o)
 .text.on       0x00005e40       0x16 contiki-sky.a(contikimac.o)
 .text.off      0x00005e56       0x1e contiki-sky.a(contikimac.o)
 .text.recv_burst_off
                0x00005e74        0xa contiki-sky.a(contikimac.o)
 .text.turn_off
                0x00005e7e       0x20 contiki-sky.a(contikimac.o)
 .text.duty_cycle
                0x00005e9e        0x6 contiki-sky.a(contikimac.o)
 .text.turn_on  0x00005ea4       0x30 contiki-sky.a(contikimac.o)
 .text.schedule_powercycle_fixed
                0x00005ed4       0x40 contiki-sky.a(contikimac.o)
 .text.powercycle_turn_radio_off
                0x00005f14       0x2c contiki-sky.a(contikimac.o)
 .text.powercycle
                0x00005f40      0x1c0 contiki-sky.a(contikimac.o)
 .text.input_packet
                0x00006100      0x108 contiki-sky.a(contikimac.o)
 .text.send_packet
                0x00006208      0x2ba contiki-sky.a(contikimac.o)
 .text.qsend_list
                0x000064c2       0x86 contiki-sky.a(contikimac.o)
 .text.qsend_packet
                0x00006548       0x28 contiki-sky.a(contikimac.o)
 .text.init     0x00006570       0x2e contiki-sky.a(contikimac.o)
 .text.send_packet
                0x0000659e       0x44 contiki-sky.a(phase.o)
 .text.phase_update
                0x000065e2       0x90 contiki-sky.a(phase.o)
                0x000065e2                phase_update
 .text.phase_wait
                0x00006672      0x112 contiki-sky.a(phase.o)
                0x00006672                phase_wait
 .text.phase_init
                0x00006784       0x14 contiki-sky.a(phase.o)
                0x00006784                phase_init
 .text.lollipop_greater_than
                0x00006798       0x44 contiki-sky.a(rpl-dag.o)
 .text.find_parent_any_dag_any_instance
                0x000067dc       0x14 contiki-sky.a(rpl-dag.o)
 .text.rpl_set_preferred_parent
                0x000067f0       0x30 contiki-sky.a(rpl-dag.o)
 .text.set_ip_from_prefix
                0x00006820       0x3a contiki-sky.a(rpl-dag.o)
 .text.check_prefix
                0x0000685a       0x7c contiki-sky.a(rpl-dag.o)
 .text.rpl_dag_init
                0x000068d6        0xe contiki-sky.a(rpl-dag.o)
                0x000068d6                rpl_dag_init
 .text.rpl_get_parent_ipaddr
                0x000068e4       0x10 contiki-sky.a(rpl-dag.o)
                0x000068e4                rpl_get_parent_ipaddr
 .text.rpl_set_prefix
                0x000068f4       0x90 contiki-sky.a(rpl-dag.o)
                0x000068f4                rpl_set_prefix
 .text.rpl_set_default_route
                0x00006984       0x62 contiki-sky.a(rpl-dag.o)
                0x00006984                rpl_set_default_route
 .text.rpl_alloc_instance
                0x000069e6       0x2c contiki-sky.a(rpl-dag.o)
                0x000069e6                rpl_alloc_instance
 .text.rpl_add_parent
                0x00006a12       0x38 contiki-sky.a(rpl-dag.o)
                0x00006a12                rpl_add_parent
 .text.rpl_find_parent
                0x00006a4a       0x1a contiki-sky.a(rpl-dag.o)
                0x00006a4a                rpl_find_parent
 .text.rpl_find_parent_any_dag
                0x00006a64       0x26 contiki-sky.a(rpl-dag.o)
                0x00006a64                rpl_find_parent_any_dag
 .text.rpl_select_parent
                0x00006a8a       0x5c contiki-sky.a(rpl-dag.o)
                0x00006a8a                rpl_select_parent
 .text.rpl_select_dag
                0x00006ae6      0x1b4 contiki-sky.a(rpl-dag.o)
                0x00006ae6                rpl_select_dag
 .text.rpl_nullify_parent
                0x00006c9a       0x4e contiki-sky.a(rpl-dag.o)
                0x00006c9a                rpl_nullify_parent
 .text.rpl_remove_parent
                0x00006ce8       0x16 contiki-sky.a(rpl-dag.o)
                0x00006ce8                rpl_remove_parent
 .text.remove_parents.clone.2
                0x00006cfe       0x32 contiki-sky.a(rpl-dag.o)
 .text.rpl_free_dag
                0x00006d30       0x36 contiki-sky.a(rpl-dag.o)
                0x00006d30                rpl_free_dag
 .text.rpl_free_instance
                0x00006d66       0x5c contiki-sky.a(rpl-dag.o)
                0x00006d66                rpl_free_instance
 .text.rpl_move_parent
                0x00006dc2       0x6e contiki-sky.a(rpl-dag.o)
                0x00006dc2                rpl_move_parent
 .text.rpl_get_any_dag
                0x00006e30       0x18 contiki-sky.a(rpl-dag.o)
                0x00006e30                rpl_get_any_dag
 .text.rpl_get_instance
                0x00006e48       0x16 contiki-sky.a(rpl-dag.o)
                0x00006e48                rpl_get_instance
 .text.get_dag  0x00006e5e       0x5c contiki-sky.a(rpl-dag.o)
 .text.rpl_alloc_dag
                0x00006eba       0x6a contiki-sky.a(rpl-dag.o)
                0x00006eba                rpl_alloc_dag
 .text.rpl_set_root
                0x00006f24       0xe8 contiki-sky.a(rpl-dag.o)
                0x00006f24                rpl_set_root
 .text.rpl_repair_root
                0x0000700c       0x4c contiki-sky.a(rpl-dag.o)
                0x0000700c                rpl_repair_root
 .text.rpl_find_of
                0x00007058       0x10 contiki-sky.a(rpl-dag.o)
                0x00007058                rpl_find_of
 .text.rpl_join_instance
                0x00007068      0x142 contiki-sky.a(rpl-dag.o)
                0x00007068                rpl_join_instance
 .text.rpl_local_repair
                0x000071aa       0x7a contiki-sky.a(rpl-dag.o)
                0x000071aa                rpl_local_repair
 .text.rpl_process_parent_event
                0x00007224       0x88 contiki-sky.a(rpl-dag.o)
                0x00007224                rpl_process_parent_event
 .text.rpl_recalculate_ranks
                0x000072ac       0x42 contiki-sky.a(rpl-dag.o)
                0x000072ac                rpl_recalculate_ranks
 .text.rpl_add_dag
                0x000072ee      0x116 contiki-sky.a(rpl-dag.o)
                0x000072ee                rpl_add_dag
 .text.rpl_process_dio
                0x00007404      0x272 contiki-sky.a(rpl-dag.o)
                0x00007404                rpl_process_dio
 .text.get32    0x00007676       0x46 contiki-sky.a(rpl-icmp6.o)
 .text.set32    0x000076bc       0x3c contiki-sky.a(rpl-icmp6.o)
 .text.get16    0x000076f8        0xe contiki-sky.a(rpl-icmp6.o)
 .text.set16    0x00007706       0x10 contiki-sky.a(rpl-icmp6.o)
 .text.dis_output
                0x00007716       0x50 contiki-sky.a(rpl-icmp6.o)
                0x00007716                dis_output
 .text.dio_output
                0x00007766      0x29e contiki-sky.a(rpl-icmp6.o)
                0x00007766                dio_output
 .text.dao_output_target
                0x00007a04       0xde contiki-sky.a(rpl-icmp6.o)
                0x00007a04                dao_output_target
 .text.dao_output
                0x00007ae2       0x7a contiki-sky.a(rpl-icmp6.o)
                0x00007ae2                dao_output
 .text.dao_ack_output
                0x00007b5c       0x3c contiki-sky.a(rpl-icmp6.o)
                0x00007b5c                dao_ack_output
 .text.uip_rpl_input
                0x00007b98      0x548 contiki-sky.a(rpl-icmp6.o)
                0x00007b98                uip_rpl_input
 .text.new_dio_interval
                0x000080e0       0xb8 contiki-sky.a(rpl-timers.o)
 .text.handle_dao_timer
                0x00008198       0x50 contiki-sky.a(rpl-timers.o)
 .text.handle_dio_timer
                0x000081e8       0x82 contiki-sky.a(rpl-timers.o)
 .text.handle_periodic_timer
                0x0000826a       0x2e contiki-sky.a(rpl-timers.o)
 .text.rpl_reset_periodic_timer
                0x00008298       0x56 contiki-sky.a(rpl-timers.o)
                0x00008298                rpl_reset_periodic_timer
 .text.rpl_reset_dio_timer
                0x000082ee       0x18 contiki-sky.a(rpl-timers.o)
                0x000082ee                rpl_reset_dio_timer
 .text.rpl_schedule_dao
                0x00008306       0x48 contiki-sky.a(rpl-timers.o)
                0x00008306                rpl_schedule_dao
 .text.reset    0x0000834e        0x2 contiki-sky.a(rpl-mrhof.o)
 .text.neighbor_link_callback
                0x00008350       0x7e contiki-sky.a(rpl-mrhof.o)
 .text.calculate_rank
                0x000083ce       0x30 contiki-sky.a(rpl-mrhof.o)
 .text.best_dag
                0x000083fe       0x34 contiki-sky.a(rpl-mrhof.o)
 .text.best_parent
                0x00008432       0x52 contiki-sky.a(rpl-mrhof.o)
 .text.update_metric_container
                0x00008484        0x6 contiki-sky.a(rpl-mrhof.o)
 .text.call_process
                0x0000848a       0x4c contiki-sky.a(process.o)
 .text.exit_process
                0x000084d6       0x94 contiki-sky.a(process.o)
 .text.do_poll  0x0000856a       0x30 contiki-sky.a(process.o)
 .text.process_alloc_event
                0x0000859a        0xe contiki-sky.a(process.o)
                0x0000859a                process_alloc_event
 .text.process_init
                0x000085a8       0x1c contiki-sky.a(process.o)
                0x000085a8                process_init
 .text.process_run
                0x000085c4       0x9c contiki-sky.a(process.o)
                0x000085c4                process_run
 .text.process_nevents
                0x00008660        0xc contiki-sky.a(process.o)
                0x00008660                process_nevents
 .text.process_post
                0x0000866c       0x54 contiki-sky.a(process.o)
                0x0000866c                process_post
 .text.process_post_synch
                0x000086c0       0x12 contiki-sky.a(process.o)
                0x000086c0                process_post_synch
 .text.process_start
                0x000086d2       0x32 contiki-sky.a(process.o)
                0x000086d2                process_start
 .text.process_poll
                0x00008704       0x1a contiki-sky.a(process.o)
                0x00008704                process_poll
 .text.autostart_start
                0x0000871e       0x18 contiki-sky.a(autostart.o)
                0x0000871e                autostart_start
 .text.compower_accumulate
                0x00008736       0x72 contiki-sky.a(compower.o)
                0x00008736                compower_accumulate
 .text.compower_clear
                0x000087a8       0x12 contiki-sky.a(compower.o)
                0x000087a8                compower_clear
 .text.compower_attrconv
                0x000087ba       0x10 contiki-sky.a(compower.o)
                0x000087ba                compower_attrconv
 .text.memb_init
                0x000087ca       0x36 contiki-sky.a(memb.o)
                0x000087ca                memb_init
 .text.memb_alloc
                0x00008800       0x3e contiki-sky.a(memb.o)
                0x00008800                memb_alloc
 .text.memb_free
                0x0000883e       0x3a contiki-sky.a(memb.o)
                0x0000883e                memb_free
 .text.memb_inmemb
                0x00008878       0x2e contiki-sky.a(memb.o)
                0x00008878                memb_inmemb
 .text.timer_set
                0x000088a6       0x1c contiki-sky.a(timer.o)
                0x000088a6                timer_set
 .text.timer_reset
                0x000088c2        0xe contiki-sky.a(timer.o)
                0x000088c2                timer_reset
 .text.timer_restart
                0x000088d0       0x14 contiki-sky.a(timer.o)
                0x000088d0                timer_restart
 .text.timer_expired
                0x000088e4       0x2e contiki-sky.a(timer.o)
                0x000088e4                timer_expired
 .text.list_init
                0x00008912        0x6 contiki-sky.a(list.o)
                0x00008912                list_init
 .text.list_head
                0x00008918        0x4 contiki-sky.a(list.o)
                0x00008918                list_head
 .text.list_tail
                0x0000891c       0x14 contiki-sky.a(list.o)
                0x0000891c                list_tail
 .text.list_remove
                0x00008930       0x2e contiki-sky.a(list.o)
                0x00008930                list_remove
 .text.list_push
                0x0000895e       0x1a contiki-sky.a(list.o)
                0x0000895e                list_push
 .text.list_add
                0x00008978       0x2a contiki-sky.a(list.o)
                0x00008978                list_add
 .text.list_length
                0x000089a2       0x10 contiki-sky.a(list.o)
                0x000089a2                list_length
 .text.list_item_next
                0x000089b2        0x8 contiki-sky.a(list.o)
                0x000089b2                list_item_next
 .text.update_time
                0x000089ba       0x78 contiki-sky.a(etimer.o)
 .text.etimer_request_poll
                0x00008a32        0xa contiki-sky.a(etimer.o)
                0x00008a32                etimer_request_poll
 .text.process_thread_etimer_process
                0x00008a3c       0xce contiki-sky.a(etimer.o)
 .text.add_timer
                0x00008b0a       0x40 contiki-sky.a(etimer.o)
 .text.etimer_set
                0x00008b4a       0x12 contiki-sky.a(etimer.o)
                0x00008b4a                etimer_set
 .text.etimer_reset
                0x00008b5c       0x12 contiki-sky.a(etimer.o)
                0x00008b5c                etimer_reset
 .text.etimer_restart
                0x00008b6e       0x12 contiki-sky.a(etimer.o)
                0x00008b6e                etimer_restart
 .text.etimer_expired
                0x00008b80        0xe contiki-sky.a(etimer.o)
                0x00008b80                etimer_expired
 .text.etimer_expiration_time
                0x00008b8e       0x14 contiki-sky.a(etimer.o)
                0x00008b8e                etimer_expiration_time
 .text.etimer_pending
                0x00008ba2        0xe contiki-sky.a(etimer.o)
                0x00008ba2                etimer_pending
 .text.etimer_next_expiration_time
                0x00008bb0       0x16 contiki-sky.a(etimer.o)
                0x00008bb0                etimer_next_expiration_time
 .text.etimer_stop
                0x00008bc6       0x3c contiki-sky.a(etimer.o)
                0x00008bc6                etimer_stop
 .text.process_thread_ctimer_process
                0x00008c02       0xa4 contiki-sky.a(ctimer.o)
 .text.ctimer_init
                0x00008ca6       0x18 contiki-sky.a(ctimer.o)
                0x00008ca6                ctimer_init
 .text.ctimer_set
                0x00008cbe       0x5a contiki-sky.a(ctimer.o)
                0x00008cbe                ctimer_set
 .text.ctimer_reset
                0x00008d18       0x3a contiki-sky.a(ctimer.o)
                0x00008d18                ctimer_reset
 .text.ctimer_stop
                0x00008d52       0x28 contiki-sky.a(ctimer.o)
                0x00008d52                ctimer_stop
 .text.energest_init
                0x00008d7a       0x2a contiki-sky.a(energest.o)
                0x00008d7a                energest_init
 .text.energest_type_time
                0x00008da4       0x44 contiki-sky.a(energest.o)
                0x00008da4                energest_type_time
 .text.energest_type_set
                0x00008de8        0xe contiki-sky.a(energest.o)
                0x00008de8                energest_type_set
 .text.energest_flush
                0x00008df6       0x4a contiki-sky.a(energest.o)
                0x00008df6                energest_flush
 .text.rtimer_init
                0x00008e40        0x6 contiki-sky.a(rtimer.o)
                0x00008e40                rtimer_init
 .text.rtimer_set
                0x00008e46       0x24 contiki-sky.a(rtimer.o)
                0x00008e46                rtimer_set
 .text.rtimer_run_next
                0x00008e6a       0x26 contiki-sky.a(rtimer.o)
                0x00008e6a                rtimer_run_next
 .text.stimer_set
                0x00008e90       0x1c contiki-sky.a(stimer.o)
                0x00008e90                stimer_set
 .text.stimer_expired
                0x00008eac       0x42 contiki-sky.a(stimer.o)
                0x00008eac                stimer_expired
 .text.random_init
                0x00008eee        0x6 contiki-sky.a(random.o)
                0x00008eee                random_init
 .text.random_rand
                0x00008ef4        0x6 contiki-sky.a(random.o)
                0x00008ef4                random_rand
 .text.index_from_key
                0x00008efa       0xb4 contiki-sky.a(nbr-table.o)
 .text.item_from_key
                0x00008fae       0x38 contiki-sky.a(nbr-table.o)
 .text.key_from_item
                0x00008fe6       0x3a contiki-sky.a(nbr-table.o)
 .text.nbr_set_bit
                0x00009020       0x6e contiki-sky.a(nbr-table.o)
 .text.index_from_lladdr
                0x0000908e       0x42 contiki-sky.a(nbr-table.o)
 .text.nbr_get_bit.clone.0
                0x000090d0       0x40 contiki-sky.a(nbr-table.o)
 .text.nbr_table_register
                0x00009110       0x26 contiki-sky.a(nbr-table.o)
                0x00009110                nbr_table_register
 .text.nbr_table_next
                0x00009136       0x36 contiki-sky.a(nbr-table.o)
                0x00009136                nbr_table_next
 .text.nbr_table_head
                0x0000916c       0x36 contiki-sky.a(nbr-table.o)
                0x0000916c                nbr_table_head
 .text.nbr_table_add_lladdr
                0x000091a2      0x13e contiki-sky.a(nbr-table.o)
                0x000091a2                nbr_table_add_lladdr
 .text.nbr_table_get_from_lladdr
                0x000092e0       0x4c contiki-sky.a(nbr-table.o)
                0x000092e0                nbr_table_get_from_lladdr
 .text.nbr_table_remove
                0x0000932c       0x32 contiki-sky.a(nbr-table.o)
                0x0000932c                nbr_table_remove
 .text.nbr_table_lock
                0x0000935e       0x10 contiki-sky.a(nbr-table.o)
                0x0000935e                nbr_table_lock
 .text.nbr_table_unlock
                0x0000936e       0x10 contiki-sky.a(nbr-table.o)
                0x0000936e                nbr_table_unlock
 .text.nbr_table_get_lladdr
                0x0000937e        0xc contiki-sky.a(nbr-table.o)
                0x0000937e                nbr_table_get_lladdr
 .text.packetbuf_copyto_hdr
                0x0000938a       0x1c contiki-sky.a(packetbuf.o)
                0x0000938a                packetbuf_copyto_hdr
 .text.packetbuf_copyto
                0x000093a6       0x52 contiki-sky.a(packetbuf.o)
                0x000093a6                packetbuf_copyto
 .text.packetbuf_hdr_remove
                0x000093f8        0x6 contiki-sky.a(packetbuf.o)
                0x000093f8                packetbuf_hdr_remove
 .text.packetbuf_hdrreduce
                0x000093fe       0x1a contiki-sky.a(packetbuf.o)
                0x000093fe                packetbuf_hdrreduce
 .text.packetbuf_set_datalen
                0x00009418        0x6 contiki-sky.a(packetbuf.o)
                0x00009418                packetbuf_set_datalen
 .text.packetbuf_dataptr
                0x0000941e        0xa contiki-sky.a(packetbuf.o)
                0x0000941e                packetbuf_dataptr
 .text.packetbuf_hdrptr
                0x00009428        0xa contiki-sky.a(packetbuf.o)
                0x00009428                packetbuf_hdrptr
 .text.packetbuf_is_reference
                0x00009432        0xe contiki-sky.a(packetbuf.o)
                0x00009432                packetbuf_is_reference
 .text.packetbuf_compact
                0x00009440       0x48 contiki-sky.a(packetbuf.o)
                0x00009440                packetbuf_compact
 .text.packetbuf_reference_ptr
                0x00009488        0x6 contiki-sky.a(packetbuf.o)
                0x00009488                packetbuf_reference_ptr
 .text.packetbuf_datalen
                0x0000948e        0x6 contiki-sky.a(packetbuf.o)
                0x0000948e                packetbuf_datalen
 .text.packetbuf_totlen
                0x00009494       0x10 contiki-sky.a(packetbuf.o)
                0x00009494                packetbuf_totlen
 .text.packetbuf_hdralloc
                0x000094a4       0x2e contiki-sky.a(packetbuf.o)
                0x000094a4                packetbuf_hdralloc
 .text.packetbuf_attr_clear
                0x000094d2       0x32 contiki-sky.a(packetbuf.o)
                0x000094d2                packetbuf_attr_clear
 .text.packetbuf_clear
                0x00009504       0x20 contiki-sky.a(packetbuf.o)
                0x00009504                packetbuf_clear
 .text.packetbuf_copyfrom
                0x00009524       0x2e contiki-sky.a(packetbuf.o)
                0x00009524                packetbuf_copyfrom
 .text.packetbuf_attr_copyto
                0x00009552       0x22 contiki-sky.a(packetbuf.o)
                0x00009552                packetbuf_attr_copyto
 .text.packetbuf_attr_copyfrom
                0x00009574       0x24 contiki-sky.a(packetbuf.o)
                0x00009574                packetbuf_attr_copyfrom
 .text.psock_send
                0x00009598       0xb0 contiki-sky.a(psock.o)
                0x00009598                psock_send
 .text.psock_datalen
                0x00009648        0xc contiki-sky.a(psock.o)
                0x00009648                psock_datalen
 .text.psock_newdata
                0x00009654       0x2a contiki-sky.a(psock.o)
                0x00009654                psock_newdata
 .text.psock_readto
                0x0000967e       0xa4 contiki-sky.a(psock.o)
                0x0000967e                psock_readto
 .text.psock_init
                0x00009722       0x22 contiki-sky.a(psock.o)
                0x00009722                psock_init
 .text.queuebuf_init
                0x00009744       0x1a contiki-sky.a(queuebuf.o)
                0x00009744                queuebuf_init
 .text.queuebuf_new_from_packetbuf
                0x0000975e       0x80 contiki-sky.a(queuebuf.o)
                0x0000975e                queuebuf_new_from_packetbuf
 .text.queuebuf_update_attr_from_packetbuf
                0x000097de       0x12 contiki-sky.a(queuebuf.o)
                0x000097de                queuebuf_update_attr_from_packetbuf
 .text.queuebuf_free
                0x000097f0       0x46 contiki-sky.a(queuebuf.o)
                0x000097f0                queuebuf_free
 .text.queuebuf_to_packetbuf
                0x00009836       0x70 contiki-sky.a(queuebuf.o)
                0x00009836                queuebuf_to_packetbuf
 .text.queuebuf_attr
                0x000098a6        0xe contiki-sky.a(queuebuf.o)
                0x000098a6                queuebuf_attr
 .text.set_packet_attrs
                0x000098b4       0x44 contiki-sky.a(sicslowpan.o)
 .text.addr_context_lookup_by_number
                0x000098f8       0x36 contiki-sky.a(sicslowpan.o)
 .text.compress_addr_64
                0x0000992e       0x92 contiki-sky.a(sicslowpan.o)
 .text.uncompress_addr
                0x000099c0       0xae contiki-sky.a(sicslowpan.o)
 .text.input    0x00009a6e      0x646 contiki-sky.a(sicslowpan.o)
 .text.sicslowpan_init
                0x0000a0b4       0x26 contiki-sky.a(sicslowpan.o)
                0x0000a0b4                sicslowpan_init
 .text.addr_context_lookup_by_prefix
                0x0000a0da       0x4c contiki-sky.a(sicslowpan.o)
 .text.send_packet
                0x0000a126       0x1a contiki-sky.a(sicslowpan.o)
 .text.output   0x0000a140      0x6ea contiki-sky.a(sicslowpan.o)
 .text.packet_sent
                0x0000a82a       0x22 contiki-sky.a(sicslowpan.o)
 .text.start_periodic_tcp_timer
                0x0000a84c       0x16 contiki-sky.a(tcpip.o)
 .text.tcpip_output
                0x0000a862       0x10 contiki-sky.a(tcpip.o)
                0x0000a862                tcpip_output
 .text.tcpip_set_outputfunc
                0x0000a872        0x6 contiki-sky.a(tcpip.o)
                0x0000a872                tcpip_set_outputfunc
 .text.tcp_listen
                0x0000a878       0x3c contiki-sky.a(tcpip.o)
                0x0000a878                tcp_listen
 .text.tcp_attach
                0x0000a8b4        0xc contiki-sky.a(tcpip.o)
                0x0000a8b4                tcp_attach
 .text.tcpip_input
                0x0000a8c0       0x16 contiki-sky.a(tcpip.o)
                0x0000a8c0                tcpip_input
 .text.tcpip_ipv6_output
                0x0000a8d6      0x178 contiki-sky.a(tcpip.o)
                0x0000a8d6                tcpip_ipv6_output
 .text.process_thread_tcpip_process
                0x0000aa4e      0x1dc contiki-sky.a(tcpip.o)
 .text.tcpip_uipcall
                0x0000ac2a       0x7c contiki-sky.a(tcpip.o)
                0x0000ac2a                tcpip_uipcall
 .text.uip_debug_ipaddr_print
                0x0000aca6       0x82 contiki-sky.a(uip-debug.o)
                0x0000aca6                uip_debug_ipaddr_print
 .text.call_route_callback
                0x0000ad28       0x54 contiki-sky.a(uip-ds6-route.o)
 .text.uip_ds6_route_init
                0x0000ad7c       0x2e contiki-sky.a(uip-ds6-route.o)
                0x0000ad7c                uip_ds6_route_init
 .text.uip_ds6_route_nexthop
                0x0000adaa       0x16 contiki-sky.a(uip-ds6-route.o)
                0x0000adaa                uip_ds6_route_nexthop
 .text.uip_ds6_route_head
                0x0000adc0       0x26 contiki-sky.a(uip-ds6-route.o)
                0x0000adc0                uip_ds6_route_head
 .text.uip_ds6_route_next
                0x0000ade6       0x3a contiki-sky.a(uip-ds6-route.o)
                0x0000ade6                uip_ds6_route_next
 .text.uip_ds6_route_lookup
                0x0000ae20       0x5a contiki-sky.a(uip-ds6-route.o)
                0x0000ae20                uip_ds6_route_lookup
 .text.uip_ds6_route_add
                0x0000ae7a       0xba contiki-sky.a(uip-ds6-route.o)
                0x0000ae7a                uip_ds6_route_add
 .text.uip_ds6_route_rm
                0x0000af34       0x60 contiki-sky.a(uip-ds6-route.o)
                0x0000af34                uip_ds6_route_rm
 .text.rm_routelist
                0x0000af94       0x30 contiki-sky.a(uip-ds6-route.o)
 .text.rm_routelist_callback
                0x0000afc4        0x6 contiki-sky.a(uip-ds6-route.o)
 .text.uip_ds6_defrt_rm
                0x0000afca       0x48 contiki-sky.a(uip-ds6-route.o)
                0x0000afca                uip_ds6_defrt_rm
 .text.uip_ds6_defrt_lookup
                0x0000b012       0x36 contiki-sky.a(uip-ds6-route.o)
                0x0000b012                uip_ds6_defrt_lookup
 .text.uip_ds6_defrt_add
                0x0000b048       0x74 contiki-sky.a(uip-ds6-route.o)
                0x0000b048                uip_ds6_defrt_add
 .text.uip_ds6_defrt_choose
                0x0000b0bc       0x3a contiki-sky.a(uip-ds6-route.o)
                0x0000b0bc                uip_ds6_defrt_choose
 .text.uip_ds6_defrt_periodic
                0x0000b0f6       0x38 contiki-sky.a(uip-ds6-route.o)
                0x0000b0f6                uip_ds6_defrt_periodic
 .text.uip_ds6_nbr_rm
                0x0000b12e       0x1a contiki-sky.a(uip-ds6-nbr.o)
                0x0000b12e                uip_ds6_nbr_rm
 .text.uip_ds6_neighbors_init
                0x0000b148        0xe contiki-sky.a(uip-ds6-nbr.o)
                0x0000b148                uip_ds6_neighbors_init
 .text.uip_ds6_nbr_add
                0x0000b156       0x60 contiki-sky.a(uip-ds6-nbr.o)
                0x0000b156                uip_ds6_nbr_add
 .text.uip_ds6_nbr_get_ll
                0x0000b1b6        0xc contiki-sky.a(uip-ds6-nbr.o)
                0x0000b1b6                uip_ds6_nbr_get_ll
 .text.uip_ds6_nbr_lookup
                0x0000b1c2       0x40 contiki-sky.a(uip-ds6-nbr.o)
                0x0000b1c2                uip_ds6_nbr_lookup
 .text.uip_ds6_nbr_ll_lookup
                0x0000b202        0xc contiki-sky.a(uip-ds6-nbr.o)
                0x0000b202                uip_ds6_nbr_ll_lookup
 .text.uip_ds6_nbr_ipaddr_from_lladdr
                0x0000b20e        0x6 contiki-sky.a(uip-ds6-nbr.o)
                0x0000b20e                uip_ds6_nbr_ipaddr_from_lladdr
 .text.uip_ds6_nbr_lladdr_from_ipaddr
                0x0000b214       0x10 contiki-sky.a(uip-ds6-nbr.o)
                0x0000b214                uip_ds6_nbr_lladdr_from_ipaddr
 .text.uip_ds6_link_neighbor_callback
                0x0000b224       0x2a contiki-sky.a(uip-ds6-nbr.o)
                0x0000b224                uip_ds6_link_neighbor_callback
 .text.uip_ds6_neighbor_periodic
                0x0000b24e      0x114 contiki-sky.a(uip-ds6-nbr.o)
                0x0000b24e                uip_ds6_neighbor_periodic
 .text.uip_ds6_list_loop
                0x0000b362       0x82 contiki-sky.a(uip-ds6.o)
                0x0000b362                uip_ds6_list_loop
 .text.uip_ds6_prefix_add
                0x0000b3e4       0x80 contiki-sky.a(uip-ds6.o)
                0x0000b3e4                uip_ds6_prefix_add
 .text.uip_ds6_is_addr_onlink
                0x0000b464       0x50 contiki-sky.a(uip-ds6.o)
                0x0000b464                uip_ds6_is_addr_onlink
 .text.uip_ds6_addr_lookup
                0x0000b4b4       0x2a contiki-sky.a(uip-ds6.o)
                0x0000b4b4                uip_ds6_addr_lookup
 .text.uip_ds6_get_link_local
                0x0000b4de       0x3e contiki-sky.a(uip-ds6.o)
                0x0000b4de                uip_ds6_get_link_local
 .text.uip_ds6_maddr_add
                0x0000b51c       0x4c contiki-sky.a(uip-ds6.o)
                0x0000b51c                uip_ds6_maddr_add
 .text.uip_ds6_addr_add
                0x0000b568       0xca contiki-sky.a(uip-ds6.o)
                0x0000b568                uip_ds6_addr_add
 .text.uip_ds6_maddr_lookup
                0x0000b632       0x2a contiki-sky.a(uip-ds6.o)
                0x0000b632                uip_ds6_maddr_lookup
 .text.uip_ds6_addr_rm
                0x0000b65c       0x54 contiki-sky.a(uip-ds6.o)
                0x0000b65c                uip_ds6_addr_rm
 .text.uip_ds6_periodic
                0x0000b6b0       0x4a contiki-sky.a(uip-ds6.o)
                0x0000b6b0                uip_ds6_periodic
 .text.uip_ds6_set_addr_iid
                0x0000b6fa       0x14 contiki-sky.a(uip-ds6.o)
                0x0000b6fa                uip_ds6_set_addr_iid
 .text.get_match_length
                0x0000b70e       0x46 contiki-sky.a(uip-ds6.o)
                0x0000b70e                get_match_length
 .text.uip_ds6_select_src
                0x0000b754       0xaa contiki-sky.a(uip-ds6.o)
                0x0000b754                uip_ds6_select_src
 .text.uip_ds6_compute_reachable_time
                0x0000b7fe       0x4a contiki-sky.a(uip-ds6.o)
                0x0000b7fe                uip_ds6_compute_reachable_time
 .text.uip_ds6_init
                0x0000b848      0x15a contiki-sky.a(uip-ds6.o)
                0x0000b848                uip_ds6_init
 .text.uip_icmp6_echo_request_input
                0x0000b9a2      0x122 contiki-sky.a(uip-icmp6.o)
                0x0000b9a2                uip_icmp6_echo_request_input
 .text.uip_icmp6_error_output
                0x0000bac4      0x16a contiki-sky.a(uip-icmp6.o)
                0x0000bac4                uip_icmp6_error_output
 .text.uip_icmp6_send
                0x0000bc2e       0x94 contiki-sky.a(uip-icmp6.o)
                0x0000bc2e                uip_icmp6_send
 .text.create_llao
                0x0000bcc2       0x2c contiki-sky.a(uip-nd6.o)
 .text.uip_nd6_ns_input
                0x0000bcee      0x236 contiki-sky.a(uip-nd6.o)
                0x0000bcee                uip_nd6_ns_input
 .text.uip_nd6_ns_output
                0x0000bf24      0x16c contiki-sky.a(uip-nd6.o)
                0x0000bf24                uip_nd6_ns_output
 .text.uip_nd6_na_input
                0x0000c090      0x1b8 contiki-sky.a(uip-nd6.o)
                0x0000c090                uip_nd6_na_input
 .text.chksum   0x0000c248       0x34 contiki-sky.a(uip6.o)
 .text.upper_layer_chksum
                0x0000c27c       0x54 contiki-sky.a(uip6.o)
 .text.ext_hdr_options_process
                0x0000c2d0       0xe0 contiki-sky.a(uip6.o)
 .text.uip_add32
                0x0000c3b0       0x72 contiki-sky.a(uip6.o)
                0x0000c3b0                uip_add32
 .text.uip_add_rcv_nxt
                0x0000c422       0x2e contiki-sky.a(uip6.o)
 .text.uip_icmp6chksum
                0x0000c450        0xa contiki-sky.a(uip6.o)
                0x0000c450                uip_icmp6chksum
 .text.uip_tcpchksum
                0x0000c45a        0xa contiki-sky.a(uip6.o)
                0x0000c45a                uip_tcpchksum
 .text.uip_udpchksum
                0x0000c464        0xa contiki-sky.a(uip6.o)
                0x0000c464                uip_udpchksum
 .text.uip_init
                0x0000c46e       0x6c contiki-sky.a(uip6.o)
                0x0000c46e                uip_init
 .text.remove_ext_hdr
                0x0000c4da       0x58 contiki-sky.a(uip6.o)
                0x0000c4da                remove_ext_hdr
 .text.uip_unlisten
                0x0000c532       0x32 contiki-sky.a(uip6.o)
                0x0000c532                uip_unlisten
 .text.uip_listen
                0x0000c564       0x34 contiki-sky.a(uip6.o)
                0x0000c564                uip_listen
 .text.uip_process
                0x0000c598      0xece contiki-sky.a(uip6.o)
                0x0000c598                uip_process
 .text.uip_htonl
                0x0000d466       0x3e contiki-sky.a(uip6.o)
                0x0000d466                uip_htonl
 .text.uip_send
                0x0000d4a4       0x28 contiki-sky.a(uip6.o)
                0x0000d4a4                uip_send
 .text.init_platform
                0x0000d4cc        0xc contiki-sky.a(contiki-sky-pla)
                0x0000d4cc                init_platform
 .text.status   0x0000d4d8       0x16 contiki-sky.a(button-sensor.o)
 .text.configure
                0x0000d4ee       0x4a contiki-sky.a(button-sensor.o)
 .text.value    0x0000d538       0x26 contiki-sky.a(button-sensor.o)
 .text.irq_p2   0x0000d55e       0x92 contiki-sky.a(button-sensor.o)
                0x0000d55e                irq_p2
                0x0000d55e                __isr_1
 .text.crc8_add
                0x0000d5f0       0x1a contiki-sky.a(ds2411.o)
 .text.owreadb  0x0000d60a       0x56 contiki-sky.a(ds2411.o)
 .text.ds2411_init
                0x0000d660      0x10a contiki-sky.a(ds2411.o)
                0x0000d660                ds2411_init
 .text.wait_ready
                0x0000d76a       0x4e contiki-sky.a(xmem.o)
 .text.xmem_init
                0x0000d7b8       0x3c contiki-sky.a(xmem.o)
                0x0000d7b8                xmem_init
 .text.xmem_pread
                0x0000d7f4       0xdc contiki-sky.a(xmem.o)
                0x0000d7f4                xmem_pread
 .text.node_id_restore
                0x0000d8d0       0x38 contiki-sky.a(node-id.o)
                0x0000d8d0                node_id_restore
 .text.get_sensor_index
                0x0000d908       0x22 contiki-sky.a(sensors.o)
 .text.process_thread_sensors_process
                0x0000d92a       0xc2 contiki-sky.a(sensors.o)
 .text.sensors_changed
                0x0000d9ec       0x14 contiki-sky.a(sensors.o)
                0x0000d9ec                sensors_changed
 .text.strobe   0x0000da00       0x1e contiki-sky.a(cc2420.o)
 .text.status   0x0000da1e       0x24 contiki-sky.a(cc2420.o)
 .text.getreg   0x0000da42       0x50 contiki-sky.a(cc2420.o)
 .text.setreg   0x0000da92       0x48 contiki-sky.a(cc2420.o)
 .text.set_txpower
                0x0000dada       0x2a contiki-sky.a(cc2420.o)
 .text.cc2420_receiving_packet
                0x0000db04       0x10 contiki-sky.a(cc2420.o)
 .text.pending_packet
                0x0000db14        0x8 contiki-sky.a(cc2420.o)
 .text.on       0x0000db1c       0x46 contiki-sky.a(cc2420.o)
 .text.flushrx  0x0000db62       0x74 contiki-sky.a(cc2420.o)
 .text.off      0x0000dbd6       0x78 contiki-sky.a(cc2420.o)
 .text.RELEASE_LOCK
                0x0000dc4e       0x28 contiki-sky.a(cc2420.o)
 .text.cc2420_prepare
                0x0000dc76       0x82 contiki-sky.a(cc2420.o)
 .text.cc2420_on
                0x0000dcf8       0x22 contiki-sky.a(cc2420.o)
                0x0000dcf8                cc2420_on
 .text.cc2420_off
                0x0000dd1a       0x30 contiki-sky.a(cc2420.o)
                0x0000dd1a                cc2420_off
 .text.cc2420_cca
                0x0000dd4a       0x7a contiki-sky.a(cc2420.o)
 .text.getrxdata
                0x0000ddc4       0x4e contiki-sky.a(cc2420.o)
 .text.cc2420_read
                0x0000de12       0xe6 contiki-sky.a(cc2420.o)
 .text.process_thread_cc2420_process
                0x0000def8       0x50 contiki-sky.a(cc2420.o)
 .text.cc2420_set_channel
                0x0000df48       0x7a contiki-sky.a(cc2420.o)
                0x0000df48                cc2420_set_channel
 .text.cc2420_set_pan_addr
                0x0000dfc2      0x13a contiki-sky.a(cc2420.o)
                0x0000dfc2                cc2420_set_pan_addr
 .text.cc2420_interrupt
                0x0000e0fc       0x20 contiki-sky.a(cc2420.o)
                0x0000e0fc                cc2420_interrupt
 .text.cc2420_get_txpower
                0x0000e11c       0x1e contiki-sky.a(cc2420.o)
                0x0000e11c                cc2420_get_txpower
 .text.cc2420_transmit
                0x0000e13a      0x1a4 contiki-sky.a(cc2420.o)
 .text.cc2420_send
                0x0000e2de       0x12 contiki-sky.a(cc2420.o)
 .text.cc2420_set_cca_threshold
                0x0000e2f0       0x16 contiki-sky.a(cc2420.o)
                0x0000e2f0                cc2420_set_cca_threshold
 .text.cc2420_init
                0x0000e306       0xdc contiki-sky.a(cc2420.o)
                0x0000e306                cc2420_init
 .text.cc2420_port1_interrupt
                0x0000e3e2       0x6a contiki-sky.a(cc2420-arch.o)
                0x0000e3e2                __isr_4
                0x0000e3e2                cc2420_port1_interrupt
 .text.cc2420_arch_init
                0x0000e44c       0x1a contiki-sky.a(cc2420-arch.o)
                0x0000e44c                cc2420_arch_init
 .text.handle_rxdma_timer
                0x0000e466       0x42 contiki-sky.a(uart1.o)
 .text.uart1_active
                0x0000e4a8       0x18 contiki-sky.a(uart1.o)
                0x0000e4a8                uart1_active
 .text.uart1_set_input
                0x0000e4c0       0x20 contiki-sky.a(uart1.o)
                0x0000e4c0                uart1_set_input
 .text.uart1_writeb
                0x0000e4e0       0x1a contiki-sky.a(uart1.o)
                0x0000e4e0                uart1_writeb
 .text.uart1_init
                0x0000e4fa       0xee contiki-sky.a(uart1.o)
                0x0000e4fa                uart1_init
 .text.slip_arch_writeb
                0x0000e5e8        0x6 contiki-sky.a(slip_uart1.o)
                0x0000e5e8                slip_arch_writeb
 .text.slip_arch_init
                0x0000e5ee        0xa contiki-sky.a(slip_uart1.o)
                0x0000e5ee                slip_arch_init
 .text.rxbuf_init
                0x0000e5f8       0x12 contiki-sky.a(slip.o)
 .text.process_thread_slip_process
                0x0000e60a      0x148 contiki-sky.a(slip.o)
 .text.slip_set_input_callback
                0x0000e752        0x6 contiki-sky.a(slip.o)
                0x0000e752                slip_set_input_callback
 .text.slip_send
                0x0000e758       0x60 contiki-sky.a(slip.o)
                0x0000e758                slip_send
 .text.slip_input_byte
                0x0000e7b8       0xc0 contiki-sky.a(slip.o)
                0x0000e7b8                slip_input_byte
 .text.msp430_init_dco
                0x0000e878       0x74 contiki-sky.a(msp430.o)
                0x0000e878                msp430_init_dco
 .text.msp430_add_lpm_req
                0x0000e8ec        0xa contiki-sky.a(msp430.o)
                0x0000e8ec                msp430_add_lpm_req
 .text.msp430_cpu_init
                0x0000e8f6       0x2a contiki-sky.a(msp430.o)
                0x0000e8f6                msp430_cpu_init
 .text.splhigh_
                0x0000e920        0x8 contiki-sky.a(msp430.o)
                0x0000e920                splhigh_
 .text.msp430_sync_dco
                0x0000e928       0x60 contiki-sky.a(msp430.o)
                0x0000e928                msp430_sync_dco
 .text.timera1  0x0000e988       0xee contiki-sky.a(clock.o)
                0x0000e988                __isr_5
                0x0000e988                timera1
 .text.clock_time
                0x0000ea76       0x1a contiki-sky.a(clock.o)
                0x0000ea76                clock_time
 .text.clock_init
                0x0000ea90       0x28 contiki-sky.a(clock.o)
                0x0000ea90                clock_init
 .text.clock_delay
                0x0000eab8        0xc contiki-sky.a(clock.o)
                0x0000eab8                clock_delay
 .text.clock_seconds
                0x0000eac4       0x1a contiki-sky.a(clock.o)
                0x0000eac4                clock_seconds
 .text.show_leds
                0x0000eade      0x10c contiki-sky.a(leds.o)
 .text.leds_init
                0x0000ebea        0xe contiki-sky.a(leds.o)
                0x0000ebea                leds_init
 .text.leds_on  0x0000ebf8       0x14 contiki-sky.a(leds.o)
                0x0000ebf8                leds_on
 .text.leds_off
                0x0000ec0c       0x14 contiki-sky.a(leds.o)
                0x0000ec0c                leds_off
 .text.leds_arch_init
                0x0000ec20        0xe contiki-sky.a(leds-arch.o)
                0x0000ec20                leds_arch_init
 .text.leds_arch_set
                0x0000ec2e       0x3a contiki-sky.a(leds-arch.o)
                0x0000ec2e                leds_arch_set
 .text.watchdog_interrupt
                0x0000ec68        0x6 contiki-sky.a(watchdog.o)
                0x0000ec68                __isr_10
                0x0000ec68                watchdog_interrupt
 .text.watchdog_start
                0x0000ec6e       0x14 contiki-sky.a(watchdog.o)
                0x0000ec6e                watchdog_start
 .text.watchdog_periodic
                0x0000ec82       0x12 contiki-sky.a(watchdog.o)
                0x0000ec82                watchdog_periodic
 .text.watchdog_stop
                0x0000ec94       0x16 contiki-sky.a(watchdog.o)
                0x0000ec94                watchdog_stop
 .text.watchdog_init
                0x0000ecaa       0x14 contiki-sky.a(watchdog.o)
                0x0000ecaa                watchdog_init
 .text.rtimer_arch_init
                0x0000ecbe        0xe contiki-sky.a(rtimer-arch.o)
                0x0000ecbe                rtimer_arch_init
 .text.rtimer_arch_now
                0x0000eccc        0xe contiki-sky.a(rtimer-arch.o)
                0x0000eccc                rtimer_arch_now
 .text.timera0  0x0000ecda       0x76 contiki-sky.a(rtimer-arch.o)
                0x0000ecda                __isr_6
                0x0000ecda                timera0
 .text.rtimer_arch_schedule
                0x0000ed50        0x6 contiki-sky.a(rtimer-arch.o)
                0x0000ed50                rtimer_arch_schedule
 .text.mac_call_sent_callback
                0x0000ed56       0x14 contiki-sky.a(mac.o)
                0x0000ed56                mac_call_sent_callback
 .text.parse    0x0000ed6a       0xa8 contiki-sky.a(framer-802154.o)
 .text.create   0x0000ee12      0x10a contiki-sky.a(framer-802154.o)
 .text.rpl_purge_routes
                0x0000ef1c       0x96 contiki-sky.a(rpl.o)
                0x0000ef1c                rpl_purge_routes
 .text.rpl_remove_routes
                0x0000efb2       0x22 contiki-sky.a(rpl.o)
                0x0000efb2                rpl_remove_routes
 .text.rpl_remove_routes_by_nexthop
                0x0000efd4       0x46 contiki-sky.a(rpl.o)
                0x0000efd4                rpl_remove_routes_by_nexthop
 .text.rpl_add_route
                0x0000f01a       0x46 contiki-sky.a(rpl.o)
                0x0000f01a                rpl_add_route
 .text.rpl_link_neighbor_callback
                0x0000f060       0x6a contiki-sky.a(rpl.o)
                0x0000f060                rpl_link_neighbor_callback
 .text.rpl_ipv6_neighbor_callback
                0x0000f0ca       0x1e contiki-sky.a(rpl.o)
                0x0000f0ca                rpl_ipv6_neighbor_callback
 .text.rpl_init
                0x0000f0e8       0x40 contiki-sky.a(rpl.o)
                0x0000f0e8                rpl_init
 .text.rpl_verify_header
                0x0000f128       0xae contiki-sky.a(rpl-ext-header.)
                0x0000f128                rpl_verify_header
 .text.rpl_update_header_empty
                0x0000f1d6       0xf8 contiki-sky.a(rpl-ext-header.)
                0x0000f1d6                rpl_update_header_empty
 .text.rpl_update_header_final
                0x0000f2ce       0x84 contiki-sky.a(rpl-ext-header.)
                0x0000f2ce                rpl_update_header_final
 .text.rpl_invert_header
                0x0000f352       0x5c contiki-sky.a(rpl-ext-header.)
                0x0000f352                rpl_invert_header
 .text.rpl_insert_header
                0x0000f3ae       0x18 contiki-sky.a(rpl-ext-header.)
                0x0000f3ae                rpl_insert_header
 .text.spi_init
                0x0000f3c6       0x32 contiki-sky.a(spi.o)
                0x0000f3c6                spi_init
 .text.field_len
                0x0000f3f8       0x98 contiki-sky.a(frame802154.o)
 .text.frame802154_hdrlen
                0x0000f490       0x2e contiki-sky.a(frame802154.o)
                0x0000f490                frame802154_hdrlen
 .text.frame802154_create
                0x0000f4be      0x16c contiki-sky.a(frame802154.o)
                0x0000f4be                frame802154_create
 .text.frame802154_parse
                0x0000f62a      0x19e contiki-sky.a(frame802154.o)
                0x0000f62a                frame802154_parse
 .text.libgcc   0x0000f7c8       0x20 /usr/lib/gcc/msp430/4.5.3/mmpy-16/libgcc.a(_mulsi3.o)
                0x0000f7c8                __mulsi3
 .text.libgcc   0x0000f7e8       0x1c /usr/lib/gcc/msp430/4.5.3/mmpy-16/libgcc.a(_udivmodhi4.o)
                0x0000f7e8                __udivmodhi4
 .text.libgcc   0x0000f804       0x36 /usr/lib/gcc/msp430/4.5.3/mmpy-16/libgcc.a(_divmodhi4.o)
                0x0000f804                __divmodhi4
 .text.libgcc   0x0000f83a       0x2a /usr/lib/gcc/msp430/4.5.3/mmpy-16/libgcc.a(_udivmodsi4.o)
                0x0000f83a                __udivmodsi4
 .text.crt0     0x0000f864        0x2 /usr/lib/gcc/msp430/4.5.3/mmpy-16/libcrt0.a(_unexpected_.o)
                0x0000f864                _unexpected_

.rodata         0x0000f866        0x0
                0x0000f866                . = ALIGN (0x2)
 *(.rodata .rodata.* .gnu.linkonce.r.*)
                0x0000f866                . = ALIGN (0x2)
                0x0000f866                _etext = .

.data           0x00001100       0xf4 load address 0x0000f866
                0x00001100                . = ALIGN (0x2)
                0x00001100                PROVIDE (__data_start, .)
 *(.data)
 .data          0x00001100       0x24 border-router-simoni.co
                0x00001100                dag_id
                0x00001110                border_router_process
                0x0000111a                webserver_nogui_process
 .data          0x00001124        0x8 obj_sky/httpd-simple.o
 .data          0x0000112c       0x18 contiki-sky.a(csma.o)
 .data          0x00001144       0x10 contiki-sky.a(phase.o)
 .data          0x00001154        0x8 contiki-sky.a(rpl-dag.o)
 .data          0x0000115c        0x1 contiki-sky.a(rpl-icmp6.o)
 *fill*         0x0000115d        0x1 00
 .data          0x0000115e        0xe contiki-sky.a(rpl-mrhof.o)
                0x0000115e                rpl_mrhof
 .data          0x0000116c        0xa contiki-sky.a(etimer.o)
                0x0000116c                etimer_process
 .data          0x00001176        0xa contiki-sky.a(ctimer.o)
                0x00001176                ctimer_process
 .data          0x00001180        0x8 contiki-sky.a(nbr-table.o)
 .data          0x00001188       0x18 contiki-sky.a(queuebuf.o)
 .data          0x000011a0        0xa contiki-sky.a(tcpip.o)
                0x000011a0                tcpip_process
 .data          0x000011aa       0x18 contiki-sky.a(uip-ds6-route.o)
 .data          0x000011c2        0xa contiki-sky.a(uip-ds6-nbr.o)
                0x000011c2                ds6_neighbors
 .data          0x000011cc        0x4 contiki-sky.a(contiki-sky-pla)
                0x000011cc                sensors
 .data          0x000011d0        0xa contiki-sky.a(sensors.o)
                0x000011d0                sensors_process
 .data          0x000011da        0xa contiki-sky.a(cc2420.o)
                0x000011da                cc2420_process
 .data          0x000011e4        0xa contiki-sky.a(slip.o)
                0x000011e4                slip_process
 .data          0x000011ee        0x2 contiki-sky.a(msp430.o)
 .data          0x000011f0        0x4 /usr/lib/gcc/msp430/4.5.3/../../../../msp430/lib/mmpy-16/libc.a(rand.o)
 *(SORT(.data.*))
                0x000011f4                . = ALIGN (0x2)
 *(.gnu.linkonce.d*)
                0x000011f4                . = ALIGN (0x2)
                0x000011f4                _edata = .
                0x0000f866                PROVIDE (__data_load_start, LOADADDR (.data))
                0x000000f4                PROVIDE (__data_size, SIZEOF (.data))

.bss            0x000011f4     0x1ec2 load address 0x0000f95a
                0x000011f4                PROVIDE (__bss_start, .)
 *(.bss)
 .bss           0x000011f4      0x122 border-router-simoni.co
 .bss           0x00001316       0x12 obj_sky/slip-bridge.o
 .bss           0x00001328       0xae obj_sky/httpd-simple.o
 .bss           0x000013d6        0xc obj_sky/contiki-sky-main.o
 .bss           0x000013e2       0xc2 contiki-sky.a(csma.o)
 .bss           0x000014a4       0xd8 contiki-sky.a(contikimac.o)
 .bss           0x0000157c      0x1d8 contiki-sky.a(phase.o)
 .bss           0x00001754       0xc8 contiki-sky.a(rpl-dag.o)
 .bss           0x0000181c       0x18 contiki-sky.a(rpl-timers.o)
 .bss           0x00001834       0x42 contiki-sky.a(process.o)
                0x00001834                process_list
                0x00001836                process_current
 .bss           0x00001876        0x8 contiki-sky.a(compower.o)
 .bss           0x0000187e        0x6 contiki-sky.a(etimer.o)
 .bss           0x00001884        0x4 contiki-sky.a(ctimer.o)
 .bss           0x00001888        0x2 contiki-sky.a(rtimer.o)
 .bss           0x0000188a      0x118 contiki-sky.a(nbr-table.o)
 .bss           0x000019a2       0xba contiki-sky.a(packetbuf.o)
 .bss           0x00001a5c      0x71e contiki-sky.a(queuebuf.o)
 .bss           0x0000217a      0x122 contiki-sky.a(sicslowpan.o)
 .bss           0x0000229c       0x36 contiki-sky.a(tcpip.o)
 .bss           0x000022d2      0x2fc contiki-sky.a(uip-ds6-route.o)
 .bss           0x000025ce      0x2d0 contiki-sky.a(uip-ds6-nbr.o)
 .bss           0x0000289e       0x18 contiki-sky.a(uip-ds6.o)
 .bss           0x000028b6       0x10 contiki-sky.a(uip-icmp6.o)
 .bss           0x000028c6        0xa contiki-sky.a(uip-nd6.o)
 .bss           0x000028d0       0x10 contiki-sky.a(uip6.o)
                0x000028d0                uip_ext_bitmap
                0x000028d2                uip_ext_len
                0x000028d4                uip_ext_opt_offset
 .bss           0x000028e0        0x8 contiki-sky.a(button-sensor.o)
 .bss           0x000028e8        0x2 contiki-sky.a(node-id.o)
                0x000028e8                node_id
 .bss           0x000028ea        0x6 contiki-sky.a(sensors.o)
 .bss           0x000028f0        0xa contiki-sky.a(cc2420.o)
 .bss           0x000028fa       0x9a contiki-sky.a(uart1.o)
 .bss           0x00002994      0x10a contiki-sky.a(slip.o)
 .bss           0x00002a9e        0xa contiki-sky.a(clock.o)
 .bss           0x00002aa8        0x2 contiki-sky.a(leds.o)
 .bss           0x00002aaa        0x2 contiki-sky.a(watchdog.o)
 .bss           0x00002aac        0x2 contiki-sky.a(framer-802154.o)
 .bss           0x00002aae        0x4 /usr/lib/gcc/msp430/4.5.3/../../../../msp430/lib/mmpy-16/libc.a(sprintf.o)
 *(SORT(.bss.*))
 *(COMMON)
 COMMON         0x00002ab2        0x8 contiki-sky.a(rimeaddr.o)
                0x00002ab2                rimeaddr_node_addr
 COMMON         0x00002aba       0xbe contiki-sky.a(rpl-dag.o)
                0x00002aba                default_instance
                0x00002abc                instance_table
 COMMON         0x00002b78        0x1 contiki-sky.a(process.o)
                0x00002b78                process_maxevents
 *fill*         0x00002b79        0x1 00
 COMMON         0x00002b7a        0x8 contiki-sky.a(compower.o)
                0x00002b7a                compower_idle_activity
 COMMON         0x00002b82       0x56 contiki-sky.a(energest.o)
                0x00002b82                energest_total_time
                0x00002bb2                energest_total_count
                0x00002bb4                energest_current_mode
                0x00002bc0                energest_current_time
 COMMON         0x00002bd8       0x50 contiki-sky.a(packetbuf.o)
                0x00002bd8                packetbuf_addrs
                0x00002bf8                packetbuf_attrs
 COMMON         0x00002c28        0x8 contiki-sky.a(sicslowpan.o)
                0x00002c28                frag_sender
 COMMON         0x00002c30        0x1 contiki-sky.a(tcpip.o)
                0x00002c30                tcpip_event
 *fill*         0x00002c31        0x1 00
 COMMON         0x00002c32      0x15c contiki-sky.a(uip-ds6.o)
                0x00002c32                uip_ds6_timer_ra
                0x00002c3a                uip_ds6_if
                0x00002d26                uip_ds6_netif_addr_list_offset
                0x00002d27                uip_ds6_addr_size
                0x00002d28                uip_ds6_prefix_list
                0x00002d82                uip_ds6_timer_periodic
 COMMON         0x00002d8e      0x304 contiki-sky.a(uip6.o)
                0x00002d8e                uip_len
                0x00002d90                uip_sappdata
                0x00002d92                uip_acc32
                0x00002d96                uip_lladdr
                0x00002d9e                uip_aligned_buf
                0x00002e8e                uip_flags
                0x00002e90                uip_next_hdr
                0x00002e92                uip_udp_conn
                0x00002e94                uip_appdata
                0x00002e96                uip_conn
                0x00002e98                uip_conns
                0x00002f48                uip_listenports
                0x00002f58                uip_slen
                0x00002f5a                uip_udp_conns
 COMMON         0x00003092        0x2 contiki-sky.a(contiki-sky-pla)
                0x00003092                sensors_flags
 COMMON         0x00003094        0x8 contiki-sky.a(ds2411.o)
                0x00003094                ds2411_id
 COMMON         0x0000309c        0x1 contiki-sky.a(sensors.o)
                0x0000309c                sensors_event
 *fill*         0x0000309d        0x1 00
 COMMON         0x0000309e       0x14 contiki-sky.a(cc2420.o)
                0x0000309e                cc2420_last_rssi
                0x000030a0                cc2420_packets_read
                0x000030a2                cc2420_packets_seen
                0x000030a4                cc2420_sfd_start_time
                0x000030a6                cc2420_time_of_departure
                0x000030a8                cc2420_time_of_arrival
                0x000030aa                cc2420_last_correlation
                0x000030ac                cc2420_authority_level_of_sender
                0x000030ae                cc2420_sfd_counter
                0x000030b0                cc2420_sfd_end_time
 COMMON         0x000030b2        0x1 contiki-sky.a(slip.o)
                0x000030b2                slip_active
 *fill*         0x000030b3        0x1 00
 COMMON         0x000030b4        0x2 contiki-sky.a(msp430.o)
                0x000030b4                msp430_dco_required
                0x000030b6                PROVIDE (__bss_end, .)
                0x000030b6                _end = .
                0x00001ec2                PROVIDE (__bss_size, SIZEOF (.bss))

.noinit         0x000030b6        0x0 load address 0x0000f95a
                0x000030b6                PROVIDE (__noinit_start, .)
 *(.noinit)
 *(.noinit.*)
 *(COMMON)
                0x000030b6                PROVIDE (__noinit_end, .)
                0x000030b6                _end = .

.infomem        0x00001000        0x0
 *(.infomem)
                0x00001000                . = ALIGN (0x2)
 *(.infomem.*)

.infomemnobits  0x00001000        0x0
                0x00001000                . = ALIGN (0x2)
 *(.infomemnobits)
                0x00001000                . = ALIGN (0x2)
 *(.infomemnobits.*)

.vectors        0x0000ffe0       0x20
                0x0000ffe0                PROVIDE (__vectors_start, .)
 *(.vectors*)
 .vectors       0x0000ffe0       0x20 /usr/lib/gcc/msp430/4.5.3/mmpy-16/crt0ivtbl16.o
                0x0000ffe0                __ivtbl_16
                0x00010000                _vectors_end = .

.fartext        0x00000000        0x0
                0x00000000                . = ALIGN (0x2)
 *(.fartext)
                0x00000000                . = ALIGN (0x2)
 *(.fartext.*)
                0x00000000                _efartext = .

.profiler
 *(.profiler)

.stab
 *(.stab)

.stabstr
 *(.stabstr)

.stab.excl
 *(.stab.excl)

.stab.exclstr
 *(.stab.exclstr)

.stab.index
 *(.stab.index)

.stab.indexstr
 *(.stab.indexstr)

.comment
 *(.comment)

.debug
 *(.debug)

.line
 *(.line)

.debug_srcinfo
 *(.debug_srcinfo)

.debug_sfnames
 *(.debug_sfnames)

.debug_aranges  0x00000000      0x1a4
 *(.debug_aranges)
 .debug_aranges
                0x00000000       0x14 /usr/lib/gcc/msp430/4.5.3/mmpy-16/libgcc.a(_mulsi3.o)
 .debug_aranges
                0x00000014       0x14 /usr/lib/gcc/msp430/4.5.3/mmpy-16/libgcc.a(_udivmodhi4.o)
 .debug_aranges
                0x00000028       0x14 /usr/lib/gcc/msp430/4.5.3/mmpy-16/libgcc.a(_divmodhi4.o)
 .debug_aranges
                0x0000003c       0x14 /usr/lib/gcc/msp430/4.5.3/mmpy-16/libgcc.a(_udivmodsi4.o)
 .debug_aranges
                0x00000050       0x14 /usr/lib/gcc/msp430/4.5.3/../../../../msp430/lib/mmpy-16/libc.a(strncmp.o)
 .debug_aranges
                0x00000064       0x14 /usr/lib/gcc/msp430/4.5.3/../../../../msp430/lib/mmpy-16/libc.a(memcmp.o)
 .debug_aranges
                0x00000078       0x14 /usr/lib/gcc/msp430/4.5.3/../../../../msp430/lib/mmpy-16/libc.a(strncpy.o)
 .debug_aranges
                0x0000008c       0x14 /usr/lib/gcc/msp430/4.5.3/../../../../msp430/lib/mmpy-16/libc.a(memcpy.o)
 .debug_aranges
                0x000000a0       0x14 /usr/lib/gcc/msp430/4.5.3/../../../../msp430/lib/mmpy-16/libc.a(memmove.o)
 .debug_aranges
                0x000000b4       0x14 /usr/lib/gcc/msp430/4.5.3/../../../../msp430/lib/mmpy-16/libc.a(memset.o)
 .debug_aranges
                0x000000c8       0x14 /usr/lib/gcc/msp430/4.5.3/../../../../msp430/lib/mmpy-16/libc.a(printf.o)
 .debug_aranges
                0x000000dc       0x14 /usr/lib/gcc/msp430/4.5.3/../../../../msp430/lib/mmpy-16/libc.a(sprintf.o)
 .debug_aranges
                0x000000f0       0x14 /usr/lib/gcc/msp430/4.5.3/../../../../msp430/lib/mmpy-16/libc.a(vuprintf.o)
 .debug_aranges
                0x00000104       0x14 /usr/lib/gcc/msp430/4.5.3/../../../../msp430/lib/mmpy-16/libc.a(puts.o)
 .debug_aranges
                0x00000118       0x14 /usr/lib/gcc/msp430/4.5.3/../../../../msp430/lib/mmpy-16/libc.a(rand.o)
 .debug_aranges
                0x0000012c       0x14 /usr/lib/gcc/msp430/4.5.3/mmpy-16/libcrt0.a(__init_stack.o)
 .debug_aranges
                0x00000140       0x14 /usr/lib/gcc/msp430/4.5.3/mmpy-16/libcrt0.a(__low_level_init.o)
 .debug_aranges
                0x00000154       0x14 /usr/lib/gcc/msp430/4.5.3/mmpy-16/libcrt0.a(_copy_data.o)
 .debug_aranges
                0x00000168       0x14 /usr/lib/gcc/msp430/4.5.3/mmpy-16/libcrt0.a(_clear_bss.o)
 .debug_aranges
                0x0000017c       0x14 /usr/lib/gcc/msp430/4.5.3/mmpy-16/libcrt0.a(_endless_loop__.o)
 .debug_aranges
                0x00000190       0x14 /usr/lib/gcc/msp430/4.5.3/mmpy-16/libcrt0.a(_unexpected_.o)

.debug_pubnames
                0x00000000      0x18a
 *(.debug_pubnames)
 .debug_pubnames
                0x00000000       0x1e /usr/lib/gcc/msp430/4.5.3/../../../../msp430/lib/mmpy-16/libc.a(strncmp.o)
 .debug_pubnames
                0x0000001e       0x1d /usr/lib/gcc/msp430/4.5.3/../../../../msp430/lib/mmpy-16/libc.a(memcmp.o)
 .debug_pubnames
                0x0000003b       0x1e /usr/lib/gcc/msp430/4.5.3/../../../../msp430/lib/mmpy-16/libc.a(strncpy.o)
 .debug_pubnames
                0x00000059       0x1d /usr/lib/gcc/msp430/4.5.3/../../../../msp430/lib/mmpy-16/libc.a(memcpy.o)
 .debug_pubnames
                0x00000076       0x1e /usr/lib/gcc/msp430/4.5.3/../../../../msp430/lib/mmpy-16/libc.a(memmove.o)
 .debug_pubnames
                0x00000094       0x1d /usr/lib/gcc/msp430/4.5.3/../../../../msp430/lib/mmpy-16/libc.a(memset.o)
 .debug_pubnames
                0x000000b1       0x29 /usr/lib/gcc/msp430/4.5.3/../../../../msp430/lib/mmpy-16/libc.a(printf.o)
 .debug_pubnames
                0x000000da       0x46 /usr/lib/gcc/msp430/4.5.3/../../../../msp430/lib/mmpy-16/libc.a(sprintf.o)
 .debug_pubnames
                0x00000120       0x1f /usr/lib/gcc/msp430/4.5.3/../../../../msp430/lib/mmpy-16/libc.a(vuprintf.o)
 .debug_pubnames
                0x0000013f       0x1b /usr/lib/gcc/msp430/4.5.3/../../../../msp430/lib/mmpy-16/libc.a(puts.o)
 .debug_pubnames
                0x0000015a       0x30 /usr/lib/gcc/msp430/4.5.3/../../../../msp430/lib/mmpy-16/libc.a(rand.o)

.debug_info     0x00000000     0x1654
 *(.debug_info)
 .debug_info    0x00000000       0xd7 /usr/lib/gcc/msp430/4.5.3/mmpy-16/libgcc.a(_mulsi3.o)
 .debug_info    0x000000d7       0xd7 /usr/lib/gcc/msp430/4.5.3/mmpy-16/libgcc.a(_udivmodhi4.o)
 .debug_info    0x000001ae       0xd7 /usr/lib/gcc/msp430/4.5.3/mmpy-16/libgcc.a(_divmodhi4.o)
 .debug_info    0x00000285       0xd7 /usr/lib/gcc/msp430/4.5.3/mmpy-16/libgcc.a(_udivmodsi4.o)
 .debug_info    0x0000035c       0xbd /usr/lib/gcc/msp430/4.5.3/../../../../msp430/lib/mmpy-16/libc.a(strncmp.o)
 .debug_info    0x00000419       0xe2 /usr/lib/gcc/msp430/4.5.3/../../../../msp430/lib/mmpy-16/libc.a(memcmp.o)
 .debug_info    0x000004fb       0xe3 /usr/lib/gcc/msp430/4.5.3/../../../../msp430/lib/mmpy-16/libc.a(strncpy.o)
 .debug_info    0x000005de      0x113 /usr/lib/gcc/msp430/4.5.3/../../../../msp430/lib/mmpy-16/libc.a(memcpy.o)
 .debug_info    0x000006f1      0x113 /usr/lib/gcc/msp430/4.5.3/../../../../msp430/lib/mmpy-16/libc.a(memmove.o)
 .debug_info    0x00000804       0xfe /usr/lib/gcc/msp430/4.5.3/../../../../msp430/lib/mmpy-16/libc.a(memset.o)
 .debug_info    0x00000902      0x103 /usr/lib/gcc/msp430/4.5.3/../../../../msp430/lib/mmpy-16/libc.a(printf.o)
 .debug_info    0x00000a05      0x277 /usr/lib/gcc/msp430/4.5.3/../../../../msp430/lib/mmpy-16/libc.a(sprintf.o)
 .debug_info    0x00000c7c      0x3b5 /usr/lib/gcc/msp430/4.5.3/../../../../msp430/lib/mmpy-16/libc.a(vuprintf.o)
 .debug_info    0x00001031       0x96 /usr/lib/gcc/msp430/4.5.3/../../../../msp430/lib/mmpy-16/libc.a(puts.o)
 .debug_info    0x000010c7      0x137 /usr/lib/gcc/msp430/4.5.3/../../../../msp430/lib/mmpy-16/libc.a(rand.o)
 .debug_info    0x000011fe       0xb9 /usr/lib/gcc/msp430/4.5.3/mmpy-16/libcrt0.a(__init_stack.o)
 .debug_info    0x000012b7       0xb9 /usr/lib/gcc/msp430/4.5.3/mmpy-16/libcrt0.a(__low_level_init.o)
 .debug_info    0x00001370       0xb9 /usr/lib/gcc/msp430/4.5.3/mmpy-16/libcrt0.a(_copy_data.o)
 .debug_info    0x00001429       0xb9 /usr/lib/gcc/msp430/4.5.3/mmpy-16/libcrt0.a(_clear_bss.o)
 .debug_info    0x000014e2       0xb9 /usr/lib/gcc/msp430/4.5.3/mmpy-16/libcrt0.a(_endless_loop__.o)
 .debug_info    0x0000159b       0xb9 /usr/lib/gcc/msp430/4.5.3/mmpy-16/libcrt0.a(_unexpected_.o)
 *(.gnu.linkonce.wi.*)

.debug_abbrev   0x00000000      0x8e8
 *(.debug_abbrev)
 .debug_abbrev  0x00000000       0x14 /usr/lib/gcc/msp430/4.5.3/mmpy-16/libgcc.a(_mulsi3.o)
 .debug_abbrev  0x00000014       0x14 /usr/lib/gcc/msp430/4.5.3/mmpy-16/libgcc.a(_udivmodhi4.o)
 .debug_abbrev  0x00000028       0x14 /usr/lib/gcc/msp430/4.5.3/mmpy-16/libgcc.a(_divmodhi4.o)
 .debug_abbrev  0x0000003c       0x14 /usr/lib/gcc/msp430/4.5.3/mmpy-16/libgcc.a(_udivmodsi4.o)
 .debug_abbrev  0x00000050       0x6d /usr/lib/gcc/msp430/4.5.3/../../../../msp430/lib/mmpy-16/libc.a(strncmp.o)
 .debug_abbrev  0x000000bd       0x8a /usr/lib/gcc/msp430/4.5.3/../../../../msp430/lib/mmpy-16/libc.a(memcmp.o)
 .debug_abbrev  0x00000147       0x94 /usr/lib/gcc/msp430/4.5.3/../../../../msp430/lib/mmpy-16/libc.a(strncpy.o)
 .debug_abbrev  0x000001db       0x97 /usr/lib/gcc/msp430/4.5.3/../../../../msp430/lib/mmpy-16/libc.a(memcpy.o)
 .debug_abbrev  0x00000272       0x97 /usr/lib/gcc/msp430/4.5.3/../../../../msp430/lib/mmpy-16/libc.a(memmove.o)
 .debug_abbrev  0x00000309       0x8d /usr/lib/gcc/msp430/4.5.3/../../../../msp430/lib/mmpy-16/libc.a(memset.o)
 .debug_abbrev  0x00000396       0xce /usr/lib/gcc/msp430/4.5.3/../../../../msp430/lib/mmpy-16/libc.a(printf.o)
 .debug_abbrev  0x00000464      0x105 /usr/lib/gcc/msp430/4.5.3/../../../../msp430/lib/mmpy-16/libc.a(sprintf.o)
 .debug_abbrev  0x00000569      0x1cb /usr/lib/gcc/msp430/4.5.3/../../../../msp430/lib/mmpy-16/libc.a(vuprintf.o)
 .debug_abbrev  0x00000734       0x60 /usr/lib/gcc/msp430/4.5.3/../../../../msp430/lib/mmpy-16/libc.a(puts.o)
 .debug_abbrev  0x00000794       0xdc /usr/lib/gcc/msp430/4.5.3/../../../../msp430/lib/mmpy-16/libc.a(rand.o)
 .debug_abbrev  0x00000870       0x14 /usr/lib/gcc/msp430/4.5.3/mmpy-16/libcrt0.a(__init_stack.o)
 .debug_abbrev  0x00000884       0x14 /usr/lib/gcc/msp430/4.5.3/mmpy-16/libcrt0.a(__low_level_init.o)
 .debug_abbrev  0x00000898       0x14 /usr/lib/gcc/msp430/4.5.3/mmpy-16/libcrt0.a(_copy_data.o)
 .debug_abbrev  0x000008ac       0x14 /usr/lib/gcc/msp430/4.5.3/mmpy-16/libcrt0.a(_clear_bss.o)
 .debug_abbrev  0x000008c0       0x14 /usr/lib/gcc/msp430/4.5.3/mmpy-16/libcrt0.a(_endless_loop__.o)
 .debug_abbrev  0x000008d4       0x14 /usr/lib/gcc/msp430/4.5.3/mmpy-16/libcrt0.a(_unexpected_.o)

.debug_line     0x00000000      0xcea
 *(.debug_line)
 .debug_line    0x00000000       0x9d /usr/lib/gcc/msp430/4.5.3/mmpy-16/libgcc.a(_mulsi3.o)
 .debug_line    0x0000009d       0x9a /usr/lib/gcc/msp430/4.5.3/mmpy-16/libgcc.a(_udivmodhi4.o)
 .debug_line    0x00000137       0xa5 /usr/lib/gcc/msp430/4.5.3/mmpy-16/libgcc.a(_divmodhi4.o)
 .debug_line    0x000001dc       0xa1 /usr/lib/gcc/msp430/4.5.3/mmpy-16/libgcc.a(_udivmodsi4.o)
 .debug_line    0x0000027d       0x76 /usr/lib/gcc/msp430/4.5.3/../../../../msp430/lib/mmpy-16/libc.a(strncmp.o)
 .debug_line    0x000002f3       0x7c /usr/lib/gcc/msp430/4.5.3/../../../../msp430/lib/mmpy-16/libc.a(memcmp.o)
 .debug_line    0x0000036f       0x78 /usr/lib/gcc/msp430/4.5.3/../../../../msp430/lib/mmpy-16/libc.a(strncpy.o)
 .debug_line    0x000003e7       0xf3 /usr/lib/gcc/msp430/4.5.3/../../../../msp430/lib/mmpy-16/libc.a(memcpy.o)
 .debug_line    0x000004da       0xf3 /usr/lib/gcc/msp430/4.5.3/../../../../msp430/lib/mmpy-16/libc.a(memmove.o)
 .debug_line    0x000005cd       0xbd /usr/lib/gcc/msp430/4.5.3/../../../../msp430/lib/mmpy-16/libc.a(memset.o)
 .debug_line    0x0000068a       0x72 /usr/lib/gcc/msp430/4.5.3/../../../../msp430/lib/mmpy-16/libc.a(printf.o)
 .debug_line    0x000006fc       0x9c /usr/lib/gcc/msp430/4.5.3/../../../../msp430/lib/mmpy-16/libc.a(sprintf.o)
 .debug_line    0x00000798      0x198 /usr/lib/gcc/msp430/4.5.3/../../../../msp430/lib/mmpy-16/libc.a(vuprintf.o)
 .debug_line    0x00000930       0x4d /usr/lib/gcc/msp430/4.5.3/../../../../msp430/lib/mmpy-16/libc.a(puts.o)
 .debug_line    0x0000097d       0x52 /usr/lib/gcc/msp430/4.5.3/../../../../msp430/lib/mmpy-16/libc.a(rand.o)
 .debug_line    0x000009cf       0x82 /usr/lib/gcc/msp430/4.5.3/mmpy-16/libcrt0.a(__init_stack.o)
 .debug_line    0x00000a51       0x84 /usr/lib/gcc/msp430/4.5.3/mmpy-16/libcrt0.a(__low_level_init.o)
 .debug_line    0x00000ad5       0x88 /usr/lib/gcc/msp430/4.5.3/mmpy-16/libcrt0.a(_copy_data.o)
 .debug_line    0x00000b5d       0x88 /usr/lib/gcc/msp430/4.5.3/mmpy-16/libcrt0.a(_clear_bss.o)
 .debug_line    0x00000be5       0x83 /usr/lib/gcc/msp430/4.5.3/mmpy-16/libcrt0.a(_endless_loop__.o)
 .debug_line    0x00000c68       0x82 /usr/lib/gcc/msp430/4.5.3/mmpy-16/libcrt0.a(_unexpected_.o)

.debug_frame    0x00000000      0x28e
 *(.debug_frame)
 .debug_frame   0x00000000       0x24 /usr/lib/gcc/msp430/4.5.3/../../../../msp430/lib/mmpy-16/libc.a(strncmp.o)
 .debug_frame   0x00000024       0x28 /usr/lib/gcc/msp430/4.5.3/../../../../msp430/lib/mmpy-16/libc.a(memcmp.o)
 .debug_frame   0x0000004c       0x24 /usr/lib/gcc/msp430/4.5.3/../../../../msp430/lib/mmpy-16/libc.a(strncpy.o)
 .debug_frame   0x00000070       0x32 /usr/lib/gcc/msp430/4.5.3/../../../../msp430/lib/mmpy-16/libc.a(memcpy.o)
 .debug_frame   0x000000a2       0x32 /usr/lib/gcc/msp430/4.5.3/../../../../msp430/lib/mmpy-16/libc.a(memmove.o)
 .debug_frame   0x000000d4       0x32 /usr/lib/gcc/msp430/4.5.3/../../../../msp430/lib/mmpy-16/libc.a(memset.o)
 .debug_frame   0x00000106       0x2a /usr/lib/gcc/msp430/4.5.3/../../../../msp430/lib/mmpy-16/libc.a(printf.o)
 .debug_frame   0x00000130       0x68 /usr/lib/gcc/msp430/4.5.3/../../../../msp430/lib/mmpy-16/libc.a(sprintf.o)
 .debug_frame   0x00000198       0x82 /usr/lib/gcc/msp430/4.5.3/../../../../msp430/lib/mmpy-16/libc.a(vuprintf.o)
 .debug_frame   0x0000021a       0x24 /usr/lib/gcc/msp430/4.5.3/../../../../msp430/lib/mmpy-16/libc.a(puts.o)
 .debug_frame   0x0000023e       0x50 /usr/lib/gcc/msp430/4.5.3/../../../../msp430/lib/mmpy-16/libc.a(rand.o)

.debug_str      0x00000000      0x397
 *(.debug_str)
 .debug_str     0x00000000       0x9b /usr/lib/gcc/msp430/4.5.3/../../../../msp430/lib/mmpy-16/libc.a(strncmp.o)
                                 0xd4 (size before relaxing)
 .debug_str     0x0000009b       0x19 /usr/lib/gcc/msp430/4.5.3/../../../../msp430/lib/mmpy-16/libc.a(memcmp.o)
                                 0xd2 (size before relaxing)
 .debug_str     0x000000b4       0x1b /usr/lib/gcc/msp430/4.5.3/../../../../msp430/lib/mmpy-16/libc.a(strncpy.o)
                                 0xd4 (size before relaxing)
 .debug_str     0x000000cf       0x34 /usr/lib/gcc/msp430/4.5.3/../../../../msp430/lib/mmpy-16/libc.a(memcpy.o)
                                 0xed (size before relaxing)
 .debug_str     0x00000103       0x1b /usr/lib/gcc/msp430/4.5.3/../../../../msp430/lib/mmpy-16/libc.a(memmove.o)
                                 0xef (size before relaxing)
 .debug_str     0x0000011e       0x26 /usr/lib/gcc/msp430/4.5.3/../../../../msp430/lib/mmpy-16/libc.a(memset.o)
                                 0xeb (size before relaxing)