Archive member included because of file (symbol)

contiki-sky.a(rimeaddr.o)     obj_sky/contiki-sky-main.o (rimeaddr_copy)
contiki-sky.a(nullrdc.o)      obj_sky/contiki-sky-main.o (nullrdc_driver)
contiki-sky.a(mac.o)          contiki-sky.a(nullrdc.o) (mac_call_sent_callback)
contiki-sky.a(framer-802154.o)
                              contiki-sky.a(nullrdc.o) (framer_802154)
contiki-sky.a(csma.o)         obj_sky/contiki-sky-main.o (csma_driver)
contiki-sky.a(process.o)      obj_sky/contiki-sky-main.o (process_init)
contiki-sky.a(autostart.o)    obj_sky/contiki-sky-main.o (autostart_start)
contiki-sky.a(memb.o)         contiki-sky.a(csma.o) (memb_init)
contiki-sky.a(timer.o)        obj_sky/contiki-sky-main.o (timer_set)
contiki-sky.a(list.o)         contiki-sky.a(csma.o) (list_init)
contiki-sky.a(etimer.o)       obj_sky/contiki-sky-main.o (etimer_process)
contiki-sky.a(ctimer.o)       obj_sky/contiki-sky-main.o (ctimer_init)
contiki-sky.a(energest.o)     obj_sky/contiki-sky-main.o (energest_init)
contiki-sky.a(rtimer.o)       obj_sky/contiki-sky-main.o (rtimer_init)
contiki-sky.a(random.o)       obj_sky/contiki-sky-main.o (random_init)
contiki-sky.a(packetbuf.o)    contiki-sky.a(framer-802154.o) (packetbuf_hdrreduce)
contiki-sky.a(queuebuf.o)     obj_sky/contiki-sky-main.o (queuebuf_init)
contiki-sky.a(sicslowpan.o)   obj_sky/contiki-sky-main.o (sicslowpan_driver)
contiki-sky.a(tcpip.o)        contiki-sky.a(sicslowpan.o) (tcpip_set_outputfunc)
contiki-sky.a(uip-ds6-route.o)
                              contiki-sky.a(tcpip.o) (uip_ds6_route_nexthop)
contiki-sky.a(uip-ds6-nbr.o)  contiki-sky.a(tcpip.o) (uip_ds6_nbr_add)
contiki-sky.a(uip-ds6.o)      contiki-sky.a(tcpip.o) (uip_ds6_is_addr_onlink)
contiki-sky.a(uip-nd6.o)      contiki-sky.a(tcpip.o) (uip_nd6_ns_output)
contiki-sky.a(uip6.o)         contiki-sky.a(sicslowpan.o) (uip_aligned_buf)
contiki-sky.a(er-coap-13.o)   er-example-server.co (coap_init_message)
contiki-sky.a(er-coap-13-engi)
                              er-example-server.co (coap_rest_implementation)
contiki-sky.a(er-coap-13-tran)
                              contiki-sky.a(er-coap-13-engi) (coap_register_as_transaction_handler)
contiki-sky.a(er-coap-13-obse)
                              contiki-sky.a(er-coap-13-tran) (coap_remove_observer_by_client)
contiki-sky.a(erbium.o)       er-example-server.co (rest_init_engine)
contiki-sky.a(contiki-sky-pla)
                              obj_sky/contiki-sky-main.o (init_platform)
contiki-sky.a(light-sensor.o)
                              er-example-server.co (light_sensor)
contiki-sky.a(button-sensor.o)
                              contiki-sky.a(contiki-sky-pla) (button_sensor)
contiki-sky.a(ds2411.o)       obj_sky/contiki-sky-main.o (ds2411_init)
contiki-sky.a(xmem.o)         obj_sky/contiki-sky-main.o (xmem_init)
contiki-sky.a(node-id.o)      obj_sky/contiki-sky-main.o (node_id_restore)
contiki-sky.a(sensors.o)      contiki-sky.a(button-sensor.o) (sensors_changed)
contiki-sky.a(cc2420.o)       obj_sky/contiki-sky-main.o (cc2420_set_pan_addr)
contiki-sky.a(cc2420-arch.o)  contiki-sky.a(cc2420.o) (cc2420_arch_init)
contiki-sky.a(sky-sensors.o)  contiki-sky.a(light-sensor.o) (sky_sensors_status)
contiki-sky.a(uart1.o)        obj_sky/contiki-sky-main.o (uart1_active)
contiki-sky.a(uart1-putchar.o)
                              obj_sky/contiki-sky-main.o (putchar)
contiki-sky.a(msp430.o)       contiki-sky.a(uart1.o) (msp430_add_lpm_req)
contiki-sky.a(clock.o)        contiki-sky.a(timer.o) (clock_time)
contiki-sky.a(leds.o)         obj_sky/contiki-sky-main.o (leds_init)
contiki-sky.a(leds-arch.o)    contiki-sky.a(leds.o) (leds_arch_init)
contiki-sky.a(watchdog.o)     obj_sky/contiki-sky-main.o (watchdog_start)
contiki-sky.a(rtimer-arch.o)  contiki-sky.a(rtimer.o) (rtimer_arch_init)
contiki-sky.a(frame802154.o)  contiki-sky.a(framer-802154.o) (frame802154_hdrlen)
contiki-sky.a(rpl.o)          contiki-sky.a(uip-ds6-nbr.o) (rpl_link_neighbor_callback)
contiki-sky.a(rpl-dag.o)      contiki-sky.a(rpl.o) (rpl_dag_init)
contiki-sky.a(rpl-icmp6.o)    contiki-sky.a(rpl.o) (dao_output_target)
contiki-sky.a(rpl-timers.o)   contiki-sky.a(rpl.o) (rpl_reset_periodic_timer)
contiki-sky.a(rpl-mrhof.o)    contiki-sky.a(rpl-dag.o) (rpl_mrhof)
contiki-sky.a(rpl-ext-header.)
                              contiki-sky.a(uip6.o) (rpl_verify_header)
contiki-sky.a(stimer.o)       contiki-sky.a(tcpip.o) (stimer_set)
contiki-sky.a(nbr-table.o)    contiki-sky.a(uip-ds6-route.o) (nbr_table_register)
contiki-sky.a(uip-icmp6.o)    contiki-sky.a(uip6.o) (uip_icmp6_echo_request_input)
contiki-sky.a(uip-udp-packet.)
                              contiki-sky.a(er-coap-13.o) (uip_udp_packet_send)
contiki-sky.a(spi.o)          contiki-sky.a(xmem.o) (spi_init)
/usr/lib/gcc/msp430/4.5.3/mmpy-16/libgcc.a(_mulsi3.o)
                              contiki-sky.a(csma.o) (__mulsi3)
[...]
Memory Configuration

Name             Origin             Length             Attributes
sfr              0x00000000         0x00000010
peripheral_8bit  0x00000010         0x000000f0
peripheral_16bit 0x00000100         0x00000100
infomem          0x00001000         0x00000100
infob            0x00001000         0x00000080
infoa            0x00001080         0x00000080
ram              0x00001100         0x00002800         xw
rom              0x00004000         0x0000bfe0         xr
vectors          0x0000ffe0         0x00000020
bsl              0x00000000         0x00000000
infoc            0x00000000         0x00000000
infod            0x00000000         0x00000000
far_rom          0x00000000         0x00000000
*default*        0x00000000         0xffffffff

Linker script and memory map

LOAD /usr/lib/gcc/msp430/4.5.3/mmpy-16/crt0ivtbl16.o
LOAD er-example-server.co
LOAD obj_sky/contiki-sky-main.o
LOAD contiki-sky.a
LOAD /usr/lib/gcc/msp430/4.5.3/mmpy-16/libgcc.a
LOAD /usr/lib/gcc/msp430/4.5.3/../../../../msp430/lib/mmpy-16/libc.a
LOAD /usr/lib/gcc/msp430/4.5.3/mmpy-16/libgcc.a
LOAD /usr/lib/gcc/msp430/4.5.3/mmpy-16/libcrt0.a
                0x00000000                __IE1 = 0x0
                0x00000002                __IFG1 = 0x2
                0x00000004                __ME1 = 0x4
                0x00000001                __IE2 = 0x1
                0x00000003                __IFG2 = 0x3
                0x00000005                __ME2 = 0x5
                0x00000120                __WDTCTL = 0x120
                0x00000130                __MPY = 0x130
                0x00000132                __MPYS = 0x132
                0x00000134                __MAC = 0x134
                0x00000136                __MACS = 0x136
                0x00000138                __OP2 = 0x138
                0x0000013a                __RESLO = 0x13a
                0x0000013c                __RESHI = 0x13c
                0x0000013e                __SUMEXT = 0x13e
                0x00000020                __P1IN = 0x20
                0x00000021                __P1OUT = 0x21
                0x00000022                __P1DIR = 0x22
                0x00000023                __P1IFG = 0x23
                0x00000024                __P1IES = 0x24
                0x00000025                __P1IE = 0x25
                0x00000026                __P1SEL = 0x26
                0x00000028                __P2IN = 0x28
                0x00000029                __P2OUT = 0x29
                0x0000002a                __P2DIR = 0x2a
                0x0000002b                __P2IFG = 0x2b
                0x0000002c                __P2IES = 0x2c
                0x0000002d                __P2IE = 0x2d
                0x0000002e                __P2SEL = 0x2e
                0x00000018                __P3IN = 0x18
                0x00000019                __P3OUT = 0x19
                0x0000001a                __P3DIR = 0x1a
                0x0000001b                __P3SEL = 0x1b
                0x0000001c                __P4IN = 0x1c
                0x0000001d                __P4OUT = 0x1d
                0x0000001e                __P4DIR = 0x1e
                0x0000001f                __P4SEL = 0x1f
                0x00000030                __P5IN = 0x30
                0x00000031                __P5OUT = 0x31
                0x00000032                __P5DIR = 0x32
                0x00000033                __P5SEL = 0x33
                0x00000034                __P6IN = 0x34
                0x00000035                __P6OUT = 0x35
                0x00000036                __P6DIR = 0x36
                0x00000037                __P6SEL = 0x37
                0x00000070                __U0CTL = 0x70
                0x00000071                __U0TCTL = 0x71
                0x00000072                __U0RCTL = 0x72
                0x00000073                __U0MCTL = 0x73
                0x00000074                __U0BR0 = 0x74
                0x00000075                __U0BR1 = 0x75
                0x00000076                __U0RXBUF = 0x76
                0x00000077                __U0TXBUF = 0x77
                0x00000078                __U1CTL = 0x78
                0x00000079                __U1TCTL = 0x79
                0x0000007a                __U1RCTL = 0x7a
                0x0000007b                __U1MCTL = 0x7b
                0x0000007c                __U1BR0 = 0x7c
                0x0000007d                __U1BR1 = 0x7d
                0x0000007e                __U1RXBUF = 0x7e
                0x0000007f                __U1TXBUF = 0x7f
                0x00000050                __I2CIE = 0x50
                0x00000051                __I2CIFG = 0x51
                0x00000052                __I2CNDAT = 0x52
                0x00000071                __I2CTCTL = 0x71
                0x00000072                __I2CDCTL = 0x72
                0x00000073                __I2CPSC = 0x73
                0x00000074                __I2CSCLH = 0x74
                0x00000075                __I2CSCLL = 0x75
                0x00000076                __I2CDRB = 0x76
                0x00000076                __I2CDRW = 0x76
                0x00000118                __I2COA = 0x118
                0x0000011a                __I2CSA = 0x11a
                0x0000011c                __I2CIV = 0x11c
                0x0000012e                __TAIV = 0x12e
                0x00000160                __TACTL = 0x160
                0x00000162                __TACCTL0 = 0x162
                0x00000164                __TACCTL1 = 0x164
                0x00000166                __TACCTL2 = 0x166
                0x00000170                __TAR = 0x170
                0x00000172                __TACCR0 = 0x172
                0x00000174                __TACCR1 = 0x174
                0x00000176                __TACCR2 = 0x176
                0x0000011e                __TBIV = 0x11e
                0x00000180                __TBCTL = 0x180
                0x00000182                __TBCCTL0 = 0x182
                0x00000184                __TBCCTL1 = 0x184
                0x00000186                __TBCCTL2 = 0x186
                0x00000188                __TBCCTL3 = 0x188
                0x0000018a                __TBCCTL4 = 0x18a
                0x0000018c                __TBCCTL5 = 0x18c
                0x0000018e                __TBCCTL6 = 0x18e
                0x00000190                __TBR = 0x190
                0x00000192                __TBCCR0 = 0x192
                0x00000194                __TBCCR1 = 0x194
                0x00000196                __TBCCR2 = 0x196
                0x00000198                __TBCCR3 = 0x198
                0x0000019a                __TBCCR4 = 0x19a
                0x0000019c                __TBCCR5 = 0x19c
                0x0000019e                __TBCCR6 = 0x19e
                0x00000056                __DCOCTL = 0x56
                0x00000057                __BCSCTL1 = 0x57
                0x00000058                __BCSCTL2 = 0x58
                0x00000055                __SVSCTL = 0x55
                0x00000128                __FCTL1 = 0x128
                0x0000012a                __FCTL2 = 0x12a
                0x0000012c                __FCTL3 = 0x12c
                0x00000059                __CACTL1 = 0x59
                0x0000005a                __CACTL2 = 0x5a
                0x0000005b                __CAPD = 0x5b
                0x000001a0                __ADC12CTL0 = 0x1a0
                0x000001a2                __ADC12CTL1 = 0x1a2
                0x000001a4                __ADC12IFG = 0x1a4
                0x000001a6                __ADC12IE = 0x1a6
                0x000001a8                __ADC12IV = 0x1a8
                0x00000140                __ADC12MEM0 = 0x140
                0x00000142                __ADC12MEM1 = 0x142
                0x00000144                __ADC12MEM2 = 0x144
                0x00000146                __ADC12MEM3 = 0x146
                0x00000148                __ADC12MEM4 = 0x148
                0x0000014a                __ADC12MEM5 = 0x14a
                0x0000014c                __ADC12MEM6 = 0x14c
                0x0000014e                __ADC12MEM7 = 0x14e
                0x00000150                __ADC12MEM8 = 0x150
                0x00000152                __ADC12MEM9 = 0x152
                0x00000154                __ADC12MEM10 = 0x154
                0x00000156                __ADC12MEM11 = 0x156
                0x00000158                __ADC12MEM12 = 0x158
                0x0000015a                __ADC12MEM13 = 0x15a
                0x0000015c                __ADC12MEM14 = 0x15c
                0x0000015e                __ADC12MEM15 = 0x15e
                0x00000080                __ADC12MCTL0 = 0x80
                0x00000081                __ADC12MCTL1 = 0x81
                0x00000082                __ADC12MCTL2 = 0x82
                0x00000083                __ADC12MCTL3 = 0x83
                0x00000084                __ADC12MCTL4 = 0x84
                0x00000085                __ADC12MCTL5 = 0x85
                0x00000086                __ADC12MCTL6 = 0x86
                0x00000087                __ADC12MCTL7 = 0x87
                0x00000088                __ADC12MCTL8 = 0x88
                0x00000089                __ADC12MCTL9 = 0x89
                0x0000008a                __ADC12MCTL10 = 0x8a
                0x0000008b                __ADC12MCTL11 = 0x8b
                0x0000008c                __ADC12MCTL12 = 0x8c
                0x0000008d                __ADC12MCTL13 = 0x8d
                0x0000008e                __ADC12MCTL14 = 0x8e
                0x0000008f                __ADC12MCTL15 = 0x8f
                0x000001c0                __DAC12_0CTL = 0x1c0
                0x000001c2                __DAC12_1CTL = 0x1c2
                0x000001c8                __DAC12_0DAT = 0x1c8
                0x000001ca                __DAC12_1DAT = 0x1ca
                0x00000122                __DMACTL0 = 0x122
                0x00000124                __DMACTL1 = 0x124
                0x000001e0                __DMA0CTL = 0x1e0
                0x000001e8                __DMA1CTL = 0x1e8
                0x000001f0                __DMA2CTL = 0x1f0
                0x000001e2                __DMA0SA = 0x1e2
                0x000001e4                __DMA0DA = 0x1e4
                0x000001e6                __DMA0SZ = 0x1e6
                0x000001ea                __DMA1SA = 0x1ea
                0x000001ec                __DMA1DA = 0x1ec
                0x000001ee                __DMA1SZ = 0x1ee
                0x000001f2                __DMA2SA = 0x1f2
                0x000001f4                __DMA2DA = 0x1f4
                0x000001f6                __DMA2SZ = 0x1f6

.hash
 *(.hash)

.dynsym
 *(.dynsym)

.dynstr
 *(.dynstr)

.gnu.version
 *(.gnu.version)

.gnu.version_d
 *(.gnu.version_d)

.gnu.version_r
 *(.gnu.version_r)

.rel.init
 *(.rel.init)

.rela.init
 *(.rela.init)

.rel.text
 *(.rel.text)
 *(.rel.text.*)
 *(.rel.gnu.linkonce.t*)

.rela.text
 *(.rela.text)
 *(.rela.text.*)
 *(.rela.gnu.linkonce.t*)

.rel.fini
 *(.rel.fini)

.rela.fini
 *(.rela.fini)

.rel.rodata
 *(.rel.rodata)
 *(.rel.rodata.*)
 *(.rel.gnu.linkonce.r*)

.rela.rodata
 *(.rela.rodata)
 *(.rela.rodata.*)
 *(.rela.gnu.linkonce.r*)

.rel.data
 *(.rel.data)
 *(.rel.data.*)
 *(.rel.gnu.linkonce.d*)

.rela.data
 *(.rela.data)
 *(.rela.data.*)
 *(.rela.gnu.linkonce.d*)

.rel.ctors
 *(.rel.ctors)

.rela.ctors
 *(.rela.ctors)

.rel.dtors
 *(.rel.dtors)

.rela.dtors
 *(.rela.dtors)

.rel.got
 *(.rel.got)

.rela.got
 *(.rela.got)

.rel.bss
 *(.rel.bss)

.rela.bss
 *(.rela.bss)

.rel.plt
 *(.rel.plt)

.rela.plt
 *(.rela.plt)

.text           0x00004000     0xba14
                0x00004000                . = ALIGN (0x2)
 *(.init)
 *(.init0)
 .init0         0x00004000        0x0 /usr/lib/gcc/msp430/4.5.3/mmpy-16/libcrt0.a(_reset_vector__.o)
                0x00004000                _reset_vector__
 *(.init1)
 *(.init2)
 .init2         0x00004000        0x4 /usr/lib/gcc/msp430/4.5.3/mmpy-16/libcrt0.a(__init_stack.o)
                0x00004000                __init_stack
 *(.init3)
 .init3         0x00004004        0xa /usr/lib/gcc/msp430/4.5.3/mmpy-16/libcrt0.a(__low_level_init.o)
                0x00004004                __low_level_init
 *(.init4)
 .init4         0x0000400e       0x16 /usr/lib/gcc/msp430/4.5.3/mmpy-16/libcrt0.a(_copy_data.o)
                0x0000400e                __do_copy_data
 .init4         0x00004024       0x14 /usr/lib/gcc/msp430/4.5.3/mmpy-16/libcrt0.a(_clear_bss.o)
                0x00004024                __do_clear_bss
 *(.init5)
 *(.init6)
 *(.init7)
 *(.init8)
 *(.init9)
 .init9         0x00004038      0x364 obj_sky/contiki-sky-main.o
                0x00004038                main
 *(.fini9)
 .fini9         0x0000439c        0x0 /usr/lib/gcc/msp430/4.5.3/mmpy-16/libcrt0.a(__stop_progExec__.o)
                0x0000439c                __stop_progExec__
 *(.fini8)
 *(.fini7)
 *(.fini6)
 *(.fini5)
 *(.fini4)
 *(.fini3)
 *(.fini2)
 *(.fini1)
 *(.fini0)
 .fini0         0x0000439c        0x6 /usr/lib/gcc/msp430/4.5.3/mmpy-16/libcrt0.a(_endless_loop__.o)
                0x0000439c                _endless_loop__
 *(.fini)
                0x000043a2                . = ALIGN (0x2)
                0x000043a2                __ctors_start = .
 *(.ctors)
                0x000043a2                __ctors_end = .
                0x000043a2                __dtors_start = .
 *(.dtors)
                0x000043a2                __dtors_end = .
                0x000043a2                . = ALIGN (0x2)
 *(.text)
 .text          0x000043a2        0x4 /usr/lib/gcc/msp430/4.5.3/mmpy-16/crt0ivtbl16.o
                0x000043a2                __isr_14
                0x000043a2                __isr_11
                0x000043a2                __isr_2
                0x000043a2                __isr_7
                0x000043a2                __isr_0
                0x000043a2                __isr_8
                0x000043a2                __isr_3
                0x000043a2                __isr_12
                0x000043a2                __isr_13
                0x000043a2                __isr_9
 .text          0x000043a6      0x204 er-example-server.co
                0x000045a6                autostart_processes
 .text          0x000045aa      0x12a obj_sky/contiki-sky-main.o
 .text          0x000046d4        0x8 contiki-sky.a(rimeaddr.o)
                0x000046d4                rimeaddr_null
 .text          0x000046dc       0x18 contiki-sky.a(nullrdc.o)
                0x000046e4                nullrdc_driver
 .text          0x000046f4        0x4 contiki-sky.a(framer-802154.o)
                0x000046f4                framer_802154
 .text          0x000046f8       0x14 contiki-sky.a(csma.o)
                0x000046fe                csma_driver
 .text          0x0000470c        0xc contiki-sky.a(etimer.o)
 .text          0x00004718        0xf contiki-sky.a(ctimer.o)
 *fill*         0x00004727        0x1 00
 .text          0x00004728       0x24 contiki-sky.a(sicslowpan.o)
                0x00004728                unc_llconf
                0x0000472c                unc_ctxconf
                0x00004730                unc_mxconf
                0x00004734                llprefix
                0x00004742                sicslowpan_driver
 .text          0x0000474c        0xd contiki-sky.a(tcpip.o)
 *fill*         0x00004759        0x1 00
 .text          0x0000475a       0xd2 contiki-sky.a(er-coap-13.o)
 .text          0x0000482c      0x102 contiki-sky.a(er-coap-13-engi)
                0x000048a2                coap_rest_implementation
 .text          0x0000492e       0x1d contiki-sky.a(er-coap-13-obse)
 .text          0x0000494b        0xd contiki-sky.a(erbium.o)
 .text          0x00004958        0xe contiki-sky.a(light-sensor.o)
                0x0000495e                light_sensor
 .text          0x00004966       0x10 contiki-sky.a(button-sensor.o)
                0x0000496e                button_sensor
 .text          0x00004976        0x8 contiki-sky.a(sensors.o)
 .text          0x0000497e       0x22 contiki-sky.a(cc2420.o)
                0x0000498c                cc2420_driver
 .text          0x000049a0        0x2 contiki-sky.a(frame802154.o)
 .text          0x000049a2       0x12 /usr/lib/gcc/msp430/4.5.3/../../../../msp430/lib/mmpy-16/libc.a(strchr.o)
                0x000049a2                strchr
 .text          0x000049b4       0x1c /usr/lib/gcc/msp430/4.5.3/../../../../msp430/lib/mmpy-16/libc.a(memchr.o)
                0x000049b4                memchr
 .text          0x000049d0       0x20 /usr/lib/gcc/msp430/4.5.3/../../../../msp430/lib/mmpy-16/libc.a(strcmp.o)
                0x000049d0                strcmp
 .text          0x000049f0       0x30 /usr/lib/gcc/msp430/4.5.3/../../../../msp430/lib/mmpy-16/libc.a(strncmp.o)
                0x000049f0                strncmp
 .text          0x00004a20       0x34 /usr/lib/gcc/msp430/4.5.3/../../../../msp430/lib/mmpy-16/libc.a(memcmp.o)
                0x00004a20                memcmp
 .text          0x00004a54      0x104 /usr/lib/gcc/msp430/4.5.3/../../../../msp430/lib/mmpy-16/libc.a(memcpy.o)
                0x00004a54                memcpy
 .text          0x00004b58      0x104 /usr/lib/gcc/msp430/4.5.3/../../../../msp430/lib/mmpy-16/libc.a(memmove.o)
                0x00004b58                memmove
 .text          0x00004c5c       0x66 /usr/lib/gcc/msp430/4.5.3/../../../../msp430/lib/mmpy-16/libc.a(memset.o)
                0x00004c5c                memset
 .text          0x00004cc2       0x56 /usr/lib/gcc/msp430/4.5.3/../../../../msp430/lib/mmpy-16/libc.a(strstr.o)
                0x00004cc2                strstr
 .text          0x00004d18       0x8a /usr/lib/gcc/msp430/4.5.3/../../../../msp430/lib/mmpy-16/libc.a(atoi.o)
                0x00004d18                atoi
 .text          0x00004da2       0x20 /usr/lib/gcc/msp430/4.5.3/../../../../msp430/lib/mmpy-16/libc.a(printf.o)
                0x00004da2                printf
                0x00004db4                vprintf
 .text          0x00004dc2       0xbc /usr/lib/gcc/msp430/4.5.3/../../../../msp430/lib/mmpy-16/libc.a(sprintf.o)
                0x00004e20                sprintf
                0x00004e3c                snprintf
                0x00004e56                vsprintf
                0x00004e6c                vsnprintf
 .text          0x00004e7e      0x476 /usr/lib/gcc/msp430/4.5.3/../../../../msp430/lib/mmpy-16/libc.a(vuprintf.o)
                0x00004f8a                vuprintf
 .text          0x000052f4       0x2c /usr/lib/gcc/msp430/4.5.3/../../../../msp430/lib/mmpy-16/libc.a(puts.o)
                0x000052f4                puts
 .text          0x00005320      0x134 /usr/lib/gcc/msp430/4.5.3/../../../../msp430/lib/mmpy-16/libc.a(rand.o)
                0x00005320                rand_r
                0x000053b4                rand
                0x0000544a                srand
                0x00005454                . = ALIGN (0x2)
 *(.text.*)
 .text.pushing_handler
                0x00005454       0x26 er-example-server.co
                0x00005454                pushing_handler
 .text.process_thread_rest_server_example
                0x0000547a       0x5e er-example-server.co
 .text.light_handler
                0x000054d8       0xaa er-example-server.co
                0x000054d8                light_handler
 .text.toggle_handler
                0x00005582        0x8 er-example-server.co
                0x00005582                toggle_handler
 .text.leds_handler
                0x0000558a       0xbe er-example-server.co
                0x0000558a                leds_handler
 .text.pushing_periodic_handler
                0x00005648       0x58 er-example-server.co
                0x00005648                pushing_periodic_handler
 .text.helloworld_handler
                0x000056a0       0x7a er-example-server.co
                0x000056a0                helloworld_handler
 .text.rimeaddr_copy
                0x0000571a        0x8 contiki-sky.a(rimeaddr.o)
                0x0000571a                rimeaddr_copy
 .text.rimeaddr_cmp
                0x00005722       0x12 contiki-sky.a(rimeaddr.o)
                0x00005722                rimeaddr_cmp
 .text.rimeaddr_set_node_addr
                0x00005734        0xc contiki-sky.a(rimeaddr.o)
                0x00005734                rimeaddr_set_node_addr
 .text.on       0x00005740        0x6 contiki-sky.a(nullrdc.o)
 .text.off      0x00005746       0x10 contiki-sky.a(nullrdc.o)
 .text.channel_check_interval
                0x00005756        0x4 contiki-sky.a(nullrdc.o)
 .text.init     0x0000575a        0x6 contiki-sky.a(nullrdc.o)
 .text.packet_input
                0x00005760       0x3c contiki-sky.a(nullrdc.o)
 .text.send_one_packet
                0x0000579c       0x6a contiki-sky.a(nullrdc.o)
 .text.send_list
                0x00005806       0x30 contiki-sky.a(nullrdc.o)
 .text.send_packet
                0x00005836        0x6 contiki-sky.a(nullrdc.o)
 .text.mac_call_sent_callback
                0x0000583c       0x14 contiki-sky.a(mac.o)
                0x0000583c                mac_call_sent_callback
 .text.parse    0x00005850       0xa8 contiki-sky.a(framer-802154.o)
 .text.create   0x000058f8      0x10a contiki-sky.a(framer-802154.o)
 .text.input_packet
                0x00005a02        0x6 contiki-sky.a(csma.o)
 .text.on       0x00005a08        0x6 contiki-sky.a(csma.o)
 .text.off      0x00005a0e        0x6 contiki-sky.a(csma.o)
 .text.channel_check_interval
                0x00005a14        0xc contiki-sky.a(csma.o)
 .text.transmit_packet_list
                0x00005a20       0x24 contiki-sky.a(csma.o)
 .text.send_packet
                0x00005a44      0x166 contiki-sky.a(csma.o)
 .text.free_packet
                0x00005baa       0x94 contiki-sky.a(csma.o)
 .text.packet_sent
                0x00005c3e      0x130 contiki-sky.a(csma.o)
 .text.init     0x00005d6e       0x1a contiki-sky.a(csma.o)
 .text.call_process
                0x00005d88       0x4c contiki-sky.a(process.o)
 .text.exit_process
                0x00005dd4       0x94 contiki-sky.a(process.o)
 .text.do_poll  0x00005e68       0x30 contiki-sky.a(process.o)
 .text.process_alloc_event
                0x00005e98        0xe contiki-sky.a(process.o)
                0x00005e98                process_alloc_event
 .text.process_init
                0x00005ea6       0x1c contiki-sky.a(process.o)
                0x00005ea6                process_init
 .text.process_run
                0x00005ec2       0x9c contiki-sky.a(process.o)
                0x00005ec2                process_run
 .text.process_nevents
                0x00005f5e        0xc contiki-sky.a(process.o)
                0x00005f5e                process_nevents
 .text.process_post
                0x00005f6a       0x54 contiki-sky.a(process.o)
                0x00005f6a                process_post
 .text.process_post_synch
                0x00005fbe       0x12 contiki-sky.a(process.o)
                0x00005fbe                process_post_synch
 .text.process_start
                0x00005fd0       0x32 contiki-sky.a(process.o)
                0x00005fd0                process_start
 .text.process_poll
                0x00006002       0x1a contiki-sky.a(process.o)
                0x00006002                process_poll
 .text.autostart_start
                0x0000601c       0x18 contiki-sky.a(autostart.o)
                0x0000601c                autostart_start
 .text.memb_init
                0x00006034       0x36 contiki-sky.a(memb.o)
                0x00006034                memb_init
 .text.memb_alloc
                0x0000606a       0x3e contiki-sky.a(memb.o)
                0x0000606a                memb_alloc
 .text.memb_free
                0x000060a8       0x3a contiki-sky.a(memb.o)
                0x000060a8                memb_free
 .text.memb_inmemb
                0x000060e2       0x2e contiki-sky.a(memb.o)
                0x000060e2                memb_inmemb
 .text.timer_set
                0x00006110       0x1c contiki-sky.a(timer.o)
                0x00006110                timer_set
 .text.timer_reset
                0x0000612c        0xe contiki-sky.a(timer.o)
                0x0000612c                timer_reset
 .text.timer_restart
                0x0000613a       0x14 contiki-sky.a(timer.o)
                0x0000613a                timer_restart
 .text.timer_expired
                0x0000614e       0x2e contiki-sky.a(timer.o)
                0x0000614e                timer_expired
 .text.list_init
                0x0000617c        0x6 contiki-sky.a(list.o)
                0x0000617c                list_init
 .text.list_head
                0x00006182        0x4 contiki-sky.a(list.o)
                0x00006182                list_head
 .text.list_tail
                0x00006186       0x14 contiki-sky.a(list.o)
                0x00006186                list_tail
 .text.list_remove
                0x0000619a       0x2e contiki-sky.a(list.o)
                0x0000619a                list_remove
 .text.list_push
                0x000061c8       0x1a contiki-sky.a(list.o)
                0x000061c8                list_push
 .text.list_add
                0x000061e2       0x2a contiki-sky.a(list.o)
                0x000061e2                list_add
 .text.list_length
                0x0000620c       0x10 contiki-sky.a(list.o)
                0x0000620c                list_length
 .text.list_item_next
                0x0000621c        0x8 contiki-sky.a(list.o)
                0x0000621c                list_item_next
 .text.update_time
                0x00006224       0x78 contiki-sky.a(etimer.o)
 .text.etimer_request_poll
                0x0000629c        0xa contiki-sky.a(etimer.o)
                0x0000629c                etimer_request_poll
 .text.process_thread_etimer_process
                0x000062a6       0xce contiki-sky.a(etimer.o)
 .text.add_timer
                0x00006374       0x40 contiki-sky.a(etimer.o)
 .text.etimer_set
                0x000063b4       0x12 contiki-sky.a(etimer.o)
                0x000063b4                etimer_set
 .text.etimer_reset
                0x000063c6       0x12 contiki-sky.a(etimer.o)
                0x000063c6                etimer_reset
 .text.etimer_restart
                0x000063d8       0x12 contiki-sky.a(etimer.o)
                0x000063d8                etimer_restart
 .text.etimer_expired
                0x000063ea        0xe contiki-sky.a(etimer.o)
                0x000063ea                etimer_expired
 .text.etimer_expiration_time
                0x000063f8       0x14 contiki-sky.a(etimer.o)
                0x000063f8                etimer_expiration_time
 .text.etimer_pending
                0x0000640c        0xe contiki-sky.a(etimer.o)
                0x0000640c                etimer_pending
 .text.etimer_next_expiration_time
                0x0000641a       0x16 contiki-sky.a(etimer.o)
                0x0000641a                etimer_next_expiration_time
 .text.etimer_stop
                0x00006430       0x3c contiki-sky.a(etimer.o)
                0x00006430                etimer_stop
 .text.process_thread_ctimer_process
                0x0000646c       0xa4 contiki-sky.a(ctimer.o)
 .text.ctimer_init
                0x00006510       0x18 contiki-sky.a(ctimer.o)
                0x00006510                ctimer_init
 .text.ctimer_set
                0x00006528       0x5a contiki-sky.a(ctimer.o)
                0x00006528                ctimer_set
 .text.ctimer_reset
                0x00006582       0x3a contiki-sky.a(ctimer.o)
                0x00006582                ctimer_reset
 .text.ctimer_stop
                0x000065bc       0x28 contiki-sky.a(ctimer.o)
                0x000065bc                ctimer_stop
 .text.energest_init
                0x000065e4       0x2a contiki-sky.a(energest.o)
                0x000065e4                energest_init
 .text.energest_type_time
                0x0000660e       0x44 contiki-sky.a(energest.o)
                0x0000660e                energest_type_time
 .text.energest_type_set
                0x00006652        0xe contiki-sky.a(energest.o)
                0x00006652                energest_type_set
 .text.energest_flush
                0x00006660       0x4a contiki-sky.a(energest.o)
                0x00006660                energest_flush
 .text.rtimer_init
                0x000066aa        0x6 contiki-sky.a(rtimer.o)
                0x000066aa                rtimer_init
 .text.rtimer_run_next
                0x000066b0       0x26 contiki-sky.a(rtimer.o)
                0x000066b0                rtimer_run_next
 .text.random_init
                0x000066d6        0x6 contiki-sky.a(random.o)
                0x000066d6                random_init
 .text.random_rand
                0x000066dc        0x6 contiki-sky.a(random.o)
                0x000066dc                random_rand
 .text.packetbuf_copyto_hdr
                0x000066e2       0x1c contiki-sky.a(packetbuf.o)
                0x000066e2                packetbuf_copyto_hdr
 .text.packetbuf_copyto
                0x000066fe       0x52 contiki-sky.a(packetbuf.o)
                0x000066fe                packetbuf_copyto
 .text.packetbuf_hdrreduce
                0x00006750       0x1a contiki-sky.a(packetbuf.o)
                0x00006750                packetbuf_hdrreduce
 .text.packetbuf_set_datalen
                0x0000676a        0x6 contiki-sky.a(packetbuf.o)
                0x0000676a                packetbuf_set_datalen
 .text.packetbuf_dataptr
                0x00006770        0xa contiki-sky.a(packetbuf.o)
                0x00006770                packetbuf_dataptr
 .text.packetbuf_hdrptr
                0x0000677a        0xa contiki-sky.a(packetbuf.o)
                0x0000677a                packetbuf_hdrptr
 .text.packetbuf_is_reference
                0x00006784        0xe contiki-sky.a(packetbuf.o)
                0x00006784                packetbuf_is_reference
 .text.packetbuf_reference_ptr
                0x00006792        0x6 contiki-sky.a(packetbuf.o)
                0x00006792                packetbuf_reference_ptr
 .text.packetbuf_datalen
                0x00006798        0x6 contiki-sky.a(packetbuf.o)
                0x00006798                packetbuf_datalen
 .text.packetbuf_totlen
                0x0000679e       0x10 contiki-sky.a(packetbuf.o)
                0x0000679e                packetbuf_totlen
 .text.packetbuf_hdralloc
                0x000067ae       0x2e contiki-sky.a(packetbuf.o)
                0x000067ae                packetbuf_hdralloc
 .text.packetbuf_attr_clear
                0x000067dc       0x32 contiki-sky.a(packetbuf.o)
                0x000067dc                packetbuf_attr_clear
 .text.packetbuf_clear
                0x0000680e       0x20 contiki-sky.a(packetbuf.o)
                0x0000680e                packetbuf_clear
 .text.packetbuf_copyfrom
                0x0000682e       0x2e contiki-sky.a(packetbuf.o)
                0x0000682e                packetbuf_copyfrom
 .text.packetbuf_attr_copyto
                0x0000685c       0x22 contiki-sky.a(packetbuf.o)
                0x0000685c                packetbuf_attr_copyto
 .text.packetbuf_attr_copyfrom
                0x0000687e       0x24 contiki-sky.a(packetbuf.o)
                0x0000687e                packetbuf_attr_copyfrom
 .text.queuebuf_init
                0x000068a2       0x1a contiki-sky.a(queuebuf.o)
                0x000068a2                queuebuf_init
 .text.queuebuf_new_from_packetbuf
                0x000068bc       0x80 contiki-sky.a(queuebuf.o)
                0x000068bc                queuebuf_new_from_packetbuf
 .text.queuebuf_update_attr_from_packetbuf
                0x0000693c       0x12 contiki-sky.a(queuebuf.o)
                0x0000693c                queuebuf_update_attr_from_packetbuf
 .text.queuebuf_free
                0x0000694e       0x46 contiki-sky.a(queuebuf.o)
                0x0000694e                queuebuf_free
 .text.queuebuf_to_packetbuf
                0x00006994       0x70 contiki-sky.a(queuebuf.o)
                0x00006994                queuebuf_to_packetbuf
 .text.queuebuf_attr
                0x00006a04        0xe contiki-sky.a(queuebuf.o)
                0x00006a04                queuebuf_attr
 .text.set_packet_attrs
                0x00006a12       0x44 contiki-sky.a(sicslowpan.o)
 .text.addr_context_lookup_by_number
                0x00006a56       0x36 contiki-sky.a(sicslowpan.o)
 .text.compress_addr_64
                0x00006a8c       0x92 contiki-sky.a(sicslowpan.o)
 .text.uncompress_addr
                0x00006b1e       0xae contiki-sky.a(sicslowpan.o)
 .text.input    0x00006bcc      0x646 contiki-sky.a(sicslowpan.o)
 .text.sicslowpan_init
                0x00007212       0x26 contiki-sky.a(sicslowpan.o)
                0x00007212                sicslowpan_init
 .text.addr_context_lookup_by_prefix
                0x00007238       0x4c contiki-sky.a(sicslowpan.o)
 .text.send_packet
                0x00007284       0x1a contiki-sky.a(sicslowpan.o)
 .text.output   0x0000729e      0x6ea contiki-sky.a(sicslowpan.o)
 .text.packet_sent
                0x00007988       0x22 contiki-sky.a(sicslowpan.o)
 .text.tcpip_output
                0x000079aa       0x10 contiki-sky.a(tcpip.o)
                0x000079aa                tcpip_output
 .text.tcpip_set_outputfunc
                0x000079ba        0x6 contiki-sky.a(tcpip.o)
                0x000079ba                tcpip_set_outputfunc
 .text.udp_new  0x000079c0       0x1a contiki-sky.a(tcpip.o)
                0x000079c0                udp_new
 .text.tcpip_input
                0x000079da       0x16 contiki-sky.a(tcpip.o)
                0x000079da                tcpip_input
 .text.tcpip_ipv6_output
                0x000079f0      0x166 contiki-sky.a(tcpip.o)
                0x000079f0                tcpip_ipv6_output
 .text.process_thread_tcpip_process
                0x00007b56       0xd4 contiki-sky.a(tcpip.o)
 .text.tcpip_uipcall
                0x00007c2a       0x2c contiki-sky.a(tcpip.o)
                0x00007c2a                tcpip_uipcall
 .text.call_route_callback
                0x00007c56       0x54 contiki-sky.a(uip-ds6-route.o)
 .text.uip_ds6_route_init
                0x00007caa       0x2e contiki-sky.a(uip-ds6-route.o)
                0x00007caa                uip_ds6_route_init
 .text.uip_ds6_route_nexthop
                0x00007cd8       0x16 contiki-sky.a(uip-ds6-route.o)
                0x00007cd8                uip_ds6_route_nexthop
 .text.uip_ds6_route_head
                0x00007cee       0x26 contiki-sky.a(uip-ds6-route.o)
                0x00007cee                uip_ds6_route_head
 .text.uip_ds6_route_next
                0x00007d14       0x3a contiki-sky.a(uip-ds6-route.o)
                0x00007d14                uip_ds6_route_next
 .text.uip_ds6_route_lookup
                0x00007d4e       0x5a contiki-sky.a(uip-ds6-route.o)
                0x00007d4e                uip_ds6_route_lookup
 .text.uip_ds6_route_add
                0x00007da8       0xba contiki-sky.a(uip-ds6-route.o)
                0x00007da8                uip_ds6_route_add
 .text.uip_ds6_route_rm
                0x00007e62       0x60 contiki-sky.a(uip-ds6-route.o)
                0x00007e62                uip_ds6_route_rm
 .text.rm_routelist
                0x00007ec2       0x30 contiki-sky.a(uip-ds6-route.o)
 .text.rm_routelist_callback
                0x00007ef2        0x6 contiki-sky.a(uip-ds6-route.o)
 .text.uip_ds6_defrt_rm
                0x00007ef8       0x48 contiki-sky.a(uip-ds6-route.o)
                0x00007ef8                uip_ds6_defrt_rm
 .text.uip_ds6_defrt_lookup
                0x00007f40       0x36 contiki-sky.a(uip-ds6-route.o)
                0x00007f40                uip_ds6_defrt_lookup
 .text.uip_ds6_defrt_add
                0x00007f76       0x74 contiki-sky.a(uip-ds6-route.o)
                0x00007f76                uip_ds6_defrt_add
 .text.uip_ds6_defrt_choose
                0x00007fea       0x3a contiki-sky.a(uip-ds6-route.o)
                0x00007fea                uip_ds6_defrt_choose
 .text.uip_ds6_defrt_periodic
                0x00008024       0x38 contiki-sky.a(uip-ds6-route.o)
                0x00008024                uip_ds6_defrt_periodic
 .text.uip_ds6_nbr_rm
                0x0000805c       0x1a contiki-sky.a(uip-ds6-nbr.o)
                0x0000805c                uip_ds6_nbr_rm
 .text.uip_ds6_neighbors_init
                0x00008076        0xe contiki-sky.a(uip-ds6-nbr.o)
                0x00008076                uip_ds6_neighbors_init
 .text.uip_ds6_nbr_add
                0x00008084       0x60 contiki-sky.a(uip-ds6-nbr.o)
                0x00008084                uip_ds6_nbr_add
 .text.uip_ds6_nbr_get_ll
                0x000080e4        0xc contiki-sky.a(uip-ds6-nbr.o)
                0x000080e4                uip_ds6_nbr_get_ll
 .text.uip_ds6_nbr_lookup
                0x000080f0       0x40 contiki-sky.a(uip-ds6-nbr.o)
                0x000080f0                uip_ds6_nbr_lookup
 .text.uip_ds6_nbr_ll_lookup
                0x00008130        0xc contiki-sky.a(uip-ds6-nbr.o)
                0x00008130                uip_ds6_nbr_ll_lookup
 .text.uip_ds6_nbr_ipaddr_from_lladdr
                0x0000813c        0x6 contiki-sky.a(uip-ds6-nbr.o)
                0x0000813c                uip_ds6_nbr_ipaddr_from_lladdr
 .text.uip_ds6_nbr_lladdr_from_ipaddr
                0x00008142       0x10 contiki-sky.a(uip-ds6-nbr.o)
                0x00008142                uip_ds6_nbr_lladdr_from_ipaddr
 .text.uip_ds6_link_neighbor_callback
                0x00008152       0x2a contiki-sky.a(uip-ds6-nbr.o)
                0x00008152                uip_ds6_link_neighbor_callback
 .text.uip_ds6_neighbor_periodic
                0x0000817c      0x114 contiki-sky.a(uip-ds6-nbr.o)
                0x0000817c                uip_ds6_neighbor_periodic
 .text.uip_ds6_list_loop
                0x00008290       0x82 contiki-sky.a(uip-ds6.o)
                0x00008290                uip_ds6_list_loop
 .text.uip_ds6_prefix_add
                0x00008312       0x80 contiki-sky.a(uip-ds6.o)
                0x00008312                uip_ds6_prefix_add
 .text.uip_ds6_is_addr_onlink
                0x00008392       0x50 contiki-sky.a(uip-ds6.o)
                0x00008392                uip_ds6_is_addr_onlink
 .text.uip_ds6_addr_lookup
                0x000083e2       0x2a contiki-sky.a(uip-ds6.o)
                0x000083e2                uip_ds6_addr_lookup
 .text.uip_ds6_get_link_local
                0x0000840c       0x3e contiki-sky.a(uip-ds6.o)
                0x0000840c                uip_ds6_get_link_local
 .text.uip_ds6_maddr_add
                0x0000844a       0x4c contiki-sky.a(uip-ds6.o)
                0x0000844a                uip_ds6_maddr_add
 .text.uip_ds6_addr_add
                0x00008496       0xca contiki-sky.a(uip-ds6.o)
                0x00008496                uip_ds6_addr_add
 .text.uip_ds6_maddr_lookup
                0x00008560       0x2a contiki-sky.a(uip-ds6.o)
                0x00008560                uip_ds6_maddr_lookup
 .text.uip_ds6_addr_rm
                0x0000858a       0x54 contiki-sky.a(uip-ds6.o)
                0x0000858a                uip_ds6_addr_rm
 .text.uip_ds6_periodic
                0x000085de       0x4a contiki-sky.a(uip-ds6.o)
                0x000085de                uip_ds6_periodic
 .text.uip_ds6_set_addr_iid
                0x00008628       0x14 contiki-sky.a(uip-ds6.o)
                0x00008628                uip_ds6_set_addr_iid
 .text.get_match_length
                0x0000863c       0x46 contiki-sky.a(uip-ds6.o)
                0x0000863c                get_match_length
 .text.uip_ds6_select_src
                0x00008682       0xaa contiki-sky.a(uip-ds6.o)
                0x00008682                uip_ds6_select_src
 .text.uip_ds6_compute_reachable_time
                0x0000872c       0x4a contiki-sky.a(uip-ds6.o)
                0x0000872c                uip_ds6_compute_reachable_time
 .text.uip_ds6_init
                0x00008776      0x15a contiki-sky.a(uip-ds6.o)
                0x00008776                uip_ds6_init
 .text.create_llao
                0x000088d0       0x2c contiki-sky.a(uip-nd6.o)
 .text.uip_nd6_ns_input
                0x000088fc      0x236 contiki-sky.a(uip-nd6.o)
                0x000088fc                uip_nd6_ns_input
 .text.uip_nd6_ns_output
                0x00008b32      0x16c contiki-sky.a(uip-nd6.o)
                0x00008b32                uip_nd6_ns_output
 .text.uip_nd6_na_input
                0x00008c9e      0x1b8 contiki-sky.a(uip-nd6.o)
                0x00008c9e                uip_nd6_na_input
 .text.chksum   0x00008e56       0x34 contiki-sky.a(uip6.o)
 .text.upper_layer_chksum
                0x00008e8a       0x54 contiki-sky.a(uip6.o)
 .text.ext_hdr_options_process
                0x00008ede       0xe0 contiki-sky.a(uip6.o)
 .text.uip_icmp6chksum
                0x00008fbe        0xa contiki-sky.a(uip6.o)
                0x00008fbe                uip_icmp6chksum
 .text.uip_udpchksum
                0x00008fc8        0xa contiki-sky.a(uip6.o)
                0x00008fc8                uip_udpchksum
 .text.uip_init
                0x00008fd2       0x32 contiki-sky.a(uip6.o)
                0x00008fd2                uip_init
 .text.remove_ext_hdr
                0x00009004       0x58 contiki-sky.a(uip6.o)
                0x00009004                remove_ext_hdr
 .text.uip_udp_new
                0x0000905c       0xee contiki-sky.a(uip6.o)
                0x0000905c                uip_udp_new
 .text.uip_process
                0x0000914a      0x500 contiki-sky.a(uip6.o)
                0x0000914a                uip_process
 .text.uip_htonl
                0x0000964a       0x3e contiki-sky.a(uip6.o)
                0x0000964a                uip_htonl
 .text.coap_log_2
                0x00009688       0x1c contiki-sky.a(er-coap-13.o)
 .text.coap_parse_int_option
                0x000096a4       0x3a contiki-sky.a(er-coap-13.o)
 .text.coap_set_option_header
                0x000096de       0xaa contiki-sky.a(er-coap-13.o)
 .text.coap_serialize_int_option
                0x00009788       0xdc contiki-sky.a(er-coap-13.o)
 .text.coap_serialize_array_option
                0x00009864       0xa0 contiki-sky.a(er-coap-13.o)
 .text.coap_get_variable
                0x00009904       0x94 contiki-sky.a(er-coap-13.o)
 .text.coap_merge_multi_option
                0x00009998       0x3e contiki-sky.a(er-coap-13.o)
 .text.coap_init_connection
                0x000099d6       0x22 contiki-sky.a(er-coap-13.o)
                0x000099d6                coap_init_connection
 .text.coap_get_mid
                0x000099f8        0xc contiki-sky.a(er-coap-13.o)
                0x000099f8                coap_get_mid
 .text.coap_init_message
                0x00009a04       0x30 contiki-sky.a(er-coap-13.o)
                0x00009a04                coap_init_message
 .text.coap_serialize_message
                0x00009a34      0x406 contiki-sky.a(er-coap-13.o)
                0x00009a34                coap_serialize_message
 .text.coap_send_message
                0x00009e3a       0x4e contiki-sky.a(er-coap-13.o)
                0x00009e3a                coap_send_message
 .text.coap_parse_message
                0x00009e88      0x474 contiki-sky.a(er-coap-13.o)
                0x00009e88                coap_parse_message
 .text.coap_get_query_variable
                0x0000a2fc       0x1c contiki-sky.a(er-coap-13.o)
                0x0000a2fc                coap_get_query_variable
 .text.coap_get_post_variable
                0x0000a318       0x20 contiki-sky.a(er-coap-13.o)
                0x0000a318                coap_get_post_variable
 .text.coap_set_status_code
                0x0000a338       0x12 contiki-sky.a(er-coap-13.o)
                0x0000a338                coap_set_status_code
 .text.coap_get_header_content_type
                0x0000a34a       0x14 contiki-sky.a(er-coap-13.o)
                0x0000a34a                coap_get_header_content_type
 .text.coap_set_header_content_type
                0x0000a35e        0xe contiki-sky.a(er-coap-13.o)
                0x0000a35e                coap_set_header_content_type
 .text.coap_get_header_accept
                0x0000a36c       0x1c contiki-sky.a(er-coap-13.o)
                0x0000a36c                coap_get_header_accept
 .text.coap_get_header_max_age
                0x0000a388       0x26 contiki-sky.a(er-coap-13.o)
                0x0000a388                coap_get_header_max_age
 .text.coap_set_header_max_age
                0x0000a3ae       0x12 contiki-sky.a(er-coap-13.o)
                0x0000a3ae                coap_set_header_max_age
 .text.coap_set_header_etag
                0x0000a3c0       0x2a contiki-sky.a(er-coap-13.o)
                0x0000a3c0                coap_set_header_etag
 .text.coap_get_header_if_match
                0x0000a3ea       0x1c contiki-sky.a(er-coap-13.o)
                0x0000a3ea                coap_get_header_if_match
 .text.coap_get_header_if_none_match
                0x0000a406       0x12 contiki-sky.a(er-coap-13.o)
                0x0000a406                coap_get_header_if_none_match
 .text.coap_set_header_token
                0x0000a418       0x24 contiki-sky.a(er-coap-13.o)
                0x0000a418                coap_set_header_token
 .text.coap_get_header_uri_host
                0x0000a43c       0x18 contiki-sky.a(er-coap-13.o)
                0x0000a43c                coap_get_header_uri_host
 .text.coap_get_header_uri_path
                0x0000a454       0x18 contiki-sky.a(er-coap-13.o)
                0x0000a454                coap_get_header_uri_path
 .text.coap_set_header_uri_path
                0x0000a46c       0x2a contiki-sky.a(er-coap-13.o)
                0x0000a46c                coap_set_header_uri_path
 .text.coap_get_header_uri_query
                0x0000a496       0x16 contiki-sky.a(er-coap-13.o)
                0x0000a496                coap_get_header_uri_query
 .text.coap_set_header_location_query
                0x0000a4ac       0x2c contiki-sky.a(er-coap-13.o)
                0x0000a4ac                coap_set_header_location_query
 .text.coap_set_header_location_path
                0x0000a4d8       0x5e contiki-sky.a(er-coap-13.o)
                0x0000a4d8                coap_set_header_location_path
 .text.coap_set_header_observe
                0x0000a536        0xe contiki-sky.a(er-coap-13.o)
                0x0000a536                coap_set_header_observe
 .text.coap_get_header_block2
                0x0000a544       0x4c contiki-sky.a(er-coap-13.o)
                0x0000a544                coap_get_header_block2
 .text.coap_set_header_block2
                0x0000a590       0x40 contiki-sky.a(er-coap-13.o)
                0x0000a590                coap_set_header_block2
 .text.coap_get_header_size
                0x0000a5d0       0x1e contiki-sky.a(er-coap-13.o)
                0x0000a5d0                coap_get_header_size
 .text.coap_set_header_size
                0x0000a5ee       0x12 contiki-sky.a(er-coap-13.o)
                0x0000a5ee                coap_set_header_size
 .text.coap_get_payload
                0x0000a600       0x1a contiki-sky.a(er-coap-13.o)
                0x0000a600                coap_get_payload
 .text.coap_set_payload
                0x0000a61a       0x16 contiki-sky.a(er-coap-13.o)
                0x0000a61a                coap_set_payload
 .text.coap_set_service_callback
                0x0000a630        0x6 contiki-sky.a(er-coap-13-engi)
                0x0000a630                coap_set_service_callback
 .text.coap_get_rest_method
                0x0000a636       0x14 contiki-sky.a(er-coap-13-engi)
                0x0000a636                coap_get_rest_method
 .text.process_thread_coap_receiver
                0x0000a64a      0x3f6 contiki-sky.a(er-coap-13-engi)
 .text.well_known_core_handler
                0x0000aa40      0x41c contiki-sky.a(er-coap-13-engi)
                0x0000aa40                well_known_core_handler
 .text.coap_receiver_init
                0x0000ae5c        0xc contiki-sky.a(er-coap-13-engi)
                0x0000ae5c                coap_receiver_init
 .text.coap_register_as_transaction_handler
                0x0000ae68        0x8 contiki-sky.a(er-coap-13-tran)
                0x0000ae68                coap_register_as_transaction_handler
 .text.coap_new_transaction
                0x0000ae70       0x4e contiki-sky.a(er-coap-13-tran)
                0x0000ae70                coap_new_transaction
 .text.coap_clear_transaction
                0x0000aebe       0x26 contiki-sky.a(er-coap-13-tran)
                0x0000aebe                coap_clear_transaction
 .text.coap_send_transaction
                0x0000aee4       0xba contiki-sky.a(er-coap-13-tran)
                0x0000aee4                coap_send_transaction
 .text.coap_get_transaction_by_mid
                0x0000af9e       0x1e contiki-sky.a(er-coap-13-tran)
                0x0000af9e                coap_get_transaction_by_mid
 .text.coap_check_transactions
                0x0000afbc       0x2e contiki-sky.a(er-coap-13-tran)
                0x0000afbc                coap_check_transactions
 .text.coap_remove_observer
                0x0000afea       0x1c contiki-sky.a(er-coap-13-obse)
                0x0000afea                coap_remove_observer
 .text.coap_remove_observer_by_client
                0x0000b006       0x4c contiki-sky.a(er-coap-13-obse)
                0x0000b006                coap_remove_observer_by_client
 .text.coap_remove_observer_by_url
                0x0000b052       0x7e contiki-sky.a(er-coap-13-obse)
                0x0000b052                coap_remove_observer_by_url
 .text.coap_add_observer
                0x0000b0d0       0x80 contiki-sky.a(er-coap-13-obse)
                0x0000b0d0                coap_add_observer
 .text.coap_remove_observer_by_mid
                0x0000b150       0x58 contiki-sky.a(er-coap-13-obse)
                0x0000b150                coap_remove_observer_by_mid
 .text.coap_notify_observers
                0x0000b1a8       0xc4 contiki-sky.a(er-coap-13-obse)
                0x0000b1a8                coap_notify_observers
 .text.coap_observe_handler
                0x0000b26c       0x98 contiki-sky.a(er-coap-13-obse)
                0x0000b26c                coap_observe_handler
 .text.process_thread_rest_manager_process
                0x0000b304       0xc4 contiki-sky.a(erbium.o)
 .text.rest_invoke_restful_service
                0x0000b3c8      0x116 contiki-sky.a(erbium.o)
                0x0000b3c8                rest_invoke_restful_service
 .text.rest_init_engine
                0x0000b4de       0x26 contiki-sky.a(erbium.o)
                0x0000b4de                rest_init_engine
 .text.rest_activate_resource
                0x0000b504       0x24 contiki-sky.a(erbium.o)
                0x0000b504                rest_activate_resource
 .text.rest_activate_periodic_resource
                0x0000b528       0x24 contiki-sky.a(erbium.o)
                0x0000b528                rest_activate_periodic_resource
 .text.rest_get_resources
                0x0000b54c        0x6 contiki-sky.a(erbium.o)
                0x0000b54c                rest_get_resources
 .text.init_platform
                0x0000b552        0xc contiki-sky.a(contiki-sky-pla)
                0x0000b552                init_platform
 .text.value    0x0000b55e       0x1a contiki-sky.a(light-sensor.o)
 .text.status   0x0000b578        0xc contiki-sky.a(light-sensor.o)
 .text.configure
                0x0000b584       0x10 contiki-sky.a(light-sensor.o)
 .text.status   0x0000b594       0x16 contiki-sky.a(button-sensor.o)
 .text.configure
                0x0000b5aa       0x4a contiki-sky.a(button-sensor.o)
 .text.value    0x0000b5f4       0x26 contiki-sky.a(button-sensor.o)
 .text.irq_p2   0x0000b61a       0x92 contiki-sky.a(button-sensor.o)
                0x0000b61a                irq_p2
                0x0000b61a                __isr_1
 .text.crc8_add
                0x0000b6ac       0x1a contiki-sky.a(ds2411.o)
 .text.owreadb  0x0000b6c6       0x56 contiki-sky.a(ds2411.o)
 .text.ds2411_init
                0x0000b71c      0x10a contiki-sky.a(ds2411.o)
                0x0000b71c                ds2411_init
 .text.wait_ready
                0x0000b826       0x4e contiki-sky.a(xmem.o)
 .text.xmem_init
                0x0000b874       0x3c contiki-sky.a(xmem.o)
                0x0000b874                xmem_init
 .text.xmem_pread
                0x0000b8b0       0xdc contiki-sky.a(xmem.o)
                0x0000b8b0                xmem_pread
 .text.node_id_restore
                0x0000b98c       0x38 contiki-sky.a(node-id.o)
                0x0000b98c                node_id_restore
 .text.get_sensor_index
                0x0000b9c4       0x22 contiki-sky.a(sensors.o)
 .text.process_thread_sensors_process
                0x0000b9e6       0xc2 contiki-sky.a(sensors.o)
 .text.sensors_changed
                0x0000baa8       0x14 contiki-sky.a(sensors.o)
                0x0000baa8                sensors_changed
 .text.strobe   0x0000babc       0x1e contiki-sky.a(cc2420.o)
 .text.status   0x0000bada       0x24 contiki-sky.a(cc2420.o)
 .text.getreg   0x0000bafe       0x50 contiki-sky.a(cc2420.o)
 .text.setreg   0x0000bb4e       0x48 contiki-sky.a(cc2420.o)
 .text.set_txpower
                0x0000bb96       0x2a contiki-sky.a(cc2420.o)
 .text.cc2420_receiving_packet
                0x0000bbc0       0x10 contiki-sky.a(cc2420.o)
 .text.pending_packet
                0x0000bbd0        0x8 contiki-sky.a(cc2420.o)
 .text.on       0x0000bbd8       0x46 contiki-sky.a(cc2420.o)
 .text.flushrx  0x0000bc1e       0x74 contiki-sky.a(cc2420.o)
 .text.off      0x0000bc92       0x78 contiki-sky.a(cc2420.o)
 .text.RELEASE_LOCK
                0x0000bd0a       0x28 contiki-sky.a(cc2420.o)
 .text.cc2420_prepare
                0x0000bd32       0x82 contiki-sky.a(cc2420.o)
 .text.cc2420_on
                0x0000bdb4       0x22 contiki-sky.a(cc2420.o)
                0x0000bdb4                cc2420_on
 .text.cc2420_off
                0x0000bdd6       0x30 contiki-sky.a(cc2420.o)
                0x0000bdd6                cc2420_off
 .text.cc2420_cca
                0x0000be06       0x7a contiki-sky.a(cc2420.o)
 .text.getrxdata
                0x0000be80       0x4e contiki-sky.a(cc2420.o)
 .text.cc2420_read
                0x0000bece       0xe6 contiki-sky.a(cc2420.o)
 .text.process_thread_cc2420_process
                0x0000bfb4       0x50 contiki-sky.a(cc2420.o)
 .text.cc2420_set_channel
                0x0000c004       0x7a contiki-sky.a(cc2420.o)
                0x0000c004                cc2420_set_channel
 .text.cc2420_set_pan_addr
                0x0000c07e      0x13a contiki-sky.a(cc2420.o)
                0x0000c07e                cc2420_set_pan_addr
 .text.cc2420_interrupt
                0x0000c1b8       0x20 contiki-sky.a(cc2420.o)
                0x0000c1b8                cc2420_interrupt
 .text.cc2420_get_txpower
                0x0000c1d8       0x1e contiki-sky.a(cc2420.o)
                0x0000c1d8                cc2420_get_txpower
 .text.cc2420_transmit
                0x0000c1f6      0x1a4 contiki-sky.a(cc2420.o)
 .text.cc2420_send
                0x0000c39a       0x12 contiki-sky.a(cc2420.o)
 .text.cc2420_set_cca_threshold
                0x0000c3ac       0x16 contiki-sky.a(cc2420.o)
                0x0000c3ac                cc2420_set_cca_threshold
 .text.cc2420_init
                0x0000c3c2       0xdc contiki-sky.a(cc2420.o)
                0x0000c3c2                cc2420_init
 .text.cc2420_port1_interrupt
                0x0000c49e       0x6a contiki-sky.a(cc2420-arch.o)
                0x0000c49e                __isr_4
                0x0000c49e                cc2420_port1_interrupt
 .text.cc2420_arch_init
                0x0000c508       0x1a contiki-sky.a(cc2420-arch.o)
                0x0000c508                cc2420_arch_init
 .text.sky_sensors_status
                0x0000c522       0x3c contiki-sky.a(sky-sensors.o)
                0x0000c522                sky_sensors_status
 .text.sky_sensors_configure
                0x0000c55e       0xf6 contiki-sky.a(sky-sensors.o)
                0x0000c55e                sky_sensors_configure
 .text.uart1_active
                0x0000c654       0x18 contiki-sky.a(uart1.o)
                0x0000c654                uart1_active
 .text.uart1_writeb
                0x0000c66c       0x1a contiki-sky.a(uart1.o)
                0x0000c66c                uart1_writeb
 .text.uart1_init
                0x0000c686       0xee contiki-sky.a(uart1.o)
                0x0000c686                uart1_init
 .text.putchar  0x0000c774        0xe contiki-sky.a(uart1-putchar.o)
                0x0000c774                putchar
 .text.msp430_init_dco
                0x0000c782       0x74 contiki-sky.a(msp430.o)
                0x0000c782                msp430_init_dco
 .text.msp430_add_lpm_req
                0x0000c7f6        0xa contiki-sky.a(msp430.o)
                0x0000c7f6                msp430_add_lpm_req
 .text.msp430_cpu_init
                0x0000c800       0x2a contiki-sky.a(msp430.o)
                0x0000c800                msp430_cpu_init
 .text.splhigh_
                0x0000c82a        0x8 contiki-sky.a(msp430.o)
                0x0000c82a                splhigh_
 .text.msp430_sync_dco
                0x0000c832       0x60 contiki-sky.a(msp430.o)
                0x0000c832                msp430_sync_dco
 .text.timera1  0x0000c892       0xee contiki-sky.a(clock.o)
                0x0000c892                __isr_5
                0x0000c892                timera1
 .text.clock_time
                0x0000c980       0x1a contiki-sky.a(clock.o)
                0x0000c980                clock_time
 .text.clock_init
                0x0000c99a       0x28 contiki-sky.a(clock.o)
                0x0000c99a                clock_init
 .text.clock_delay
                0x0000c9c2        0xc contiki-sky.a(clock.o)
                0x0000c9c2                clock_delay
 .text.clock_seconds
                0x0000c9ce       0x1a contiki-sky.a(clock.o)
                0x0000c9ce                clock_seconds
 .text.show_leds
                0x0000c9e8      0x10c contiki-sky.a(leds.o)
 .text.leds_init
                0x0000caf4        0xe contiki-sky.a(leds.o)
                0x0000caf4                leds_init
 .text.leds_on  0x0000cb02       0x14 contiki-sky.a(leds.o)
                0x0000cb02                leds_on
 .text.leds_off
                0x0000cb16       0x14 contiki-sky.a(leds.o)
                0x0000cb16                leds_off
 .text.leds_invert
                0x0000cb2a        0xa contiki-sky.a(leds.o)
                0x0000cb2a                leds_invert
 .text.leds_toggle
                0x0000cb34        0x6 contiki-sky.a(leds.o)
                0x0000cb34                leds_toggle
 .text.leds_arch_init
                0x0000cb3a        0xe contiki-sky.a(leds-arch.o)
                0x0000cb3a                leds_arch_init
 .text.leds_arch_set
                0x0000cb48       0x3a contiki-sky.a(leds-arch.o)
                0x0000cb48                leds_arch_set
 .text.watchdog_interrupt
                0x0000cb82        0x6 contiki-sky.a(watchdog.o)
                0x0000cb82                __isr_10
                0x0000cb82                watchdog_interrupt
 .text.watchdog_start
                0x0000cb88       0x14 contiki-sky.a(watchdog.o)
                0x0000cb88                watchdog_start
 .text.watchdog_periodic
                0x0000cb9c       0x12 contiki-sky.a(watchdog.o)
                0x0000cb9c                watchdog_periodic
 .text.watchdog_stop
                0x0000cbae       0x16 contiki-sky.a(watchdog.o)
                0x0000cbae                watchdog_stop
 .text.watchdog_init
                0x0000cbc4       0x14 contiki-sky.a(watchdog.o)
                0x0000cbc4                watchdog_init
 .text.rtimer_arch_init
                0x0000cbd8        0xe contiki-sky.a(rtimer-arch.o)
                0x0000cbd8                rtimer_arch_init
 .text.rtimer_arch_now
                0x0000cbe6        0xe contiki-sky.a(rtimer-arch.o)
                0x0000cbe6                rtimer_arch_now
 .text.timera0  0x0000cbf4       0x76 contiki-sky.a(rtimer-arch.o)
                0x0000cbf4                __isr_6
                0x0000cbf4                timera0
 .text.rtimer_arch_schedule
                0x0000cc6a        0x6 contiki-sky.a(rtimer-arch.o)
                0x0000cc6a                rtimer_arch_schedule
 .text.field_len
                0x0000cc70       0x98 contiki-sky.a(frame802154.o)
 .text.frame802154_hdrlen
                0x0000cd08       0x2e contiki-sky.a(frame802154.o)
                0x0000cd08                frame802154_hdrlen
 .text.frame802154_create
                0x0000cd36      0x16c contiki-sky.a(frame802154.o)
                0x0000cd36                frame802154_create
 .text.frame802154_parse
                0x0000cea2      0x19e contiki-sky.a(frame802154.o)
                0x0000cea2                frame802154_parse
 .text.rpl_purge_routes
                0x0000d040       0x96 contiki-sky.a(rpl.o)
                0x0000d040                rpl_purge_routes
 .text.rpl_remove_routes
                0x0000d0d6       0x22 contiki-sky.a(rpl.o)
                0x0000d0d6                rpl_remove_routes
 .text.rpl_remove_routes_by_nexthop
                0x0000d0f8       0x46 contiki-sky.a(rpl.o)
                0x0000d0f8                rpl_remove_routes_by_nexthop
 .text.rpl_add_route
                0x0000d13e       0x46 contiki-sky.a(rpl.o)
                0x0000d13e                rpl_add_route
 .text.rpl_link_neighbor_callback
                0x0000d184       0x6a contiki-sky.a(rpl.o)
                0x0000d184                rpl_link_neighbor_callback
 .text.rpl_ipv6_neighbor_callback
                0x0000d1ee       0x1e contiki-sky.a(rpl.o)
                0x0000d1ee                rpl_ipv6_neighbor_callback
 .text.rpl_init
                0x0000d20c       0x40 contiki-sky.a(rpl.o)
                0x0000d20c                rpl_init
 .text.lollipop_greater_than
                0x0000d24c       0x44 contiki-sky.a(rpl-dag.o)
 .text.find_parent_any_dag_any_instance
                0x0000d290       0x14 contiki-sky.a(rpl-dag.o)
 .text.rpl_set_preferred_parent
                0x0000d2a4       0x30 contiki-sky.a(rpl-dag.o)
 .text.set_ip_from_prefix
                0x0000d2d4       0x3a contiki-sky.a(rpl-dag.o)
 .text.check_prefix
                0x0000d30e       0x7c contiki-sky.a(rpl-dag.o)
 .text.rpl_dag_init
                0x0000d38a        0xe contiki-sky.a(rpl-dag.o)
                0x0000d38a                rpl_dag_init
 .text.rpl_get_parent_ipaddr
                0x0000d398       0x10 contiki-sky.a(rpl-dag.o)
                0x0000d398                rpl_get_parent_ipaddr
 .text.rpl_set_prefix
                0x0000d3a8       0x90 contiki-sky.a(rpl-dag.o)
                0x0000d3a8                rpl_set_prefix
 .text.rpl_set_default_route
                0x0000d438       0x62 contiki-sky.a(rpl-dag.o)
                0x0000d438                rpl_set_default_route
 .text.rpl_alloc_instance
                0x0000d49a       0x2c contiki-sky.a(rpl-dag.o)
                0x0000d49a                rpl_alloc_instance
 .text.rpl_add_parent
                0x0000d4c6       0x38 contiki-sky.a(rpl-dag.o)
                0x0000d4c6                rpl_add_parent
 .text.rpl_find_parent
                0x0000d4fe       0x1a contiki-sky.a(rpl-dag.o)
                0x0000d4fe                rpl_find_parent
 .text.rpl_find_parent_any_dag
                0x0000d518       0x26 contiki-sky.a(rpl-dag.o)
                0x0000d518                rpl_find_parent_any_dag
 .text.rpl_select_parent
                0x0000d53e       0x5c contiki-sky.a(rpl-dag.o)
                0x0000d53e                rpl_select_parent
 .text.rpl_select_dag
                0x0000d59a      0x1b4 contiki-sky.a(rpl-dag.o)
                0x0000d59a                rpl_select_dag
 .text.rpl_nullify_parent
                0x0000d74e       0x4e contiki-sky.a(rpl-dag.o)
                0x0000d74e                rpl_nullify_parent
 .text.rpl_remove_parent
                0x0000d79c       0x16 contiki-sky.a(rpl-dag.o)
                0x0000d79c                rpl_remove_parent
 .text.remove_parents.clone.2
                0x0000d7b2       0x32 contiki-sky.a(rpl-dag.o)
 .text.rpl_free_dag
                0x0000d7e4       0x36 contiki-sky.a(rpl-dag.o)
                0x0000d7e4                rpl_free_dag
 .text.rpl_free_instance
                0x0000d81a       0x5c contiki-sky.a(rpl-dag.o)
                0x0000d81a                rpl_free_instance
 .text.rpl_move_parent
                0x0000d876       0x6e contiki-sky.a(rpl-dag.o)
                0x0000d876                rpl_move_parent
 .text.rpl_get_any_dag
                0x0000d8e4       0x18 contiki-sky.a(rpl-dag.o)
                0x0000d8e4                rpl_get_any_dag
 .text.rpl_get_instance
                0x0000d8fc       0x16 contiki-sky.a(rpl-dag.o)
                0x0000d8fc                rpl_get_instance
 .text.get_dag  0x0000d912       0x5c contiki-sky.a(rpl-dag.o)
 .text.rpl_alloc_dag
                0x0000d96e       0x6a contiki-sky.a(rpl-dag.o)
                0x0000d96e                rpl_alloc_dag
 .text.rpl_repair_root
                0x0000d9d8       0x4c contiki-sky.a(rpl-dag.o)
                0x0000d9d8                rpl_repair_root
 .text.rpl_find_of
                0x0000da24       0x10 contiki-sky.a(rpl-dag.o)
                0x0000da24                rpl_find_of
 .text.rpl_join_instance
                0x0000da34      0x142 contiki-sky.a(rpl-dag.o)
                0x0000da34                rpl_join_instance
 .text.rpl_local_repair
                0x0000db76       0x7a contiki-sky.a(rpl-dag.o)
                0x0000db76                rpl_local_repair
 .text.rpl_process_parent_event
                0x0000dbf0       0x88 contiki-sky.a(rpl-dag.o)
                0x0000dbf0                rpl_process_parent_event
 .text.rpl_recalculate_ranks
                0x0000dc78       0x42 contiki-sky.a(rpl-dag.o)
                0x0000dc78                rpl_recalculate_ranks
 .text.rpl_add_dag
                0x0000dcba      0x116 contiki-sky.a(rpl-dag.o)
                0x0000dcba                rpl_add_dag
 .text.rpl_process_dio
                0x0000ddd0      0x272 contiki-sky.a(rpl-dag.o)
                0x0000ddd0                rpl_process_dio
 .text.get32    0x0000e042       0x46 contiki-sky.a(rpl-icmp6.o)
 .text.set32    0x0000e088       0x3c contiki-sky.a(rpl-icmp6.o)
 .text.get16    0x0000e0c4        0xe contiki-sky.a(rpl-icmp6.o)
 .text.set16    0x0000e0d2       0x10 contiki-sky.a(rpl-icmp6.o)
 .text.dis_output
                0x0000e0e2       0x50 contiki-sky.a(rpl-icmp6.o)
                0x0000e0e2                dis_output
 .text.dio_output
                0x0000e132      0x29e contiki-sky.a(rpl-icmp6.o)
                0x0000e132                dio_output
 .text.dao_output_target
                0x0000e3d0       0xde contiki-sky.a(rpl-icmp6.o)
                0x0000e3d0                dao_output_target
 .text.dao_output
                0x0000e4ae       0x7a contiki-sky.a(rpl-icmp6.o)
                0x0000e4ae                dao_output
 .text.dao_ack_output
                0x0000e528       0x3c contiki-sky.a(rpl-icmp6.o)
                0x0000e528                dao_ack_output
 .text.uip_rpl_input
                0x0000e564      0x548 contiki-sky.a(rpl-icmp6.o)
                0x0000e564                uip_rpl_input
 .text.new_dio_interval
                0x0000eaac       0xb8 contiki-sky.a(rpl-timers.o)
 .text.handle_dao_timer
                0x0000eb64       0x50 contiki-sky.a(rpl-timers.o)
 .text.handle_dio_timer
                0x0000ebb4       0x82 contiki-sky.a(rpl-timers.o)
 .text.handle_periodic_timer
                0x0000ec36       0x2e contiki-sky.a(rpl-timers.o)
 .text.rpl_reset_periodic_timer
                0x0000ec64       0x56 contiki-sky.a(rpl-timers.o)
                0x0000ec64                rpl_reset_periodic_timer
 .text.rpl_reset_dio_timer
                0x0000ecba       0x18 contiki-sky.a(rpl-timers.o)
                0x0000ecba                rpl_reset_dio_timer
 .text.rpl_schedule_dao
                0x0000ecd2       0x48 contiki-sky.a(rpl-timers.o)
                0x0000ecd2                rpl_schedule_dao
 .text.reset    0x0000ed1a        0x2 contiki-sky.a(rpl-mrhof.o)
 .text.neighbor_link_callback
                0x0000ed1c       0x7e contiki-sky.a(rpl-mrhof.o)
 .text.calculate_rank
                0x0000ed9a       0x30 contiki-sky.a(rpl-mrhof.o)
 .text.best_dag
                0x0000edca       0x34 contiki-sky.a(rpl-mrhof.o)
 .text.best_parent
                0x0000edfe       0x52 contiki-sky.a(rpl-mrhof.o)
 .text.update_metric_container
                0x0000ee50        0x6 contiki-sky.a(rpl-mrhof.o)
 .text.rpl_verify_header
                0x0000ee56       0xae contiki-sky.a(rpl-ext-header.)
                0x0000ee56                rpl_verify_header
 .text.rpl_update_header_empty
                0x0000ef04       0xf8 contiki-sky.a(rpl-ext-header.)
                0x0000ef04                rpl_update_header_empty
 .text.rpl_update_header_final
                0x0000effc       0x84 contiki-sky.a(rpl-ext-header.)
                0x0000effc                rpl_update_header_final
 .text.rpl_invert_header
                0x0000f080       0x5c contiki-sky.a(rpl-ext-header.)
                0x0000f080                rpl_invert_header
 .text.rpl_insert_header
                0x0000f0dc       0x18 contiki-sky.a(rpl-ext-header.)
                0x0000f0dc                rpl_insert_header
 .text.stimer_set
                0x0000f0f4       0x1c contiki-sky.a(stimer.o)
                0x0000f0f4                stimer_set
 .text.stimer_restart
                0x0000f110       0x14 contiki-sky.a(stimer.o)
                0x0000f110                stimer_restart
 .text.stimer_expired
                0x0000f124       0x42 contiki-sky.a(stimer.o)
                0x0000f124                stimer_expired
 .text.index_from_key
                0x0000f166       0xb4 contiki-sky.a(nbr-table.o)
 .text.item_from_key
                0x0000f21a       0x38 contiki-sky.a(nbr-table.o)
 .text.key_from_item
                0x0000f252       0x3a contiki-sky.a(nbr-table.o)
 .text.nbr_set_bit
                0x0000f28c       0x6e contiki-sky.a(nbr-table.o)
 .text.index_from_lladdr
                0x0000f2fa       0x42 contiki-sky.a(nbr-table.o)
 .text.nbr_get_bit.clone.0
                0x0000f33c       0x40 contiki-sky.a(nbr-table.o)
 .text.nbr_table_register
                0x0000f37c       0x26 contiki-sky.a(nbr-table.o)
                0x0000f37c                nbr_table_register
 .text.nbr_table_next
                0x0000f3a2       0x36 contiki-sky.a(nbr-table.o)
                0x0000f3a2                nbr_table_next
 .text.nbr_table_head
                0x0000f3d8       0x36 contiki-sky.a(nbr-table.o)
                0x0000f3d8                nbr_table_head
 .text.nbr_table_add_lladdr
                0x0000f40e      0x13e contiki-sky.a(nbr-table.o)
                0x0000f40e                nbr_table_add_lladdr
 .text.nbr_table_get_from_lladdr
                0x0000f54c       0x4c contiki-sky.a(nbr-table.o)
                0x0000f54c                nbr_table_get_from_lladdr
 .text.nbr_table_remove
                0x0000f598       0x32 contiki-sky.a(nbr-table.o)
                0x0000f598                nbr_table_remove
 .text.nbr_table_lock
                0x0000f5ca       0x10 contiki-sky.a(nbr-table.o)
                0x0000f5ca                nbr_table_lock
 .text.nbr_table_unlock
                0x0000f5da       0x10 contiki-sky.a(nbr-table.o)
                0x0000f5da                nbr_table_unlock
 .text.nbr_table_get_lladdr
                0x0000f5ea        0xc contiki-sky.a(nbr-table.o)
                0x0000f5ea                nbr_table_get_lladdr
 .text.uip_icmp6_echo_request_input
                0x0000f5f6      0x122 contiki-sky.a(uip-icmp6.o)
                0x0000f5f6                uip_icmp6_echo_request_input
 .text.uip_icmp6_error_output
                0x0000f718      0x16a contiki-sky.a(uip-icmp6.o)
                0x0000f718                uip_icmp6_error_output
 .text.uip_icmp6_send
                0x0000f882       0x94 contiki-sky.a(uip-icmp6.o)
                0x0000f882                uip_icmp6_send
 .text.uip_udp_packet_send
                0x0000f916       0x2e contiki-sky.a(uip-udp-packet.)
                0x0000f916                uip_udp_packet_send
 .text.spi_init
                0x0000f944       0x32 contiki-sky.a(spi.o)
                0x0000f944                spi_init
 .text.libgcc   0x0000f976       0x20 /usr/lib/gcc/msp430/4.5.3/mmpy-16/libgcc.a(_mulsi3.o)
                0x0000f976                __mulsi3
 .text.libgcc   0x0000f996       0x1c /usr/lib/gcc/msp430/4.5.3/mmpy-16/libgcc.a(_udivmodhi4.o)
                0x0000f996                __udivmodhi4
 .text.libgcc   0x0000f9b2       0x36 /usr/lib/gcc/msp430/4.5.3/mmpy-16/libgcc.a(_divmodhi4.o)
                0x0000f9b2                __divmodhi4
 .text.libgcc   0x0000f9e8       0x2a /usr/lib/gcc/msp430/4.5.3/mmpy-16/libgcc.a(_udivmodsi4.o)
                0x0000f9e8                __udivmodsi4
 .text.crt0     0x0000fa12        0x2 /usr/lib/gcc/msp430/4.5.3/mmpy-16/libcrt0.a(_unexpected_.o)
                0x0000fa12                _unexpected_

.rodata         0x0000fa14        0x0
                0x0000fa14                . = ALIGN (0x2)
 *(.rodata .rodata.* .gnu.linkonce.r.*)
                0x0000fa14                . = ALIGN (0x2)
                0x0000fa14                _etext = .

.data           0x00001100      0x160 load address 0x0000fa14
                0x00001100                . = ALIGN (0x2)
                0x00001100                PROVIDE (__data_start, .)
 *(.data)
 .data          0x00001100       0x7a er-example-server.co
                0x00001100                resource_helloworld
                0x00001112                resource_pushing
                0x00001124                periodic_resource_pushing
                0x0000113a                resource_leds
                0x0000114c                resource_toggle
                0x0000115e                resource_light
                0x00001170                rest_server_example
 .data          0x0000117a       0x18 contiki-sky.a(csma.o)
 .data          0x00001192        0xa contiki-sky.a(etimer.o)
                0x00001192                etimer_process
 .data          0x0000119c        0xa contiki-sky.a(ctimer.o)
                0x0000119c                ctimer_process
 .data          0x000011a6       0x18 contiki-sky.a(queuebuf.o)
 .data          0x000011be        0xa contiki-sky.a(tcpip.o)
                0x000011be                tcpip_process
 .data          0x000011c8       0x18 contiki-sky.a(uip-ds6-route.o)
 .data          0x000011e0        0xa contiki-sky.a(uip-ds6-nbr.o)
                0x000011e0                ds6_neighbors
 .data          0x000011ea        0x2 contiki-sky.a(er-coap-13.o)
                0x000011ea                coap_error_message
 .data          0x000011ec       0x1c contiki-sky.a(er-coap-13-engi)
                0x000011ec                coap_receiver
                0x000011f6                resource_well_known_core
 .data          0x00001208        0x8 contiki-sky.a(er-coap-13-tran)
 .data          0x00001210        0x8 contiki-sky.a(er-coap-13-obse)
 .data          0x00001218        0xa contiki-sky.a(erbium.o)
                0x00001218                rest_manager_process
 .data          0x00001222        0x4 contiki-sky.a(contiki-sky-pla)
                0x00001222                sensors
 .data          0x00001226        0xa contiki-sky.a(sensors.o)
                0x00001226                sensors_process
 .data          0x00001230        0xa contiki-sky.a(cc2420.o)
                0x00001230                cc2420_process
 .data          0x0000123a        0x2 contiki-sky.a(msp430.o)
 .data          0x0000123c        0x8 contiki-sky.a(rpl-dag.o)
 .data          0x00001244        0x1 contiki-sky.a(rpl-icmp6.o)
 *fill*         0x00001245        0x1 00
 .data          0x00001246        0xe contiki-sky.a(rpl-mrhof.o)
                0x00001246                rpl_mrhof
 .data          0x00001254        0x8 contiki-sky.a(nbr-table.o)
 .data          0x0000125c        0x4 /usr/lib/gcc/msp430/4.5.3/../../../../msp430/lib/mmpy-16/libc.a(rand.o)
 *(SORT(.data.*))
                0x00001260                . = ALIGN (0x2)
 *(.gnu.linkonce.d*)
                0x00001260                . = ALIGN (0x2)
                0x00001260                _edata = .
                0x0000fa14                PROVIDE (__data_load_start, LOADADDR (.data))
                0x00000160                PROVIDE (__data_size, SIZEOF (.data))

.bss            0x00001260     0x154e load address 0x0000fb74
                0x00001260                PROVIDE (__bss_start, .)
 *(.bss)
 .bss           0x00001260        0xe er-example-server.co
 .bss           0x0000126e        0xc obj_sky/contiki-sky-main.o
 .bss           0x0000127a        0x2 contiki-sky.a(framer-802154.o)
 .bss           0x0000127c       0x8a contiki-sky.a(csma.o)
 .bss           0x00001306       0x42 contiki-sky.a(process.o)
                0x00001306                process_list
                0x00001308                process_current
 .bss           0x00001348        0x6 contiki-sky.a(etimer.o)
 .bss           0x0000134e        0x4 contiki-sky.a(ctimer.o)
 .bss           0x00001352        0x2 contiki-sky.a(rtimer.o)
 .bss           0x00001354       0xba contiki-sky.a(packetbuf.o)
 .bss           0x0000140e      0x3c6 contiki-sky.a(queuebuf.o)
 .bss           0x000017d4      0x122 contiki-sky.a(sicslowpan.o)
 .bss           0x000018f6        0xe contiki-sky.a(tcpip.o)
 .bss           0x00001904      0x19e contiki-sky.a(uip-ds6-route.o)
 .bss           0x00001aa2      0x168 contiki-sky.a(uip-ds6-nbr.o)
 .bss           0x00001c0a       0x18 contiki-sky.a(uip-ds6.o)
 .bss           0x00001c22        0xa contiki-sky.a(uip-nd6.o)
 .bss           0x00001c2c        0xa contiki-sky.a(uip6.o)
                0x00001c2c                uip_ext_bitmap
                0x00001c2e                uip_ext_len
                0x00001c30                uip_ext_opt_offset
 .bss           0x00001c36        0x6 contiki-sky.a(er-coap-13.o)
                0x00001c36                coap_error_code
 .bss           0x00001c3c       0xf8 contiki-sky.a(er-coap-13-engi)
 .bss           0x00001d34      0x2c0 contiki-sky.a(er-coap-13-tran)
 .bss           0x00001ff4       0x94 contiki-sky.a(er-coap-13-obse)
 .bss           0x00002088        0x4 contiki-sky.a(erbium.o)
 .bss           0x0000208c        0x8 contiki-sky.a(button-sensor.o)
 .bss           0x00002094        0x2 contiki-sky.a(node-id.o)
                0x00002094                node_id
 .bss           0x00002096        0x6 contiki-sky.a(sensors.o)
 .bss           0x0000209c        0xa contiki-sky.a(cc2420.o)
 .bss           0x000020a6        0x4 contiki-sky.a(sky-sensors.o)
 .bss           0x000020aa       0x9a contiki-sky.a(uart1.o)
 .bss           0x00002144        0xa contiki-sky.a(clock.o)
 .bss           0x0000214e        0x2 contiki-sky.a(leds.o)
 .bss           0x00002150        0x2 contiki-sky.a(watchdog.o)
 .bss           0x00002152       0x64 contiki-sky.a(rpl-dag.o)
 .bss           0x000021b6       0x18 contiki-sky.a(rpl-timers.o)
 .bss           0x000021ce       0x96 contiki-sky.a(nbr-table.o)
 .bss           0x00002264       0x10 contiki-sky.a(uip-icmp6.o)
 .bss           0x00002274        0x4 /usr/lib/gcc/msp430/4.5.3/../../../../msp430/lib/mmpy-16/libc.a(sprintf.o)
 *(SORT(.bss.*))
 *(COMMON)
 COMMON         0x00002278        0x8 contiki-sky.a(rimeaddr.o)
                0x00002278                rimeaddr_node_addr
 COMMON         0x00002280        0x1 contiki-sky.a(process.o)
                0x00002280                process_maxevents
 *fill*         0x00002281        0x1 00
 COMMON         0x00002282       0x56 contiki-sky.a(energest.o)
                0x00002282                energest_total_time
                0x000022b2                energest_total_count
                0x000022b4                energest_current_mode
                0x000022c0                energest_current_time
 COMMON         0x000022d8       0x50 contiki-sky.a(packetbuf.o)
                0x000022d8                packetbuf_addrs
                0x000022f8                packetbuf_attrs
 COMMON         0x00002328        0x8 contiki-sky.a(sicslowpan.o)
                0x00002328                frag_sender
 COMMON         0x00002330        0x1 contiki-sky.a(tcpip.o)
                0x00002330                tcpip_event
 *fill*         0x00002331        0x1 00
 COMMON         0x00002332      0x15c contiki-sky.a(uip-ds6.o)
                0x00002332                uip_ds6_timer_ra
                0x0000233a                uip_ds6_if
                0x00002426                uip_ds6_netif_addr_list_offset
                0x00002427                uip_ds6_addr_size
                0x00002428                uip_ds6_prefix_list
                0x00002482                uip_ds6_timer_periodic
 COMMON         0x0000248e      0x240 contiki-sky.a(uip6.o)
                0x0000248e                uip_len
                0x00002490                uip_sappdata
                0x00002492                uip_lladdr
                0x0000249a                uip_aligned_buf
                0x0000258a                uip_flags
                0x0000258c                uip_next_hdr
                0x0000258e                uip_udp_conn
                0x00002590                uip_appdata
                0x00002592                uip_conn
                0x00002594                uip_slen
                0x00002596                uip_udp_conns
 COMMON         0x000026ce        0x2 contiki-sky.a(contiki-sky-pla)
                0x000026ce                sensors_flags
 COMMON         0x000026d0        0x8 contiki-sky.a(ds2411.o)
                0x000026d0                ds2411_id
 COMMON         0x000026d8        0x1 contiki-sky.a(sensors.o)
                0x000026d8                sensors_event
 *fill*         0x000026d9        0x1 00
 COMMON         0x000026da       0x14 contiki-sky.a(cc2420.o)
                0x000026da                cc2420_last_rssi
                0x000026dc                cc2420_packets_read
                0x000026de                cc2420_packets_seen
                0x000026e0                cc2420_sfd_start_time
                0x000026e2                cc2420_time_of_departure
                0x000026e4                cc2420_time_of_arrival
                0x000026e6                cc2420_last_correlation
                0x000026e8                cc2420_authority_level_of_sender
                0x000026ea                cc2420_sfd_counter
                0x000026ec                cc2420_sfd_end_time
 COMMON         0x000026ee        0x2 contiki-sky.a(msp430.o)
                0x000026ee                msp430_dco_required
 COMMON         0x000026f0       0xbe contiki-sky.a(rpl-dag.o)
                0x000026f0                default_instance
                0x000026f2                instance_table
                0x000027ae                PROVIDE (__bss_end, .)
                0x000027ae                _end = .
                0x0000154e                PROVIDE (__bss_size, SIZEOF (.bss))

.noinit         0x000027ae        0x0 load address 0x0000fb74
                0x000027ae                PROVIDE (__noinit_start, .)
 *(.noinit)
 *(.noinit.*)
 *(COMMON)
                0x000027ae                PROVIDE (__noinit_end, .)
                0x000027ae                _end = .

.infomem        0x00001000        0x0
 *(.infomem)
                0x00001000                . = ALIGN (0x2)
 *(.infomem.*)

.infomemnobits  0x00001000        0x0
                0x00001000                . = ALIGN (0x2)
 *(.infomemnobits)
                0x00001000                . = ALIGN (0x2)
 *(.infomemnobits.*)

.vectors        0x0000ffe0       0x20
                0x0000ffe0                PROVIDE (__vectors_start, .)
 *(.vectors*)
 .vectors       0x0000ffe0       0x20 /usr/lib/gcc/msp430/4.5.3/mmpy-16/crt0ivtbl16.o
                0x0000ffe0                __ivtbl_16
                0x00010000                _vectors_end = .

.fartext        0x00000000        0x0
                0x00000000                . = ALIGN (0x2)
 *(.fartext)
                0x00000000                . = ALIGN (0x2)
 *(.fartext.*)
                0x00000000                _efartext = .

.profiler
 *(.profiler)

.stab
 *(.stab)

.stabstr
 *(.stabstr)

.stab.excl
 *(.stab.excl)

.stab.exclstr
 *(.stab.exclstr)

.stab.index
 *(.stab.index)

.stab.indexstr
 *(.stab.indexstr)

.comment
 *(.comment)

.debug
 *(.debug)

.line
 *(.line)

.debug_srcinfo
 *(.debug_srcinfo)

.debug_sfnames
 *(.debug_sfnames)

.debug_aranges  0x00000000      0x1f4
 *(.debug_aranges)
 .debug_aranges
                0x00000000       0x14 /usr/lib/gcc/msp430/4.5.3/mmpy-16/libgcc.a(_mulsi3.o)
 .debug_aranges
                0x00000014       0x14 /usr/lib/gcc/msp430/4.5.3/mmpy-16/libgcc.a(_udivmodhi4.o)
 .debug_aranges
                0x00000028       0x14 /usr/lib/gcc/msp430/4.5.3/mmpy-16/libgcc.a(_divmodhi4.o)
 .debug_aranges
                0x0000003c       0x14 /usr/lib/gcc/msp430/4.5.3/mmpy-16/libgcc.a(_udivmodsi4.o)
 .debug_aranges
                0x00000050       0x14 /usr/lib/gcc/msp430/4.5.3/../../../../msp430/lib/mmpy-16/libc.a(strchr.o)
 .debug_aranges
                0x00000064       0x14 /usr/lib/gcc/msp430/4.5.3/../../../../msp430/lib/mmpy-16/libc.a(memchr.o)
 .debug_aranges
                0x00000078       0x14 /usr/lib/gcc/msp430/4.5.3/../../../../msp430/lib/mmpy-16/libc.a(strcmp.o)
 .debug_aranges
                0x0000008c       0x14 /usr/lib/gcc/msp430/4.5.3/../../../../msp430/lib/mmpy-16/libc.a(strncmp.o)
 .debug_aranges
                0x000000a0       0x14 /usr/lib/gcc/msp430/4.5.3/../../../../msp430/lib/mmpy-16/libc.a(memcmp.o)
 .debug_aranges
                0x000000b4       0x14 /usr/lib/gcc/msp430/4.5.3/../../../../msp430/lib/mmpy-16/libc.a(memcpy.o)
 .debug_aranges
                0x000000c8       0x14 /usr/lib/gcc/msp430/4.5.3/../../../../msp430/lib/mmpy-16/libc.a(memmove.o)
 .debug_aranges
                0x000000dc       0x14 /usr/lib/gcc/msp430/4.5.3/../../../../msp430/lib/mmpy-16/libc.a(memset.o)
 .debug_aranges
                0x000000f0       0x14 /usr/lib/gcc/msp430/4.5.3/../../../../msp430/lib/mmpy-16/libc.a(strstr.o)
 .debug_aranges
                0x00000104       0x14 /usr/lib/gcc/msp430/4.5.3/../../../../msp430/lib/mmpy-16/libc.a(atoi.o)
 .debug_aranges
                0x00000118       0x14 /usr/lib/gcc/msp430/4.5.3/../../../../msp430/lib/mmpy-16/libc.a(printf.o)
 .debug_aranges
                0x0000012c       0x14 /usr/lib/gcc/msp430/4.5.3/../../../../msp430/lib/mmpy-16/libc.a(sprintf.o)
 .debug_aranges
                0x00000140       0x14 /usr/lib/gcc/msp430/4.5.3/../../../../msp430/lib/mmpy-16/libc.a(vuprintf.o)
 .debug_aranges
                0x00000154       0x14 /usr/lib/gcc/msp430/4.5.3/../../../../msp430/lib/mmpy-16/libc.a(puts.o)
 .debug_aranges
                0x00000168       0x14 /usr/lib/gcc/msp430/4.5.3/../../../../msp430/lib/mmpy-16/libc.a(rand.o)
 .debug_aranges
                0x0000017c       0x14 /usr/lib/gcc/msp430/4.5.3/mmpy-16/libcrt0.a(__init_stack.o)
 .debug_aranges
                0x00000190       0x14 /usr/lib/gcc/msp430/4.5.3/mmpy-16/libcrt0.a(__low_level_init.o)
 .debug_aranges
                0x000001a4       0x14 /usr/lib/gcc/msp430/4.5.3/mmpy-16/libcrt0.a(_copy_data.o)
 .debug_aranges
                0x000001b8       0x14 /usr/lib/gcc/msp430/4.5.3/mmpy-16/libcrt0.a(_clear_bss.o)
 .debug_aranges
                0x000001cc       0x14 /usr/lib/gcc/msp430/4.5.3/mmpy-16/libcrt0.a(_endless_loop__.o)
 .debug_aranges
                0x000001e0       0x14 /usr/lib/gcc/msp430/4.5.3/mmpy-16/libcrt0.a(_unexpected_.o)

.debug_pubnames
                0x00000000      0x1fb
 *(.debug_pubnames)
 .debug_pubnames
                0x00000000       0x1d /usr/lib/gcc/msp430/4.5.3/../../../../msp430/lib/mmpy-16/libc.a(strchr.o)
 .debug_pubnames
                0x0000001d       0x1d /usr/lib/gcc/msp430/4.5.3/../../../../msp430/lib/mmpy-16/libc.a(memchr.o)
 .debug_pubnames
                0x0000003a       0x1d /usr/lib/gcc/msp430/4.5.3/../../../../msp430/lib/mmpy-16/libc.a(strcmp.o)
 .debug_pubnames
                0x00000057       0x1e /usr/lib/gcc/msp430/4.5.3/../../../../msp430/lib/mmpy-16/libc.a(strncmp.o)
 .debug_pubnames
                0x00000075       0x1d /usr/lib/gcc/msp430/4.5.3/../../../../msp430/lib/mmpy-16/libc.a(memcmp.o)
 .debug_pubnames
                0x00000092       0x1d /usr/lib/gcc/msp430/4.5.3/../../../../msp430/lib/mmpy-16/libc.a(memcpy.o)
 .debug_pubnames
                0x000000af       0x1e /usr/lib/gcc/msp430/4.5.3/../../../../msp430/lib/mmpy-16/libc.a(memmove.o)
 .debug_pubnames
                0x000000cd       0x1d /usr/lib/gcc/msp430/4.5.3/../../../../msp430/lib/mmpy-16/libc.a(memset.o)
 .debug_pubnames
                0x000000ea       0x1d /usr/lib/gcc/msp430/4.5.3/../../../../msp430/lib/mmpy-16/libc.a(strstr.o)
 .debug_pubnames
                0x00000107       0x1b /usr/lib/gcc/msp430/4.5.3/../../../../msp430/lib/mmpy-16/libc.a(atoi.o)
 .debug_pubnames
                0x00000122       0x29 /usr/lib/gcc/msp430/4.5.3/../../../../msp430/lib/mmpy-16/libc.a(printf.o)
 .debug_pubnames
                0x0000014b       0x46 /usr/lib/gcc/msp430/4.5.3/../../../../msp430/lib/mmpy-16/libc.a(sprintf.o)
 .debug_pubnames
                0x00000191       0x1f /usr/lib/gcc/msp430/4.5.3/../../../../msp430/lib/mmpy-16/libc.a(vuprintf.o)
 .debug_pubnames
                0x000001b0       0x1b /usr/lib/gcc/msp430/4.5.3/../../../../msp430/lib/mmpy-16/libc.a(puts.o)
 .debug_pubnames
                0x000001cb       0x30 /usr/lib/gcc/msp430/4.5.3/../../../../msp430/lib/mmpy-16/libc.a(rand.o)

.debug_info     0x00000000     0x1928
 *(.debug_info)
 .debug_info    0x00000000       0xd7 /usr/lib/gcc/msp430/4.5.3/mmpy-16/libgcc.a(_mulsi3.o)
 .debug_info    0x000000d7       0xd7 /usr/lib/gcc/msp430/4.5.3/mmpy-16/libgcc.a(_udivmodhi4.o)
 .debug_info    0x000001ae       0xd7 /usr/lib/gcc/msp430/4.5.3/mmpy-16/libgcc.a(_divmodhi4.o)
 .debug_info    0x00000285       0xd7 /usr/lib/gcc/msp430/4.5.3/mmpy-16/libgcc.a(_udivmodsi4.o)
 .debug_info    0x0000035c       0xa7 /usr/lib/gcc/msp430/4.5.3/../../../../msp430/lib/mmpy-16/libc.a(strchr.o)
 .debug_info    0x00000403       0xd8 /usr/lib/gcc/msp430/4.5.3/../../../../msp430/lib/mmpy-16/libc.a(memchr.o)
 .debug_info    0x000004db       0xa4 /usr/lib/gcc/msp430/4.5.3/../../../../msp430/lib/mmpy-16/libc.a(strcmp.o)
 .debug_info    0x0000057f       0xbd /usr/lib/gcc/msp430/4.5.3/../../../../msp430/lib/mmpy-16/libc.a(strncmp.o)
 .debug_info    0x0000063c       0xe2 /usr/lib/gcc/msp430/4.5.3/../../../../msp430/lib/mmpy-16/libc.a(memcmp.o)
 .debug_info    0x0000071e      0x113 /usr/lib/gcc/msp430/4.5.3/../../../../msp430/lib/mmpy-16/libc.a(memcpy.o)
 .debug_info    0x00000831      0x113 /usr/lib/gcc/msp430/4.5.3/../../../../msp430/lib/mmpy-16/libc.a(memmove.o)
 .debug_info    0x00000944       0xfe /usr/lib/gcc/msp430/4.5.3/../../../../msp430/lib/mmpy-16/libc.a(memset.o)
 .debug_info    0x00000a42       0xe0 /usr/lib/gcc/msp430/4.5.3/../../../../msp430/lib/mmpy-16/libc.a(strstr.o)
 .debug_info    0x00000b22       0xb4 /usr/lib/gcc/msp430/4.5.3/../../../../msp430/lib/mmpy-16/libc.a(atoi.o)
 .debug_info    0x00000bd6      0x103 /usr/lib/gcc/msp430/4.5.3/../../../../msp430/lib/mmpy-16/libc.a(printf.o)
 .debug_info    0x00000cd9      0x277 /usr/lib/gcc/msp430/4.5.3/../../../../msp430/lib/mmpy-16/libc.a(sprintf.o)
 .debug_info    0x00000f50      0x3b5 /usr/lib/gcc/msp430/4.5.3/../../../../msp430/lib/mmpy-16/libc.a(vuprintf.o)
 .debug_info    0x00001305       0x96 /usr/lib/gcc/msp430/4.5.3/../../../../msp430/lib/mmpy-16/libc.a(puts.o)
 .debug_info    0x0000139b      0x137 /usr/lib/gcc/msp430/4.5.3/../../../../msp430/lib/mmpy-16/libc.a(rand.o)
 .debug_info    0x000014d2       0xb9 /usr/lib/gcc/msp430/4.5.3/mmpy-16/libcrt0.a(__init_stack.o)
 .debug_info    0x0000158b       0xb9 /usr/lib/gcc/msp430/4.5.3/mmpy-16/libcrt0.a(__low_level_init.o)